
 Start         Length     Name                   Class
 0001:00000000 0006AA70H .text                   CODE
 0002:00000000 00004580H .data                   DATA
 0002:00004580 00000DADH .bss                    BSS


Detailed map of segments

 0001:00000000 0000531B C=CODE     S=.text    G=(none)   M=System   ACBP=A9
 0001:0000531C 000001CC C=CODE     S=.text    G=(none)   M=SysInit  ACBP=A9
 0001:000054E8 00000078 C=CODE     S=.text    G=(none)   M=Types    ACBP=A9
 0001:00005560 00000CD8 C=CODE     S=.text    G=(none)   M=Windows  ACBP=A9
 0001:00006238 00000038 C=CODE     S=.text    G=(none)   M=Messages ACBP=A9
 0001:00006270 00000318 C=CODE     S=.text    G=(none)   M=SysConst ACBP=A9
 0001:00006588 0000676C C=CODE     S=.text    G=(none)   M=SysUtils ACBP=A9
 0001:0000CCF4 000007FB C=CODE     S=.text    G=(none)   M=VarUtils ACBP=A9
 0001:0000D4F0 00002A42 C=CODE     S=.text    G=(none)   M=Variants ACBP=A9
 0001:0000FF34 00000138 C=CODE     S=.text    G=(none)   M=RTLConsts ACBP=A9
 0001:0001006C 000007E8 C=CODE     S=.text    G=(none)   M=TypInfo  ACBP=A9
 0001:00010854 00000044 C=CODE     S=.text    G=(none)   M=ActiveX  ACBP=A9
 0001:00010898 0000978A C=CODE     S=.text    G=(none)   M=Classes  ACBP=A9
 0001:0001A024 00000290 C=CODE     S=.text    G=(none)   M=Consts   ACBP=A9
 0001:0001A2B4 00007313 C=CODE     S=.text    G=(none)   M=Graphics ACBP=A9
 0001:000215C8 00000048 C=CODE     S=.text    G=(none)   M=Math     ACBP=A9
 0001:00021610 000002B8 C=CODE     S=.text    G=(none)   M=Contnrs  ACBP=A9
 0001:000218C8 000000F4 C=CODE     S=.text    G=(none)   M=CommCtrl ACBP=A9
 0001:000219BC 00000787 C=CODE     S=.text    G=(none)   M=MultiMon ACBP=A9
 0001:00022144 00000038 C=CODE     S=.text    G=(none)   M=Imm      ACBP=A9
 0001:0002217C 00000FF8 C=CODE     S=.text    G=(none)   M=HelpIntfs ACBP=A9
 0001:00023174 00000038 C=CODE     S=.text    G=(none)   M=WinSpool ACBP=A9
 0001:000231AC 00000044 C=CODE     S=.text    G=(none)   M=Printers ACBP=A9
 0001:000231F0 0000031F C=CODE     S=.text    G=(none)   M=FlatSB   ACBP=A9
 0001:00023510 000001A4 C=CODE     S=.text    G=(none)   M=SyncObjs ACBP=A9
 0001:000236B4 000009BB C=CODE     S=.text    G=(none)   M=UxTheme  ACBP=A9
 0001:00024070 00000038 C=CODE     S=.text    G=(none)   M=RichEdit ACBP=A9
 0001:000240A8 00000038 C=CODE     S=.text    G=(none)   M=ToolWin  ACBP=A9
 0001:000240E0 00000038 C=CODE     S=.text    G=(none)   M=ShellAPI ACBP=A9
 0001:00024118 00000038 C=CODE     S=.text    G=(none)   M=RegStr   ACBP=A9
 0001:00024150 00000038 C=CODE     S=.text    G=(none)   M=WinInet  ACBP=A9
 0001:00024188 00000038 C=CODE     S=.text    G=(none)   M=UrlMon   ACBP=A9
 0001:000241C0 00000050 C=CODE     S=.text    G=(none)   M=ShlObj   ACBP=A9
 0001:00024210 00000038 C=CODE     S=.text    G=(none)   M=CommDlg  ACBP=A9
 0001:00024248 00000038 C=CODE     S=.text    G=(none)   M=Dlgs     ACBP=A9
 0001:00024280 0000066D C=CODE     S=.text    G=(none)   M=Dialogs  ACBP=A9
 0001:000248F0 00000652 C=CODE     S=.text    G=(none)   M=ExtCtrls ACBP=A9
 0001:00024F44 00000038 C=CODE     S=.text    G=(none)   M=ComStrs  ACBP=A9
 0001:00024F7C 00000094 C=CODE     S=.text    G=(none)   M=Clipbrd  ACBP=A9
 0001:00025010 00000074 C=CODE     S=.text    G=(none)   M=StrUtils ACBP=A9
 0001:00025084 000000F5 C=CODE     S=.text    G=(none)   M=Buttons  ACBP=A9
 0001:0002517C 00000038 C=CODE     S=.text    G=(none)   M=ExtDlgs  ACBP=A9
 0001:000251B4 00000068 C=CODE     S=.text    G=(none)   M=IniFiles ACBP=A9
 0001:0002521C 0000086C C=CODE     S=.text    G=(none)   M=Registry ACBP=A9
 0001:00025A88 0000006C C=CODE     S=.text    G=(none)   M=Mapi     ACBP=A9
 0001:00025AF4 00000058 C=CODE     S=.text    G=(none)   M=ExtActns ACBP=A9
 0001:00025B4C 00000038 C=CODE     S=.text    G=(none)   M=ListActns ACBP=A9
 0001:00025B84 00000180 C=CODE     S=.text    G=(none)   M=ComCtrls ACBP=A9
 0001:00025D04 00000AF4 C=CODE     S=.text    G=(none)   M=Themes   ACBP=A9
 0001:000267F8 00003FD8 C=CODE     S=.text    G=(none)   M=StdCtrls ACBP=A9
 0001:0002A7D0 00000168 C=CODE     S=.text    G=(none)   M=StdActns ACBP=A9
 0001:0002A938 00000D1F C=CODE     S=.text    G=(none)   M=WinHelpViewer ACBP=A9
 0001:0002B658 00010B7B C=CODE     S=.text    G=(none)   M=Controls ACBP=A9
 0001:0003C1D4 00001292 C=CODE     S=.text    G=(none)   M=ActnList ACBP=A9
 0001:0003D468 000016E4 C=CODE     S=.text    G=(none)   M=ImgList  ACBP=A9
 0001:0003EB4C 000066AD C=CODE     S=.text    G=(none)   M=Menus    ACBP=A9
 0001:000451FC 0000C3F4 C=CODE     S=.text    G=(none)   M=Forms    ACBP=A9
 0001:000515F0 000001FC C=CODE     S=.text    G=(none)   M=HUtil32  ACBP=A9
 0001:000517EC 00000038 C=CODE     S=.text    G=(none)   M=PlugShare ACBP=A9
 0001:00051824 00000038 C=CODE     S=.text    G=(none)   M=DCPconst ACBP=A9
 0001:0005185C 00000398 C=CODE     S=.text    G=(none)   M=Base64   ACBP=A9
 0001:00051BF4 00001514 C=CODE     S=.text    G=(none)   M=Sha1     ACBP=A9
 0001:00053108 00001610 C=CODE     S=.text    G=(none)   M=DCPcrypt ACBP=A9
 0001:00054718 000024D8 C=CODE     S=.text    G=(none)   M=Mars     ACBP=A9
 0001:00056BF0 000011C4 C=CODE     S=.text    G=(none)   M=DES      ACBP=A9
 0001:00057DB4 00001018 C=CODE     S=.text    G=(none)   M=Cast256  ACBP=A9
 0001:00058DCC 00000038 C=CODE     S=.text    G=(none)   M=WinSock  ACBP=A9
 0001:00058E04 00000038 C=CODE     S=.text    G=(none)   M=JSocket  ACBP=A9
 0001:00058E3C 00000038 C=CODE     S=.text    G=(none)   M=Grobal2  ACBP=A9
 0001:00058E74 00000038 C=CODE     S=.text    G=(none)   M=Crc      ACBP=A9
 0001:00058EAC 000006E3 C=CODE     S=.text    G=(none)   M=EncryptUnit ACBP=A9
 0001:00059590 00000618 C=CODE     S=.text    G=(none)   M=MiTeC_Native ACBP=A9
 0001:00059BA8 00000038 C=CODE     S=.text    G=(none)   M=DateUtils ACBP=A9
 0001:00059BE0 00001708 C=CODE     S=.text    G=(none)   M=MiTeC_Routines ACBP=A9
 0001:0005B2E8 000006D8 C=CODE     S=.text    G=(none)   M=MSI_Common ACBP=A9
 0001:0005B9C0 00007630 C=CODE     S=.text    G=(none)   M=MSI_CPU  ACBP=A9
 0001:00062FF0 00001884 C=CODE     S=.text    G=(none)   M=MiTeC_WinIOCTL ACBP=A9
 0001:00064874 00000094 C=CODE     S=.text    G=(none)   M=MiTeC_StrUtils ACBP=A9
 0001:00064908 000016C8 C=CODE     S=.text    G=(none)   M=MSI_Storage ACBP=A9
 0001:00065FD0 00000038 C=CODE     S=.text    G=(none)   M=MSI_DMA  ACBP=A9
 0001:00066008 00001D04 C=CODE     S=.text    G=(none)   M=MSI_SMBIOS ACBP=A9
 0001:00067D0C 00000038 C=CODE     S=.text    G=(none)   M=MiTeC_NTDDK ACBP=A9
 0001:00067D44 000002E4 C=CODE     S=.text    G=(none)   M=MSI_Devices ACBP=A9
 0001:00068028 00000038 C=CODE     S=.text    G=(none)   M=MiTeC_Datetime ACBP=A9
 0001:00068060 000005F0 C=CODE     S=.text    G=(none)   M=MSI_Machine ACBP=A9
 0001:00068650 00000BF4 C=CODE     S=.text    G=(none)   M=MD5EncodeStr ACBP=A9
 0001:00069244 00000074 C=CODE     S=.text    G=(none)   M=Share    ACBP=A9
 0001:000692B8 0000040C C=CODE     S=.text    G=(none)   M=Main     ACBP=A9
 0001:000696C4 00000454 C=CODE     S=.text    G=(none)   M=RegistryFrm ACBP=A9
 0001:00069B18 00000AD8 C=CODE     S=.text    G=(none)   M=PlugMain ACBP=A9
 0001:0006A5F0 0000047E C=CODE     S=.text    G=(none)   M=RegistrySystem ACBP=A9
 0002:00000000 000000A0 C=DATA     S=.data    G=DGROUP   M=System   ACBP=A9
 0002:000000A0 00000030 C=DATA     S=.data    G=DGROUP   M=SysInit  ACBP=A9
 0002:000000D0 00000250 C=DATA     S=.data    G=DGROUP   M=SysUtils ACBP=A9
 0002:00000320 00000008 C=DATA     S=.data    G=DGROUP   M=VarUtils ACBP=A9
 0002:00000328 0000008E C=DATA     S=.data    G=DGROUP   M=Variants ACBP=A9
 0002:000003B8 0000000C C=DATA     S=.data    G=DGROUP   M=TypInfo  ACBP=A9
 0002:000003C4 00000064 C=DATA     S=.data    G=DGROUP   M=Classes  ACBP=A9
 0002:00000428 00000304 C=DATA     S=.data    G=DGROUP   M=Graphics ACBP=A9
 0002:0000072C 00000004 C=DATA     S=.data    G=DGROUP   M=Printers ACBP=A9
 0002:00000730 00000074 C=DATA     S=.data    G=DGROUP   M=Dialogs  ACBP=A9
 0002:000007A4 00000178 C=DATA     S=.data    G=DGROUP   M=ExtCtrls ACBP=A9
 0002:0000091C 0000002C C=DATA     S=.data    G=DGROUP   M=Buttons  ACBP=A9
 0002:00000948 00000008 C=DATA     S=.data    G=DGROUP   M=IniFiles ACBP=A9
 0002:00000950 00000008 C=DATA     S=.data    G=DGROUP   M=Registry ACBP=A9
 0002:00000958 00000008 C=DATA     S=.data    G=DGROUP   M=Mapi     ACBP=A9
 0002:00000960 00000018 C=DATA     S=.data    G=DGROUP   M=ComCtrls ACBP=A9
 0002:00000978 00000068 C=DATA     S=.data    G=DGROUP   M=Themes   ACBP=A9
 0002:000009E0 0000004C C=DATA     S=.data    G=DGROUP   M=StdCtrls ACBP=A9
 0002:00000A2C 0000013C C=DATA     S=.data    G=DGROUP   M=Controls ACBP=A9
 0002:00000B68 00000020 C=DATA     S=.data    G=DGROUP   M=ImgList  ACBP=A9
 0002:00000B88 000000EC C=DATA     S=.data    G=DGROUP   M=Menus    ACBP=A9
 0002:00000C74 0000011C C=DATA     S=.data    G=DGROUP   M=Forms    ACBP=A9
 0002:00000D90 000000B0 C=DATA     S=.data    G=DGROUP   M=HUtil32  ACBP=A9
 0002:00000E40 00000040 C=DATA     S=.data    G=DGROUP   M=Base64   ACBP=A9
 0002:00000E80 00000028 C=DATA     S=.data    G=DGROUP   M=Sha1     ACBP=A9
 0002:00000EA8 000008C4 C=DATA     S=.data    G=DGROUP   M=Mars     ACBP=A9
 0002:0000176C 00001068 C=DATA     S=.data    G=DGROUP   M=DES      ACBP=A9
 0002:000027D4 000010A8 C=DATA     S=.data    G=DGROUP   M=Cast256  ACBP=A9
 0002:0000387C 0000003E C=DATA     S=.data    G=DGROUP   M=EncryptUnit ACBP=A9
 0002:000038BC 00000100 C=DATA     S=.data    G=DGROUP   M=MiTeC_Native ACBP=A9
 0002:000039BC 000000F0 C=DATA     S=.data    G=DGROUP   M=MSI_CPU  ACBP=A9
 0002:00003AAC 00000010 C=DATA     S=.data    G=DGROUP   M=MiTeC_StrUtils ACBP=A9
 0002:00003ABC 00000598 C=DATA     S=.data    G=DGROUP   M=MSI_SMBIOS ACBP=A9
 0002:00004054 00000098 C=DATA     S=.data    G=DGROUP   M=MSI_Devices ACBP=A9
 0002:000040EC 00000050 C=DATA     S=.data    G=DGROUP   M=MD5EncodeStr ACBP=A9
 0002:0000413C 00000010 C=DATA     S=.data    G=DGROUP   M=Share    ACBP=A9
 0002:00005000 0000065C C=BSS      S=.bss     G=DGROUP   M=System   ACBP=A9
 0002:0000565C 00000014 C=BSS      S=.bss     G=DGROUP   M=SysInit  ACBP=A9
 0002:00005670 00000004 C=BSS      S=.bss     G=DGROUP   M=Types    ACBP=A9
 0002:00005674 00000004 C=BSS      S=.bss     G=DGROUP   M=Windows  ACBP=A9
 0002:00005678 00000004 C=BSS      S=.bss     G=DGROUP   M=Messages ACBP=A9
 0002:0000567C 00000004 C=BSS      S=.bss     G=DGROUP   M=SysConst ACBP=A9
 0002:00005680 00000120 C=BSS      S=.bss     G=DGROUP   M=SysUtils ACBP=A9
 0002:000057A0 0000005C C=BSS      S=.bss     G=DGROUP   M=VarUtils ACBP=A9
 0002:000057FC 00000040 C=BSS      S=.bss     G=DGROUP   M=Variants ACBP=A9
 0002:0000583C 00000004 C=BSS      S=.bss     G=DGROUP   M=RTLConsts ACBP=A9
 0002:00005840 00000004 C=BSS      S=.bss     G=DGROUP   M=TypInfo  ACBP=A9
 0002:00005844 00000004 C=BSS      S=.bss     G=DGROUP   M=ActiveX  ACBP=A9
 0002:00005848 00000040 C=BSS      S=.bss     G=DGROUP   M=Classes  ACBP=A9
 0002:00005888 00000004 C=BSS      S=.bss     G=DGROUP   M=Consts   ACBP=A9
 0002:0000588C 00000060 C=BSS      S=.bss     G=DGROUP   M=Graphics ACBP=A9
 0002:000058EC 00000004 C=BSS      S=.bss     G=DGROUP   M=Math     ACBP=A9
 0002:000058F0 00000004 C=BSS      S=.bss     G=DGROUP   M=Contnrs  ACBP=A9
 0002:000058F4 00000004 C=BSS      S=.bss     G=DGROUP   M=CommCtrl ACBP=A9
 0002:000058F8 00000031 C=BSS      S=.bss     G=DGROUP   M=MultiMon ACBP=A9
 0002:0000592C 00000004 C=BSS      S=.bss     G=DGROUP   M=Imm      ACBP=A9
 0002:00005930 00000008 C=BSS      S=.bss     G=DGROUP   M=HelpIntfs ACBP=A9
 0002:00005938 00000004 C=BSS      S=.bss     G=DGROUP   M=WinSpool ACBP=A9
 0002:0000593C 00000004 C=BSS      S=.bss     G=DGROUP   M=Printers ACBP=A9
 0002:00005940 00000034 C=BSS      S=.bss     G=DGROUP   M=FlatSB   ACBP=A9
 0002:00005974 00000004 C=BSS      S=.bss     G=DGROUP   M=SyncObjs ACBP=A9
 0002:00005978 000000CC C=BSS      S=.bss     G=DGROUP   M=UxTheme  ACBP=A9
 0002:00005A44 00000004 C=BSS      S=.bss     G=DGROUP   M=RichEdit ACBP=A9
 0002:00005A48 00000004 C=BSS      S=.bss     G=DGROUP   M=ToolWin  ACBP=A9
 0002:00005A4C 00000004 C=BSS      S=.bss     G=DGROUP   M=ShellAPI ACBP=A9
 0002:00005A50 00000004 C=BSS      S=.bss     G=DGROUP   M=RegStr   ACBP=A9
 0002:00005A54 00000004 C=BSS      S=.bss     G=DGROUP   M=WinInet  ACBP=A9
 0002:00005A58 00000004 C=BSS      S=.bss     G=DGROUP   M=UrlMon   ACBP=A9
 0002:00005A5C 00000004 C=BSS      S=.bss     G=DGROUP   M=ShlObj   ACBP=A9
 0002:00005A60 00000004 C=BSS      S=.bss     G=DGROUP   M=CommDlg  ACBP=A9
 0002:00005A64 00000004 C=BSS      S=.bss     G=DGROUP   M=Dlgs     ACBP=A9
 0002:00005A68 0000000C C=BSS      S=.bss     G=DGROUP   M=Dialogs  ACBP=A9
 0002:00005A74 00000004 C=BSS      S=.bss     G=DGROUP   M=ExtCtrls ACBP=A9
 0002:00005A78 00000004 C=BSS      S=.bss     G=DGROUP   M=ComStrs  ACBP=A9
 0002:00005A7C 0000000C C=BSS      S=.bss     G=DGROUP   M=Clipbrd  ACBP=A9
 0002:00005A88 00000004 C=BSS      S=.bss     G=DGROUP   M=StrUtils ACBP=A9
 0002:00005A8C 00000030 C=BSS      S=.bss     G=DGROUP   M=Buttons  ACBP=A9
 0002:00005ABC 00000004 C=BSS      S=.bss     G=DGROUP   M=ExtDlgs  ACBP=A9
 0002:00005AC0 00000004 C=BSS      S=.bss     G=DGROUP   M=IniFiles ACBP=A9
 0002:00005AC4 00000004 C=BSS      S=.bss     G=DGROUP   M=Registry ACBP=A9
 0002:00005AC8 00000004 C=BSS      S=.bss     G=DGROUP   M=Mapi     ACBP=A9
 0002:00005ACC 00000009 C=BSS      S=.bss     G=DGROUP   M=ExtActns ACBP=A9
 0002:00005AD8 00000004 C=BSS      S=.bss     G=DGROUP   M=ListActns ACBP=A9
 0002:00005ADC 00000010 C=BSS      S=.bss     G=DGROUP   M=ComCtrls ACBP=A9
 0002:00005AEC 00000008 C=BSS      S=.bss     G=DGROUP   M=Themes   ACBP=A9
 0002:00005AF4 00000004 C=BSS      S=.bss     G=DGROUP   M=StdCtrls ACBP=A9
 0002:00005AF8 00000004 C=BSS      S=.bss     G=DGROUP   M=StdActns ACBP=A9
 0002:00005AFC 00000014 C=BSS      S=.bss     G=DGROUP   M=WinHelpViewer ACBP=A9
 0002:00005B10 00000080 C=BSS      S=.bss     G=DGROUP   M=Controls ACBP=A9
 0002:00005B90 00000004 C=BSS      S=.bss     G=DGROUP   M=ActnList ACBP=A9
 0002:00005B94 0000000C C=BSS      S=.bss     G=DGROUP   M=ImgList  ACBP=A9
 0002:00005BA0 00000010 C=BSS      S=.bss     G=DGROUP   M=Menus    ACBP=A9
 0002:00005BB0 00000020 C=BSS      S=.bss     G=DGROUP   M=Forms    ACBP=A9
 0002:00005BD0 00000004 C=BSS      S=.bss     G=DGROUP   M=HUtil32  ACBP=A9
 0002:00005BD4 00000004 C=BSS      S=.bss     G=DGROUP   M=PlugShare ACBP=A9
 0002:00005BD8 00000004 C=BSS      S=.bss     G=DGROUP   M=DCPconst ACBP=A9
 0002:00005BDC 00000004 C=BSS      S=.bss     G=DGROUP   M=Base64   ACBP=A9
 0002:00005BE0 00000004 C=BSS      S=.bss     G=DGROUP   M=Sha1     ACBP=A9
 0002:00005BE4 00000004 C=BSS      S=.bss     G=DGROUP   M=DCPcrypt ACBP=A9
 0002:00005BE8 00000004 C=BSS      S=.bss     G=DGROUP   M=Mars     ACBP=A9
 0002:00005BEC 00000004 C=BSS      S=.bss     G=DGROUP   M=DES      ACBP=A9
 0002:00005BF0 00000004 C=BSS      S=.bss     G=DGROUP   M=Cast256  ACBP=A9
 0002:00005BF4 00000004 C=BSS      S=.bss     G=DGROUP   M=WinSock  ACBP=A9
 0002:00005BF8 00000004 C=BSS      S=.bss     G=DGROUP   M=JSocket  ACBP=A9
 0002:00005BFC 00000004 C=BSS      S=.bss     G=DGROUP   M=Grobal2  ACBP=A9
 0002:00005C00 00000004 C=BSS      S=.bss     G=DGROUP   M=Crc      ACBP=A9
 0002:00005C04 00000014 C=BSS      S=.bss     G=DGROUP   M=EncryptUnit ACBP=A9
 0002:00005C18 00000004 C=BSS      S=.bss     G=DGROUP   M=MiTeC_Native ACBP=A9
 0002:00005C1C 00000004 C=BSS      S=.bss     G=DGROUP   M=DateUtils ACBP=A9
 0002:00005C20 000000A8 C=BSS      S=.bss     G=DGROUP   M=MiTeC_Routines ACBP=A9
 0002:00005CC8 00000004 C=BSS      S=.bss     G=DGROUP   M=MSI_Common ACBP=A9
 0002:00005CCC 00000008 C=BSS      S=.bss     G=DGROUP   M=MSI_CPU  ACBP=A9
 0002:00005CD4 00000004 C=BSS      S=.bss     G=DGROUP   M=MiTeC_WinIOCTL ACBP=A9
 0002:00005CD8 00000004 C=BSS      S=.bss     G=DGROUP   M=MiTeC_StrUtils ACBP=A9
 0002:00005CDC 00000004 C=BSS      S=.bss     G=DGROUP   M=MSI_Storage ACBP=A9
 0002:00005CE0 00000004 C=BSS      S=.bss     G=DGROUP   M=MSI_DMA  ACBP=A9
 0002:00005CE4 00000004 C=BSS      S=.bss     G=DGROUP   M=MSI_SMBIOS ACBP=A9
 0002:00005CE8 00000004 C=BSS      S=.bss     G=DGROUP   M=MiTeC_NTDDK ACBP=A9
 0002:00005CEC 00000004 C=BSS      S=.bss     G=DGROUP   M=MSI_Devices ACBP=A9
 0002:00005CF0 00000004 C=BSS      S=.bss     G=DGROUP   M=MiTeC_Datetime ACBP=A9
 0002:00005CF4 00000004 C=BSS      S=.bss     G=DGROUP   M=MSI_Machine ACBP=A9
 0002:00005CF8 00000004 C=BSS      S=.bss     G=DGROUP   M=MD5EncodeStr ACBP=A9
 0002:00005CFC 000000A0 C=BSS      S=.bss     G=DGROUP   M=Share    ACBP=A9
 0002:00005D9C 00000004 C=BSS      S=.bss     G=DGROUP   M=Main     ACBP=A9
 0002:00005DA0 00000008 C=BSS      S=.bss     G=DGROUP   M=RegistryFrm ACBP=A9
 0002:00005DA8 00000004 C=BSS      S=.bss     G=DGROUP   M=PlugMain ACBP=A9


  Address         Publics by Name

 0002:00005D98       .1
 0002:00005C1C       .1
 0002:00005B04       .1
 0002:00005D9C       .1
 0002:00005A88       .1
 0002:00005678       .1
 0002:0000567C       .1
 0002:00005CF8       .1
 0002:00005670       .1
 0002:00005A78       .1
 0002:00005CA4       .1
 0002:00005CF0       .1
 0002:00005888       .1
 0002:00005BF4       .1
 0002:00005AC8       .1
 0002:0000583C       .1
 0002:00005BDC       .1
 0002:00005A64       .1
 0002:000058F4       .1
 0002:00005BD8       .1
 0002:00005918       .1
 0002:00005DA8       .1
 0002:00005668       .1
 0002:00005A60       .1
 0002:00005A5C       .1
 0002:00005A58       .1
 0002:0000592C       .1
 0002:00005A54       .1
 0002:00005A50       .1
 0002:00005CD4       .1
 0002:00005A4C       .1
 0002:00005C00       .1
 0002:00005960       .1
 0002:00005BD4       .1
 0002:00005C04       .1
 0002:00005A34       .1
 0002:00005A44       .1
 0002:00005A68       .11
 0002:00005890       .12
 0002:00005A74       .12
 0002:00005A80       .2
 0002:00005CDC       .2
 0002:00005BF0       .2
 0002:00005CC8       .2
 0002:00005DA4       .2
 0002:00005BE8       .2
 0002:00005AEC       .2
 0002:00005CE8       .2
 0002:00005CEC       .2
 0002:00005930       .2
 0002:000058EC       .2
 0002:00005CE0       .2
 0002:00005BE0       .2
 0002:000058F0       .21
 0002:00005BFC       .3
 0002:00005B94       .3
 0002:00005CF4       .3
 0002:00005674       .3
 0002:00005ABC       .3
 0002:00005CD8       .3
 0002:00005938       .3
 0002:0000593C       .3
 0002:00005844       .3
 0002:00005CE4       .33
 0002:00005790       .35
 0002:00005ADC       .36
 0002:00005BEC       .4
 0002:00005A8C       .4
 0002:00005C18       .4
 0002:00005BD0       .4
 0002:00005A48       .4
 0002:00005BB8       .41
 0002:00005BF8       .41
 0002:00005AF4       .42
 0002:00005854       .45
 0002:000055B4       .5
 0002:000057F8       .5
 0002:00005AC4       .5
 0002:00005974       .6
 0002:00005840       .6
 0002:00005BE4       .7
 0002:00005CD0       .7
 0002:00005B18       .72
 0002:00005ACC       .72
 0002:00005AF8       .73
 0002:00005AD8       .8
 0002:00005AC0       .8
 0002:00005B90       .8
 0002:0000581C       .81
 0002:00005BA8       .9
 0001:00001EAC       @AbstractError
 0001:00002A2C       @AfterConstruction
 0001:00002870       @AsClass
 0001:00002014       @AStrCmp
 0001:00002A3C       @BeforeDestruction
 0001:000025F0       @BoundErr
 0001:000028BC       @CallDynaInst
 0001:000029D4       @ClassCreate
 0001:00002A24       @ClassDestroy
 0001:00001F1C       @Close
 0001:00001BF4       @Copy
 0001:0000418C       @CopyArray
 0001:00004070       @CopyRecord
 0001:00004280       @DispCallByIDError
 0001:0000DF90       @DispInvokeError
 0001:00002EB8       @DoneExcept
 0001:0000454C       @DynArrayAsg
 0001:00004510       @DynArrayClear
 0001:00004330       @DynArrayHigh
 0001:00004328       @DynArrayLength
 0001:00004504       @DynArraySetLength
 0001:00002FA0       @ExceptionHandler
 0001:00002084       @FillChar
 0001:0000404C       @Finalize
 0001:00003F60       @FinalizeArray
 0001:00003F14       @FinalizeRecord
 0001:000025E4       @FpuInit
 0001:00002520       @FpuMaskInit
 0001:00001A68       @FreeMem
 0001:00001A38       @GetMem
 0001:0000541C       @GetTls
 0001:00003498       @Halt
 0001:000033B8       @Halt0
 0001:00002B50       @HandleAnyException
 0001:00002E04       @HandleFinally
 0001:00002C7C       @HandleOnException
 0001:00003E80       @InitializeArray
 0001:00003E50       @InitializeRecord
 0001:0000327C       @InitImports
 0001:00005468       @InitLib
 0001:00003254       @InitResStringImports
 0001:00003230       @InitResStrings
 0001:00004CD8       @IntfAddRef
 0001:00004CA8       @IntfCast
 0001:00004C64       @IntfClear
 0001:00004C7C       @IntfCopy
 0001:0000284C       @IsClass
 0001:000024F0       @isNECWindows
 0001:00003960       @LStrAddRef
 0001:000034D4       @LStrArrayClr
 0001:00003504       @LStrAsg
 0001:00003778       @LStrCat
 0001:000037BC       @LStrCat3
 0001:00003830       @LStrCatN
 0001:000034B0       @LStrClr
 0001:000038BC       @LStrCmp
 0001:000039D0       @LStrCopy
 0001:00003A10       @LStrDelete
 0001:00003720       @LStrFromArray
 0001:00003698       @LStrFromChar
 0001:000036A8       @LStrFromPChar
 0001:000035A0       @LStrFromPCharLen
 0001:000036D8       @LStrFromPWChar
 0001:0000360C       @LStrFromPWCharLen
 0001:00003714       @LStrFromString
 0001:00003738       @LStrFromWStr
 0001:00003A58       @LStrInsert
 0001:00003548       @LStrLAsg
 0001:00003770       @LStrLen
 0001:00003AB4       @LStrPos
 0001:00003AFC       @LStrSetLength
 0001:00003970       @LStrToPChar
 0001:0000374C       @LStrToString
 0001:00003574       @NewAnsiString
 0001:00003B68       @NewWideString
 0001:00002204       @Pow10
 0001:00001F90       @PStrCmp
 0001:00001F74       @PStrNCpy
 0001:00002E64       @RaiseAgain
 0001:00002E3C       @RaiseExcept
 0001:000020A4       @RandInt
 0001:00001A88       @ReallocMem
 0001:00001EA0       @ROUND
 0001:000034A4       @RunError
 0001:000021C4       @SetElem
 0001:000021E8       @SetEq
 0001:00003168       @StartLib
 0001:0000029C       @strlen
 0001:00002EE8       @TryFinallyExit
 0001:000039C8       @UniqueStringA
 0001:000020C0       @ValLong
 0001:0000F688       @VarAddRef
 0001:0000E27C       @VarClear
 0001:00003F48       @VarClr
 0001:0000E290       @VarClr
 0001:0000E5B8       @VarCopy
 0001:00004058       @VarCopy
 0001:0000F5C0       @VarFromBool
 0001:0000F610       @VarFromCurr
 0001:0000F558       @VarFromInt
 0001:0000F594       @VarFromInt64
 0001:0000F624       @VarFromLStr
 0001:0000F5E8       @VarFromReal
 0001:0000F5FC       @VarFromTDateTime
 0001:0000F650       @VarFromWStr
 0001:0000DFE4       @VarNull
 0001:0000E8E4       @VarToLStr
 0001:0000F004       @VarToWStr
 0001:00003BA8       @WStrArrayClr
 0001:00003BCC       @WStrAsg
 0001:00003B90       @WStrClr
 0001:00003D38       @WStrCmp
 0001:00003DBC       @WStrCopy
 0001:00003D0C       @WStrFromLStr
 0001:00003CA0       @WStrFromPChar
 0001:00003BF0       @WStrFromPCharLen
 0001:00003CD0       @WStrFromPWChar
 0001:00003C7C       @WStrFromPWCharLen
 0001:00003D2C       @WStrLen
 0001:00003E08       @WStrSetLength
 0001:00003D1C       @WStrToPWChar
 0001:000021A0       @_CLenToPasStr
 0001:00002194       @_CToPasStr
 0001:00001BC4       @_IOTest
 0001:000042AC       @_lldiv
 0001:00004288       @_llmul
 0001:0002E1A4       AbsMin
 0001:0000AF40       AbstractErrorHandler
 0002:00005028       AbstractErrorProc
 0002:00000150       AccessMode
 0001:00001B24       AcquireExceptionObject
 0001:00012BF4       ActivateClassGroup
 0001:00005ABC       ActivateKeyboardLayout
 0002:00005B4C       ActiveDrag
 0001:00010890       ActiveX
 0001:0003D43C       ActnList
 0001:0000040C       AddBlockAfter
 0002:000003C4       AddDataModule
 0001:00015CB4       AddFinished
 0001:00040780       AddIn
 0001:00004ACC       AddModuleUnloadProc
 0001:00004ABC       AddModuleUnloadProc
 0001:00015CEC       AddNotFinished
 0001:00016710       AddSubComponentsToLoaded
 0001:0001D950       AdjustColor
 0001:00047824       Adjustment
 0001:00005AC4       AdjustWindowRectEx
 0002:00000C4C       Alignments
 0002:00000C5C       Alignments
 0002:000009E8       Alignments
 0001:00033804       AlignWork
 0001:0004E768       AlignWork
 0001:00019E04       AllocateHWnd
 0001:0000717C       AllocMem
 0002:000055AC       AllocMemCount
 0002:000055B0       AllocMemSize
 0001:000213C0       AllocPatternBitmap
 0001:0000534C       AllocTlsBuffer
 0002:00000A38       AnchorAlign
 0002:00000A2C       AnimateWindowProc
 0002:00000B34       AnimationStyle
 0001:00007338       AnsiCompareStr
 0001:00007370       AnsiCompareText
 0001:00007A14       AnsiLastChar
 0001:00005ACC       AnsiLower
 0001:0000B858       AnsiPos
 0001:00045008       AnsiSameCaption
 0001:000073A8       AnsiSameText
 0001:000073C0       AnsiStrLIComp
 0001:0000B894       AnsiStrPos
 0001:0000B954       AnsiStrRScan
 0001:0000B99C       AnsiStrScan
 0001:000050D8       AnsiToUtf8
 0001:00007304       AnsiUpperCase
 0001:00008EF8       AppendChars
 0001:000092C4       AppendFormat
 0001:00008F5C       AppendNumber
 0001:00008F3C       AppendString
 0002:00005BB0       Application
 0002:000003D4       ApplicationHandleException
 0002:000003DC       ApplicationShowException
 0002:00000D88       AppVisible
 0001:0000AF24       AssertErrorHandler
 0002:00005020       AssertErrorProc
 0001:0001031C       AssignLongStr
 0001:000106C0       AssignVariant
 0002:00005604       avail
 0002:00000E40       B64
 0002:0000387C       B64
 0001:00007B10       BackfillGetDiskFreeSpaceEx
 0001:00030D38       BackgroundClipped
 0001:0000CF84       BackupVarBoolFromStr
 0001:0000D0E4       BackupVarBStrFromBool
 0001:0000D004       BackupVarBStrFromCy
 0001:0000D074       BackupVarBStrFromDate
 0001:0000CF18       BackupVarCyFromStr
 0001:0000CEAC       BackupVarDateFromStr
 0001:0000CD68       BackupVarI4FromStr
 0001:0000CD14       BackupVariantChangeTypeEx
 0001:0000CDD4       BackupVarR4FromStr
 0001:0000CE40       BackupVarR8FromStr
 0001:00051BEC       Base64
 0001:00051A38       Base64Decode
 0001:00051B70       Base64DecodeStr
 0001:0005185C       Base64Encode
 0001:000519F0       Base64EncodeStr
 0001:00012F4C       BeginGlobalLoading
 0001:00005AD4       BeginPaint
 0001:0001D95C       BetterSize
 0001:00041614       BiDiDraw
 0001:00005904       BitBlt
 0002:0000091C       BitBtnCaptions
 0002:00005A90       BitBtnGlyphs
 0002:000006E0       BitmapCanvasList
 0002:000058A8       BitmapImageLock
 0001:0000CD50       BiUnimplemented
 0002:000003FC       BlockCode
 0002:000055DC       blockDescBlockList
 0002:000055E0       blockDescFreeList
 0002:00003AB4       BooleanCz
 0002:00003AAC       BooleanEn
 0002:000003B8       BooleanIdents
 0002:00000334       BooleanToStringRule
 0001:00007828       BoolToStr
 0001:0000E66C       BoolToWStrViaOS
 0002:000009E0       BorderStyles
 0001:0000550C       Bounds
 0001:00011F0C       Bounds
 0002:00000BF4       Breaks
 0002:000058E0       BrushManager
 0001:00043DE8       BuildImage
 0002:00000778       ButtonCaptions
 0002:0000074C       ButtonNames
 0002:00000C70       Buttons
 0001:00025154       Buttons
 0002:00000A24       ButtonStyles
 0001:0001D128       BytesPerScanline
 0001:0001D48C       ByteSwapColors
 0001:0000B5FC       ByteToCharIndex
 0001:0000B5D4       ByteToCharLen
 0001:0000B598       ByteType
 0001:0000B520       ByteTypeTest
 0002:00003FC8       CacheAssociativities
 0002:00005B98       CachedComCtrlVer
 0002:00003FB4       CacheTypes
 0001:00058FD0       CalcBufferCRC
 0001:00058EAC       CalcFileCRC
 0001:00019D40       CalcJmpOffset
 0001:0003B4C4       CalcSplitterPos
 0001:00005ADC       CallNextHookEx
 0001:0000C1A8       CallTerminateProcs
 0001:00005AE4       CallWindowProc
 0001:0002F1DC       CancelDrag
 0002:00005B60       CanvasList
 0002:000058E4       CanvasList
 0002:00000738       Captions
 0002:00000AF0       CaptureControl
 0001:00058DC4       Cast256
 0002:00000B94       cBooleanToItemAutoFlag
 0002:00005A7E       CF_COMPONENT
 0002:00005A7C       CF_PICTURE
 0002:00005814       ChangeAnyProc
 0001:0002D75C       ChangeBiDiModeAlignment
 0001:00063050       ChangeByteOrder
 0002:00000A08       CharCases
 0001:000035D0       CharFromWChar
 0001:0000B7E0       CharLength
 0001:0000021C       CharNext
 0001:00005AEC       CharNext
 0001:0001BA70       CharsetToIdent
 0001:0000B6E8       CharToByteIndex
 0001:0000B74C       CharToByteLen
 0001:00005AF4       CharToOemA
 0001:00005AFC       CharUpperBuff
 0002:00003C0C       ChassisTypes
 0001:0001DF18       CheckBool
 0001:00002ACC       CheckJmp
 0001:00005B04       CheckMenuItem
 0002:00000BE4       Checks
 0001:0001674C       CheckSubComponents
 0001:00018B18       CheckSynchronize
 0001:00047260       CheckTaskWindow
 0001:0002EE90       CheckUndock
 0001:0000B414       CheckWin32Version
 0001:0005B6FC       CheckXMLValue
 0002:00000338       CInvalidCustomVariantType
 0002:0000173C       Cipher1
 0002:0000174C       Cipher2
 0002:0000175C       Cipher3
 0002:000027CC       CipherText
 0002:00000B98       cItemAutoFlagToBoolean
 0002:00000B90       cItemAutoFlagToMenu
 0002:000038C0       cKWaitReason
 0001:00019F90       Classes
 0002:00005C2C       ClassKey
 0001:000129B8       ClassNotFound
 0002:00005810       ClearAnyProc
 0001:0001B2F0       ClearColor
 0001:0000F9C4       ClearVariantTypeList
 0001:00005B0C       ClientToScreen
 0001:00038AAC       ClientToWindow
 0002:000006D8       ClipboardFormats
 0001:00024FB8       Clipbrd
 0001:00005664       CloseHandle
 0002:0000597C       CloseThemeData
 0002:0000503C       CmdLine
 0002:00005038       CmdShow
 0002:00000B8C       cMenuAutoFlagToItem
 0001:0000CD5C       CmpUnimplemented
 0002:00000D90       ColorNames
 0002:00000458       Colors
 0001:0001B868       ColorToIdent
 0002:000007A4       ColorToPretyName
 0001:0001B858       ColorToRGB
 0002:00005AE8       ComCtlVersion
 0001:00025CFC       ComCtrls
 0002:00005BAC       CommandPool
 0001:000219B4       CommCtrl
 0001:00024240       CommDlg
 0001:0000078C       Commit
 0002:00005620       committedRoot
 0001:0003FD64       CompareFront
 0001:0000726C       CompareMem
 0001:00054660       CompareMemory
 0001:0000723C       CompareStr
 0001:0000566C       CompareString
 0001:0000728C       CompareText
 0001:00007750       CompareWith
 0001:0001682C       ComponentCreated
 0001:00024F74       ComStrs
 0002:00003DD0       ConnectorTypes
 0001:0001A2AC       Consts
 0001:000218C0       Contnrs
 0002:00005B1E       ControlAtom
 0002:00005B24       ControlAtomString
 0001:0004C00C       ControlHasHelp
 0001:0003C144       Controls
 0001:0000A970       ConvertAddr
 0001:00009050       ConvertEraString
 0001:00007140       ConvertError
 0001:00007158       ConvertErrorFmt
 0001:000091BC       ConvertYearString
 0001:00004338       CopyArray
 0001:0001E9F0       CopyBitmap
 0001:0001F0B8       CopyBitmapAsMask
 0001:00005FBC       CopyMemory
 0001:0001F054       CopyPalette
 0002:0000097C       Copyright
 0001:00042E94       CopyToBest
 0001:0000B658       CountChars
 0002:000058C0       CounterLock
 0002:000039CC       CPUID_CACHETLB
 0002:000039C8       CPUID_CPUFEATURESET
 0002:000039D8       CPUID_CPUMARKETNAME1
 0002:000039DC       CPUID_CPUMARKETNAME2
 0002:000039E0       CPUID_CPUMARKETNAME3
 0002:000039C4       CPUID_CPUSIGNATURE
 0002:000039D4       CPUID_CPUSIGNATUREEX
 0002:00005CCC       CPUID_Level
 0002:000039E4       CPUID_LEVEL1CACHETLB
 0002:000039E8       CPUID_LEVEL2CACHETLB
 0002:000039BC       CPUID_MAXLEVEL
 0002:000039D0       CPUID_MAXLEVELEX
 0002:000039C0       CPUID_VENDORSIGNATURE
 0002:00003A3C       CPUTypes
 0002:00003A4C       CPUVendorIDs
 0002:00003A14       CPUVendors
 0002:000039EC       CPUVendorsEx
 0002:0000033C       CRangeToType
 0001:00058EA4       Crc
 0001:0000AE68       CreateAssertException
 0001:0000AFF0       CreateAVObject
 0001:0000590C       CreateBitmap
 0001:00005914       CreateBrushIndirect
 0001:0000591C       CreateCompatibleBitmap
 0001:00005924       CreateCompatibleDC
 0001:000168AC       CreateComponent
 0001:00005934       CreateDIBitmap
 0001:0000592C       CreateDIBSection
 0001:00005674       CreateEvent
 0001:0000567C       CreateFile
 0001:0000593C       CreateFontIndirect
 0001:00005944       CreateHalftonePalette
 0001:00005B14       CreateIcon
 0001:0000AD94       CreateInOutError
 0001:00005B1C       CreateMenu
 0001:0000594C       CreatePalette
 0001:00005954       CreatePenIndirect
 0001:00005B24       CreatePopupMenu
 0001:0000595C       CreateSolidBrush
 0001:0001D4E4       CreateSystemPalette
 0001:00005684       CreateThread
 0001:000060B0       CreateWindow
 0001:00006058       CreateWindowEx
 0002:00000730       CreationControl
 0002:00000A30       CreationControl
 0002:000003A4       CRelationshipToBoolean
 0002:00000320       CResult
 0002:00005C20       CSD
 0002:00000148       cSimpleBoolStrs
 0002:00003950       cSystemHandleType
 0002:00000350       CText
 0002:00003930       cThreadState
 0002:00000B2C       Ctl3DStyles
 0002:00005618       curAlloc
 0002:00005688       CurrencyDecimals
 0002:00005684       CurrencyFormat
 0002:00005680       CurrencyString
 0001:00008EE4       CurrentYear
 0001:00008A14       CurrToStr
 0001:0000E5FC       CurrToWStrViaOS
 0002:00000D0C       CursorMap
 0002:00000A40       Cursors
 0001:0002DA7C       CursorToIdent
 0002:00000CFC       cUseAlpha
 0002:00000D04       cUseColorKey
 0001:00007494       CvtInt
 0001:00007500       CvtInt64
 0002:00000188       CWNear
 0002:00003F5C       DataBusTypes
 0001:00025354       DataTypeToRegData
 0001:00008EB8       Date
 0002:00005689       DateSeparator
 0001:00009AF8       DateTimeToStr
 0001:00009A9C       DateTimeToString
 0001:00008AD4       DateTimeToTimeStamp
 0001:0000E634       DateToWStrViaOS
 0001:00059BD8       DateUtils
 0001:00008E90       DayOfWeek
 0002:00000184       DCon10
 0001:00051854       DCPconst
 0001:00054710       DCPcrypt
 0002:00005C10       DCP_3Des
 0002:00005C14       DCP_Cast256
 0002:00005C0C       DCP_Des
 0002:00005C08       DCP_Mars
 0002:00000454       DDBsOnly
 0001:00019EB8       DeallocateHWnd
 0002:0000002C       DebugHook
 0002:00005687       DecimalSeparator
 0001:000687C4       Decode
 0001:00008E70       DecodeDate
 0001:00008D20       DecodeDateFully
 0001:00008B88       DecodeTime
 0001:0000084C       Decommit
 0001:00000F78       DecommitFree
 0002:000055F4       decommittedRoot
 0001:000593B4       DecryptBuffer
 0001:000594A8       DecryptBuffer_3Des
 0001:00059048       DecryptString
 0001:00059440       DecryptString_Mars
 0001:0004F3A4       Default
 0001:00049C8C       Default
 0002:00000024       Default8087CW
 0002:00000A34       DefaultDockTreeClass
 0002:000055B8       DefaultUserCodePage
 0002:000006A8       DefBrushData
 0002:00000428       DefFontData
 0001:00005B2C       DefFrameProc
 0002:00000214       DefLongDayNames
 0002:000001C8       DefLongMonthNames
 0001:00005B34       DefMDIChildProc
 0002:00000688       DefPenData
 0002:000001F8       DefShortDayNames
 0002:00000198       DefShortMonthNames
 0001:00005B3C       DefWindowProc
 0001:000045A4       DelayLoadResourceModule
 0001:00000468       DeleteBlock
 0001:00000378       DeleteCriticalSection
 0001:0000568C       DeleteCriticalSection
 0001:00005964       DeleteDC
 0001:00000D60       DeleteFree
 0001:00005B44       DeleteMenu
 0001:0000596C       DeleteObject
 0001:00057DAC       DES
 0001:0001E5AC       DeselectBitmap
 0001:00005B4C       DestroyCursor
 0001:00005B54       DestroyIcon
 0001:00025084       DestroyLocals
 0001:00005B5C       DestroyMenu
 0001:00005B64       DestroyWindow
 0002:0000177C       des_skb
 0002:00001F7C       des_sptrans
 0002:00004054       DeviceClass
 0001:00005694       DeviceIoControl
 0001:0002B30C       DialogEnumerationTester
 0001:000248B0       Dialogs
 0002:000006E4       DIBPalSizes
 0002:00000090       dig
 0002:0000412C       Digits
 0001:0004709C       DisableTaskWindows
 0001:00005B6C       DispatchMessage
 0001:0004D2EC       DispatchShortCut
 0002:00005000       DispCallByIDProc
 0001:00007124       DivMod
 0001:00024278       Dlgs
 0002:00005664       DllProc
 0001:0004E61C       DoAlign
 0001:00033694       DoAlign
 0001:0003778C       DoCalcConstraints
 0002:00005B54       DockSiteList
 0001:00043AB4       DoClick
 0001:00034DD8       DoControlMsg
 0001:0004704C       DoDisableWindow
 0001:0002E7BC       DoDragOver
 0001:00039798       DoFindControlZone
 0001:000471A0       DoFindWindow
 0001:00039D24       DoFindZone
 0001:0003981C       DoForEach
 0001:0003B128       DoGetNextLimit
 0001:00047014       DoneApplication
 0001:0003BE88       DoneControls
 0001:0000B324       DoneExceptions
 0001:0004B668       DoNestedActivation
 0001:00018AD8       DoneThreadSynchronization
 0001:0005053C       DoOnHelp
 0001:0004E46C       DoPosition
 0001:00033254       DoPosition
 0001:0003A750       DoPrune
 0001:0003AC28       DoSaveZone
 0001:0003AE2C       DoSetNewBounds
 0002:000003C0       DotSep
 0001:0001E170       DoWrite
 0001:0003E3C4       DoWrite
 0001:00013D80       DoWrite
 0001:000343C0       DoWriteDesignSize
 0001:00031E2C       DoWriteIsControl
 0002:00005B38       DragCapture
 0002:00005B2C       DragControl
 0001:0002EF04       DragDone
 0001:0002E76C       DragFindTarget
 0001:0002E740       DragFindWindow
 0002:00005B50       DragImageList
 0001:0002EB5C       DragInit
 0001:0002ECCC       DragInitControl
 0002:00005B34       DragInternalObject
 0001:0002E688       DragMessage
 0002:00005B30       DragObject
 0002:00005B5C       DragSave
 0002:00005B44       DragSaveCursor
 0002:00005B3C       DragStartPos
 0002:00005B48       DragThreshold
 0001:0002E88C       DragTo
 0001:0004F3E0       DrawAppIcon
 0001:0003A2BC       DrawCloseButton
 0001:00005B74       DrawEdge
 0001:00005B7C       DrawFrameControl
 0001:0003A314       DrawGrabberLine
 0001:00005B84       DrawIcon
 0001:00005B8C       DrawIconEx
 0002:00000B68       DrawingStyles
 0001:00005B94       DrawMenuBar
 0001:00044E24       DrawMenuItem
 0001:00005B9C       DrawText
 0002:00005980       DrawThemeBackground
 0002:000059A4       DrawThemeEdge
 0002:000059A8       DrawThemeIcon
 0002:00005A2C       DrawThemeParentBackground
 0002:00005984       DrawThemeText
 0001:0001CFA8       DupBits
 0001:00004350       DynArrayClear
 0001:00004358       DynArraySetLength
 0002:00000C54       EdgeStyle
 0002:00000B1C       EdgeStyles
 0001:0000AD68       EHeapException.FreeInstance
 0002:000057FC       EmptyParam
 0002:000000D0       EmptyStr
 0002:000000D4       EmptyWideStr
 0001:00005BA4       EnableMenuItem
 0002:00000BEC       Enables
 0001:00005BAC       EnableScrollBar
 0001:00047150       EnableTaskWindows
 0002:00005A14       EnableThemeDialogTexture
 0002:00005A30       EnableTheming
 0001:00005BB4       EnableWindow
 0001:0006876C       Encode
 0001:00008CF0       EncodeDate
 0001:00059340       EncryptBuffer
 0001:0005946C       EncryptBuffer_3Des
 0001:000591A0       EncryptString
 0001:00059414       EncryptString_Mars
 0001:0005953C       EncryptUnit
 0001:00012FD4       EndGlobalLoading
 0001:00005BBC       EndPaint
 0001:00000368       EnterCriticalSection
 0001:0000569C       EnterCriticalSection
 0001:000056A4       EnumCalendarInfoA
 0002:00005914       EnumDisplayMonitors
 0001:0000A5E4       EnumEraNames
 0001:0000A620       EnumEraYearOffsets
 0001:0004A250       EnumMonitorsProc
 0001:00005BC4       EnumThreadWindows
 0001:0001605C       EnumValue
 0001:00005BCC       EnumWindows
 0001:00005BD4       EqualRect
 0002:00005750       EraNames
 0001:00009D70       EraToYear
 0002:0000576C       EraYearOffsets
 0002:00000068       errCaption
 0001:00001BB8       Error
 0001:00015840       Error
 0001:0003FAB4       Error
 0001:0001255C       Error
 0002:00000004       ErrorAddr
 0001:00001B6C       ErrorAt
 0001:0000AE14       ErrorHandler
 0002:00000230       ErrorMap
 0002:00005008       ErrorProc
 0002:000053E0       ErrOutput
 0001:00001AF8       ExceptAddr
 0002:0000500C       ExceptClsProc
 0001:0000B290       ExceptHandler
 0001:0000ABDC       Exception.Create
 0001:0000AC18       Exception.CreateFmt
 0001:0000AC98       Exception.CreateRes
 0001:0000ACD4       Exception.CreateResFmt
 0002:0000501C       ExceptionClass
 0001:0000A97C       ExceptionErrorMessage
 0002:00000268       ExceptMap
 0001:00001AD8       ExceptObject
 0002:00005010       ExceptObjProc
 0002:00005004       ExceptProc
 0001:00005974       ExcludeClipRect
 0001:0005E9FC       ExecuteAMDCache
 0001:0005E988       ExecuteCPUID
 0001:0005EA6C       ExecuteCyrixCache
 0001:0005E9A0       ExecuteIntelCache
 0002:00005C5C       EXEVersionInfo
 0002:00000000       ExitCode
 0001:000032FC       ExitDll
 0002:00005040       ExitProc
 0001:00000224       ExitProcess
 0002:00005024       ExitProcessProc
 0001:000053F8       ExitProcessTLS
 0001:000053D0       ExitThreadTLS
 0001:000056AC       ExpandEnvironmentStrings
 0001:00007AD4       ExpandFileName
 0001:00025B44       ExtActns
 0001:00024F14       ExtCtrls
 0001:000251AC       ExtDlgs
 0001:00007A9C       ExtractFileName
 0001:00068650       F
 0001:00057E50       F1
 0001:00057E98       F2
 0001:00057EE0       F3
 0002:0000578C       FalseBoolStrs
 0002:00005A84       FClipboard
 0002:00000178       FCon1E18
 0001:0006869C       FF
 0001:0000799C       FileAge
 0001:00007994       FileClose
 0001:000078CC       FileCreate
 0001:000078F0       FileCreate
 0001:00007A04       FileExists
 0002:000006DC       FileFormats
 0002:0000000C       FileMode
 0001:00007874       FileOpen
 0001:000078F8       FileRead
 0002:000003EC       FilerSignature
 0001:00007950       FileSeek
 0001:0000795C       FileSeek
 0001:000056B4       FileTimeToDosDateTime
 0001:000056BC       FileTimeToLocalFileTime
 0001:00007924       FileWrite
 0001:00000E98       FillAfterGap
 0001:00000E38       FillBeforeGap
 0001:00000F38       FillerSizeAfterGap
 0001:00000EC0       FillerSizeBeforeGap
 0001:00005BDC       FillRect
 0001:00024248       Finalization
 0001:00045104       Finalization
 0001:0006968C       Finalization
 0001:00056BB8       Finalization
 0001:00057D7C       Finalization
 0001:00069AE0       Finalization
 0001:00024118       Finalization
 0001:00022104       Finalization
 0001:000240E0       Finalization
 0001:00024854       Finalization
 0001:000240A8       Finalization
 0001:000546E0       Finalization
 0001:00024070       Finalization
 0001:000051F4       Finalization
 0001:00024ECC       Finalization
 0001:00024000       Finalization
 0001:000107FC       Finalization
 0001:000530D0       Finalization
 0001:0006A5B8       Finalization
 0001:0006A738       Finalization
 0001:00010860       Finalization
 0001:0002B584       Finalization
 0001:00067B00       Finalization
 0001:0006926C       Finalization
 0001:0002A900       Finalization
 0001:0002A798       Finalization
 0001:00067D0C       Finalization
 0001:00024F44       Finalization
 0001:000267AC       Finalization
 0001:00025C84       Finalization
 0001:00058D94       Finalization
 0001:00058DCC       Finalization
 0001:0002367C       Finalization
 0001:00022144       Finalization
 0001:00058E04       Finalization
 0001:00058E3C       Finalization
 0001:00051BBC       Finalization
 0001:00021890       Finalization
 0001:0005ACC4       Finalization
 0001:00067FD8       Finalization
 0001:0002312C       Finalization
 0001:00065FD0       Finalization
 0001:0005B988       Finalization
 0001:00065F98       Finalization
 0001:000234D0       Finalization
 0001:00051824       Finalization
 0001:000648A4       Finalization
 0001:00019EE0       Finalization
 0001:00058E74       Finalization
 0001:00024F7C       Finalization
 0001:0006483C       Finalization
 0001:0000D4B0       Finalization
 0001:00059B2C       Finalization
 0001:000594E4       Finalization
 0001:00023174       Finalization
 0001:000215D8       Finalization
 0001:000517EC       Finalization
 0001:00051774       Finalization
 0001:0002504C       Finalization
 0001:00068028       Finalization
 0001:00051550       Finalization
 0001:00025B4C       Finalization
 0001:00059BA8       Finalization
 0001:0001A27C       Finalization
 0001:000213F8       Finalization
 0001:00021984       Finalization
 0001:0003EB14       Finalization
 0001:00024188       Finalization
 0001:000231AC       Finalization
 0001:0002511C       Finalization
 0001:0003D40C       Finalization
 0001:000054B0       Finalization
 0001:00068618       Finalization
 0001:0003C0DC       Finalization
 0001:00024210       Finalization
 0001:00005528       Finalization
 0001:0002517C       Finalization
 0001:000241D8       Finalization
 0001:00062F64       Finalization
 0001:000251CC       Finalization
 0001:00006550       Finalization
 0001:00025AF4       Finalization
 0001:00006238       Finalization
 0001:00025A9C       Finalization
 0001:00006200       Finalization
 0001:00025A38       Finalization
 0001:0000CAF4       Finalization
 0001:0006920C       Finalization
 0001:00010034       Finalization
 0001:0000FE10       Finalization
 0001:00024150       Finalization
 0001:00004348       FinalizeArray
 0001:00003088       FinalizeUnits
 0001:00043874       Find
 0001:00004634       FindBS
 0001:00012A78       FindClass
 0001:0000459C       FindClassHInstance
 0001:00000234       FindClose
 0001:000056C4       FindClose
 0001:00000DF4       FindCommitted
 0001:0002D85C       FindControl
 0001:00039F50       FindControlAtPos
 0001:0000FC68       FindCustomVariantType
 0001:0000FD20       FindCustomVariantType
 0001:0002F228       FindDragTarget
 0001:00016A5C       FindExistingComponent
 0001:0000023C       FindFirstFile
 0001:000056CC       FindFirstFile
 0001:000472AC       FindGlobalComponent
 0001:00012E64       FindGlobalComponent
 0002:00005860       FindGlobalComponentProcs
 0001:00004574       FindHInstance
 0001:00012D0C       FindIdentToInt
 0002:00005A70       FindMsg
 0001:00015BEC       FindNestedComponent
 0001:0003FA7C       FindPopupControl
 0001:0000D178       FindProc
 0001:000056D4       FindResource
 0001:000045EC       FindResourceHInstance
 0001:00050D80       FindScanline
 0001:00047204       FindTopMostWindow
 0001:00017940       FindUniqueName
 0001:0002F1F4       FindVCLWindow
 0001:00005BE4       FindWindow
 0001:0002B364       FindWinHelp
 0001:0001E9A4       FixupBitFields
 0002:00000C64       Flags
 0002:0000579C       FLanguages
 0001:00023500       FlatSB
 0002:00005940       FlatSB_EnableScrollBar
 0002:0000594C       FlatSB_GetScrollInfo
 0002:00005950       FlatSB_GetScrollPos
 0002:00005948       FlatSB_GetScrollRange
 0002:00005958       FlatSB_SetScrollInfo
 0002:00005954       FlatSB_SetScrollPos
 0001:000231F0       FlatSB_SetScrollProp
 0002:0000595C       FlatSB_SetScrollRange
 0002:00005944       FlatSB_ShowScrollBar
 0001:000086A4       FloatToDecimal
 0001:000089E4       FloatToStr
 0001:000083D0       FloatToText
 0001:00001F10       Flush
 0002:0000018C       FMSecsPerDay
 0001:000082C4       FmtStr
 0002:00000C80       FocusCount
 0002:00000C7C       FocusMessages
 0002:000005F8       FontCharsets
 0002:000058D8       FontManager
 0001:00047280       ForegroundTask
 0001:000082B0       Format
 0002:00000194       Format
 0001:00007EA0       FormatBuf
 0001:00007E94       FormatClearStr
 0001:00007E18       FormatError
 0002:00000170       FormatErrorStrs
 0001:000056DC       FormatMessage
 0001:00007E70       FormatVarToStr
 0001:000515AC       Forms
 0001:000021FC       FPower10
 0002:0000072C       FPrinter
 0001:00005BEC       FrameRect
 0001:0000C6D4       FreeAndNil
 0001:00000AF4       FreeCommitted
 0001:0000112C       FreeCurAlloc
 0001:0002F2E8       FreeDeviceContext
 0001:0002F3A4       FreeDeviceContexts
 0001:00019CAC       FreeIntConstList
 0001:000056E4       FreeLibrary
 0001:00000244       FreeLibrary
 0001:0001E500       FreeMemoryContexts
 0001:00059A50       FreeNativeAPI
 0001:00019DE0       FreeObjectInstance
 0001:000056F4       FreeResource
 0001:000006C4       FreeSpace
 0001:0000C1D4       FreeTerminateProcs
 0001:000236B4       FreeThemeLibrary
 0002:00005AE4       FRichEditModule
 0002:00005DA0       FrmRegistryDlg
 0001:0006865C       g
 0001:0001CF98       GDICheck
 0001:0001CEF0       GDIError
 0001:00054968       gen_mask
 0001:00001E98       Get8087CW
 0001:000056FC       GetACP
 0001:00005BF4       GetActiveWindow
 0001:00061484       GetAMDAssociativity
 0001:0005D660       GetAMDCPUName
 0001:0004EAF8       GetAnimation
 0001:00069CF8       GetBIOS
 0001:00069380       GetBIOS
 0001:0000597C       GetBitmapBits
 0001:00000380       GetBlockDesc
 0001:00005984       GetBrushOrgEx
 0001:00005BFC       GetCapture
 0001:0002DB24       GetCaptureControl
 0001:00012A24       GetClass
 0001:00005C04       GetClassInfo
 0001:00005C0C       GetClassName
 0001:00005C14       GetClientRect
 0001:0000598C       GetClipBox
 0001:0000031C       GetCmdShow
 0001:0003D5DC       GetColor
 0001:00025C24       GetComCtlVersion
 0001:0000024C       GetCommandLine
 0001:00000908       GetCommitted
 0001:000009B0       GetCommittedAt
 0001:0000570C       GetComputerName
 0001:0003498C       GetControlAtPos
 0001:00008FA8       GetCount
 0001:00005704       GetCPInfo
 0001:0005E838       GetCPUName
 0001:0005EB38       GetCPUSerialNumber
 0001:00069544       GetCPUSerialNumber
 0001:00069E8C       GetCPUSerialNumber
 0001:0005ED58       GetCPUSpeed_M1
 0001:0005ECB8       GetCPUSpeed_M3
 0001:00005994       GetCurrentPositionEx
 0001:00005714       GetCurrentProcess
 0001:0000571C       GetCurrentProcessId
 0002:00005A24       GetCurrentThemeName
 0001:00005724       GetCurrentThread
 0001:000002FC       GetCurrentThreadId
 0001:0000572C       GetCurrentThreadId
 0001:00005FB4       GetCurrentTime
 0001:00005C1C       GetCursor
 0001:00050D90       GetCursorHeightMargin
 0001:00005C24       GetCursorPos
 0001:0005DEAC       GetCyrixCPUName
 0001:00008FD8       GetDate
 0001:00005734       GetDateFormat
 0001:00009C88       GetDateOrder
 0001:00005C2C       GetDC
 0001:00005C34       GetDCEx
 0001:0000599C       GetDCOrgEx
 0001:00021000       GetDefFontCharSet
 0001:00005C3C       GetDesktopWindow
 0001:000059B4       GetDeviceCaps
 0001:000638B4       GetDeviceHandle
 0001:0001DF00       GetDIB
 0001:000059A4       GetDIBColorTable
 0001:000059AC       GetDIBits
 0001:0001DE48       GetDIBSizes
 0001:0001D108       GetDInColors
 0001:0000573C       GetDiskFreeSpaceA
 0002:00000144       GetDiskFreeSpaceEx
 0001:000646F4       GetDiskGeometry
 0001:00064738       GetDiskLayout
 0001:00069458       GetDiskSerialNumber
 0001:00069DD0       GetDiskSerialNumber
 0001:0003B208       GetDockAlign
 0001:0002E4CC       GetDockSiteAtPos
 0001:0002E7F8       GetDropCtl
 0001:0000288C       GetDynaMethod
 0001:000100A4       GetEnumNameValue
 0001:000100F0       GetEnumValue
 0001:0000A698       GetEraNamesAndYearOffsets
 0001:00009D1C       GetEraYearOffset
 0001:0000AFD8       GetExceptionClass
 0001:0000B1C4       GetExceptionObject
 0001:0005F0D8       GetFDIVBugPresent
 0001:000129AC       GetFieldClassTable
 0001:00059F54       GetFileVerInfo
 0001:0000B434       GetFileVersion
 0001:000058EC       GetFileVersionInfo
 0001:000058F4       GetFileVersionInfoSize
 0001:00005C44       GetFocus
 0001:0001BA90       GetFontData
 0001:00005C4C       GetForegroundWindow
 0001:0000BC48       GetFormatSettings
 0001:00005744       GetFullPathName
 0001:0001AFD8       GetHashCode
 0001:0004C044       GetHelpInfo
 0001:000225C4       GetHelpSystem
 0001:0004E8DC       GetHint
 0001:0004E914       GetHintControl
 0001:00044FA4       GetHotkey
 0001:00005C54       GetIconInfo
 0001:0005E208       GetIDTCPUName
 0001:0005C610       GetIntelCPUName
 0001:00005C6C       GetKeyboardLayout
 0001:00005C74       GetKeyboardLayoutList
 0001:00005C7C       GetKeyboardState
 0001:000024E8       GetKeyboardType
 0001:00005C5C       GetKeyNameText
 0001:00005C64       GetKeyState
 0001:00005C84       GetLastActivePopup
 0001:000394D0       GetLastChildZone
 0001:0000574C       GetLastError
 0001:0000A45C       GetLocaleChar
 0001:00000254       GetLocaleInfo
 0001:0000575C       GetLocaleInfo
 0001:0000A410       GetLocaleStr
 0001:00005754       GetLocalTime
 0001:0002DAE0       GetLongHint
 0001:0005A4F0       GetMachine
 0001:0006330C       GetMediaTypeStr
 0001:00005C8C       GetMenu
 0001:0004BFCC       GetMenuHelpContext
 0001:00005C94       GetMenuItemCount
 0001:00005C9C       GetMenuItemID
 0001:00005CA4       GetMenuItemInfo
 0001:000420C0       GetMenuSize
 0001:00005CAC       GetMenuState
 0001:00005CB4       GetMenuString
 0001:0000025C       GetModuleFileName
 0001:00005764       GetModuleFileName
 0001:00000264       GetModuleHandle
 0001:0000576C       GetModuleHandle
 0002:00005908       GetMonitorInfo
 0002:0000590C       GetMonitorInfoA
 0002:00005910       GetMonitorInfoW
 0001:0000A4C0       GetMonthDayNames
 0001:0005E450       GetNexGenCPUName
 0001:00005CBC       GetNextWindow
 0001:0005E80C       GetNSCCPUName
 0001:000059BC       GetObject
 0001:000101C4       GetOrdProp
 0001:00059C4C       GetOS
 0001:000059C4       GetPaletteEntries
 0001:00001C98       GetParamStr
 0001:00005CC4       GetParent
 0001:00047478       GetParentForm
 0001:00063144       GetPartitionSystem
 0001:00063268       GetPartitionType
 0001:00063FC0       GetPhysicalDiskInfo
 0001:000059CC       GetPixel
 0001:00005774       GetPriorityClass
 0001:0000577C       GetProcAddress
 0001:0000026C       GetProcAddress
 0001:00005784       GetProcessAffinityMask
 0001:0005A6DC       GetProfilePath
 0001:00005CCC       GetProp
 0001:00010154       GetPropInfo
 0001:00047938       GetRealScrollPosition
 0001:0006A158       GetRegistryInfo
 0001:0006A020       GetRegistryKey
 0001:0003D5BC       GetRGBColor
 0001:0005E5A0       GetRiseCPUName
 0001:00005CD4       GetScrollInfo
 0001:00005CDC       GetScrollPos
 0001:00005CE4       GetScrollRange
 0001:00063944       GetSCSIDeviceInfo
 0001:00063BEC       GetSCSIDiskInfo
 0001:000695C4       GetSerialNumber
 0001:00069F58       GetSerialNumber
 0001:0002DA9C       GetShortHint
 0001:0005E7D0       GetSiSCPUName
 0001:000642EC       GetSMARTDiskInfo
 0001:000005E8       GetSpace
 0001:0000064C       GetSpaceAt
 0001:0005A634       GetSpecialFolder
 0001:0003FB0C       GetSpecialName
 0001:00000274       GetStartupInfo
 0001:000001F4       GetStdHandle
 0001:0000578C       GetStdHandle
 0001:000059D4       GetStockObject
 0001:00005794       GetStringTypeEx
 0001:00005CEC       GetSubMenu
 0001:00005CF4       GetSysColor
 0001:00005CFC       GetSysColorBrush
 0001:0000579C       GetSystemDefaultLangID
 0001:000057A4       GetSystemInfo
 0001:00005D04       GetSystemMenu
 0001:00005D0C       GetSystemMetrics
 0002:000058F8       GetSystemMetrics
 0001:000059DC       GetSystemPaletteEntries
 0001:000059E4       GetTextExtentPoint32
 0001:000059EC       GetTextMetrics
 0002:00005A1C       GetThemeAppProperties
 0002:00005988       GetThemeBackgroundContentRect
 0002:0000598C       GetThemeBackgroundExtent
 0002:0000599C       GetThemeBackgroundRegion
 0002:000059C0       GetThemeBool
 0002:000059B4       GetThemeColor
 0002:00005A28       GetThemeDocumentationProperty
 0002:000059C8       GetThemeEnumValue
 0002:000059E8       GetThemeFilename
 0002:000059D0       GetThemeFont
 0002:000059C4       GetThemeInt
 0002:000059DC       GetThemeIntList
 0002:000059D8       GetThemeMargins
 0002:000059B8       GetThemeMetric
 0002:00005990       GetThemePartSize
 0002:000059CC       GetThemePosition
 0002:000059E0       GetThemePropertyOrigin
 0002:000059D4       GetThemeRect
 0002:000059BC       GetThemeString
 0002:000059F4       GetThemeSysBool
 0002:000059EC       GetThemeSysColor
 0002:000059F0       GetThemeSysColorBrush
 0002:000059FC       GetThemeSysFont
 0002:00005A04       GetThemeSysInt
 0002:000059F8       GetThemeSysSize
 0002:00005A00       GetThemeSysString
 0002:00005994       GetThemeTextExtent
 0002:00005998       GetThemeTextMetrics
 0001:0000027C       GetThreadLocale
 0001:000057AC       GetThreadLocale
 0001:000057B4       GetThreadPriority
 0001:000057BC       GetTickCount
 0001:00000314       GetTickCount
 0001:00009010       GetTime
 0001:00005358       GetTlsSize
 0001:0004F0BC       GetTopMostWindows
 0001:0002DC2C       GetTopParent
 0001:00005D14       GetTopWindow
 0001:0005E698       GetTransmetaCPUName
 0001:00010098       GetTypeData
 0001:0005E4F4       GetUMCCPUName
 0001:0005A5E0       GetUser
 0001:0000562C       GetUserName
 0001:0005F008       GetVendor
 0001:0005F074       GetVendorID
 0001:000057C4       GetVersion
 0001:00000304       GetVersion
 0001:000057CC       GetVersionEx
 0001:00005D1C       GetWindow
 0001:00005D24       GetWindowDC
 0001:00005D2C       GetWindowLong
 0001:000059F4       GetWindowOrgEx
 0001:00005D34       GetWindowPlacement
 0001:00005D3C       GetWindowRect
 0001:00005D44       GetWindowText
 0002:00005A10       GetWindowTheme
 0001:00005D4C       GetWindowThreadProcessId
 0001:00005D54       GetWindowThreadProcessId
 0001:000686D0       gg
 0001:000057D4       GlobalAddAtom
 0001:000057DC       GlobalAlloc
 0001:00005FD0       GlobalAllocPtr
 0001:000057E4       GlobalDeleteAtom
 0001:000057EC       GlobalFindAtom
 0002:00005864       GlobalFixupList
 0001:00015D34       GlobalFixupReferences
 0001:000057F4       GlobalFree
 0001:00005FFC       GlobalFreePtr
 0001:00005804       GlobalHandle
 0001:000057FC       GlobalLock
 0001:0000580C       GlobalMemoryStatus
 0002:00005848       GlobalNameSpace
 0001:00005814       GlobalReAlloc
 0001:00005FE0       GlobalReAllocPtr
 0001:0000581C       GlobalUnlock
 0001:000214CC       Graphics
 0001:00058E6C       Grobal2
 0001:00012BA0       GroupDescendentsWith
 0001:00068668       h
 0001:0004C24C       HandleEdge
 0001:00017198       HandleException
 0001:00059000       HashPJW
 0002:00000028       HeapAllocFlags
 0002:000055C0       heapErrorCode
 0002:000055C4       heapLock
 0001:0002316C       HelpIntfs
 0002:00005934       HelpManager
 0002:00005A6C       HelpMsg
 0002:00005B08       HelpViewer
 0002:00005B0C       HelpViewerIntf
 0002:00000140       HexDisplayPrefix
 0001:00053A9C       HexToInt
 0001:000535D4       HexToInt
 0001:00068704       HH
 0002:00000A14       HideSelections
 0001:0003B284       HideZone
 0002:00005660       HInstance
 0002:00005BC4       HintDoneEvent
 0001:0004E9E4       HintGetMsgHook
 0002:00005BC8       HintHook
 0001:0004E988       HintMouseThread
 0002:00005BCC       HintThread
 0002:00005BC0       HintThreadID
 0001:0004E934       HintTimerProc
 0002:00000C74       HintWindowClass
 0002:000059A0       HitTestThemeBackground
 0001:00005FB0       HiWord
 0001:0004EA28       HookHintHooks
 0001:00056DBC       hperm_op
 0001:000517E4       HUtil32
 0001:00006108       HwndMSWheel
 0001:00068670       I
 0002:00000C08       IBreaks
 0002:00000C14       IChecks
 0002:00000C1C       IDefaults
 0001:0001BA80       IdentToCharset
 0001:0001B878       IdentToColor
 0001:0002DA8C       IdentToCursor
 0001:00012D88       IdentToInt
 0002:00000C24       IEnables
 0001:00042E64       IfHotkeyAvailable
 0001:00068738       II
 0002:00005B9C       ImageListWriteExProc
 0001:000218E0       ImageList_Add
 0001:00021900       ImageList_AddIcon
 0001:00021924       ImageList_BeginDrag
 0001:000218C8       ImageList_Create
 0001:000218D0       ImageList_Destroy
 0001:00021934       ImageList_DragEnter
 0001:0002193C       ImageList_DragLeave
 0001:00021944       ImageList_DragMove
 0001:00021954       ImageList_DragShowNolock
 0001:0002190C       ImageList_Draw
 0001:00021914       ImageList_DrawEx
 0001:0002192C       ImageList_EndDrag
 0001:000218F8       ImageList_GetBkColor
 0001:0002195C       ImageList_GetDragImage
 0001:00021974       ImageList_GetIconSize
 0001:000218D8       ImageList_GetImageCount
 0001:00021964       ImageList_Read
 0001:0002191C       ImageList_Remove
 0001:000218E8       ImageList_ReplaceIcon
 0001:000218F0       ImageList_SetBkColor
 0001:0002194C       ImageList_SetDragCursorImage
 0001:0002197C       ImageList_SetIconSize
 0001:0002196C       ImageList_Write
 0002:00000B78       Images
 0001:0003EB44       ImgList
 0001:00022174       Imm
 0002:00000B5C       IMM32DLL
 0001:0003BE74       Imm32IsIME
 0002:00000190       IMSecsPerDay
 0002:000037E4       InBlock1
 0002:0000381C       InBlock2
 0002:0000385C       InBlock3
 0001:0000DFF8       InBounds
 0001:0000E298       InBounds
 0001:0000E2C8       Increment
 0001:0000E028       Increment
 0002:0000277C       InData1
 0002:00002794       InData2
 0001:00005D5C       InflateRect
 0001:00025214       IniFiles
 0001:00000B88       InitAllocator
 0001:000219BC       InitAnApi
 0002:00005920       InitApis
 0001:00013030       InitComponent
 0002:00005630       InitContext
 0001:0003BF10       InitControls
 0001:00021044       InitDefFontData
 0001:0000C200       InitDriveSpacePtr
 0001:0000B2A0       InitExceptions
 0001:0002324C       InitFlatSB
 0001:00024700       InitGlobals
 0001:0001DD00       InitializeBitmapInfoHeader
 0001:00000360       InitializeCriticalSection
 0001:00005824       InitializeCriticalSection
 0002:000055BC       initialized
 0001:00023224       InitializeFlatSB
 0001:0000545C       InitializeModule
 0001:0000D1A4       InitializeVarUtils
 0001:0003BB14       InitIMM32
 0001:000130D8       InitInheritedComponent
 0001:0000BA58       InitLeadBytes
 0001:00022098       InitMultiMonStubs
 0001:0000B3A4       InitPlatformId
 0001:000053A4       InitProcessTLS
 0001:000514C4       InitProcs
 0001:00020FC8       InitScreenLogPixels
 0001:0000BAD0       InitSysLocale
 0001:00023874       InitThemeLibrary
 0001:00018AA4       InitThreadSynchronization
 0001:00005360       InitThreadTLS
 0001:000030F8       InitUnits
 0001:0002D770       InitWndProc
 0002:00000AFC       InnerStyles
 0002:00005048       Input
 0001:0004E40C       InsertBefore
 0001:000331C8       InsertBefore
 0001:00001034       InsertFree
 0001:00042F18       InsertHotkeyFarEastFormat
 0001:00005D64       InsertMenu
 0001:00005D6C       InsertMenuItem
 0002:00005880       InstBlockList
 0002:00005884       InstFreeList
 0002:00005858       IntConstList
 0002:00003C70       InterleaveSupports
 0001:0000C268       InterlockedDecrement
 0001:000002F4       InterlockedDecrement
 0001:000056EC       InterlockedExchange
 0001:0000C274       InterlockedExchange
 0001:0000C27C       InterlockedExchangeAdd
 0001:000002EC       InterlockedIncrement
 0001:0000C25C       InterlockedIncrement
 0001:0001AF64       InternalDeletePalette
 0001:00001EC8       InternalFlush
 0001:00000E74       InternalFreeMem
 0001:0001DE50       InternalGetDIB
 0001:0001DDE4       InternalGetDIBSizes
 0001:00012EC8       InternalReadComponentRes
 0002:00005AF0       InternalServices
 0001:0000397C       InternalUniqueString
 0001:000059FC       IntersectClipRect
 0001:00005D74       IntersectRect
 0001:0000761C       IntToHex
 0001:000075F4       IntToHex
 0001:00012DC8       IntToIdent
 0001:000075CC       IntToStr
 0001:000074E0       IntToStr
 0001:00005D7C       InvalidateRect
 0001:0001CE84       InvalidBitmap
 0001:0001CE6C       InvalidGraphic
 0001:0001CE90       InvalidIcon
 0001:0001CE54       InvalidOperation
 0001:00011F34       InvalidPoint
 0002:00005798       InvalidPointer
 0001:00002738       InvokeImplGetter
 0001:00001C38       IOResult
 0002:00000C44       IOwnerDraw
 0002:00000C2C       IRadios
 0002:00000C3C       IRTL
 0002:00005C35       Is2K
 0002:00005C33       Is95
 0002:00005C34       Is98
 0001:00047408       IsAccel
 0001:000440F8       IsAccelChar
 0002:00005A0C       IsAppThemed
 0001:0002E284       IsBeforeTargetWindow
 0001:00005D84       IsChild
 0002:00005044       IsConsole
 0001:00063110       IsContainerPartition
 0001:0002E6E0       IsDelphiHandle
 0001:00005D8C       IsDialogMessage
 0002:00000C34       ISeparators
 0001:00063120       IsFTPartition
 0001:00005D94       IsIconic
 0001:00044154       IsInitialChar
 0001:00008BE4       IsLeapYear
 0002:00005034       IsLibrary
 0002:00005C38       IsME
 0002:00005045       IsMultiThread
 0002:00005C3A       IsNET
 0002:00005C30       IsNT
 0002:00005C31       IsNT4
 0002:00005C32       IsNT5
 0001:00038F34       IsOrientationSet
 0002:00005C36       IsOSR2
 0001:00063080       IsRecognizedPartition
 0001:00005D9C       IsRectEmpty
 0001:00025310       IsRelative
 0002:00005C37       IsSE
 0001:0002E488       IsSiteChildOfClient
 0002:00005A08       IsThemeActive
 0002:000059B0       IsThemeBackgroundPartiallyTransparent
 0002:00005A18       IsThemeDialogTextureEnabled
 0002:000059AC       IsThemePartDefined
 0001:00012EA4       IsUniqueGlobalComponentName
 0002:0000584C       IsUniqueGlobalComponentNameProc
 0001:00007430       IsValidIdent
 0001:0000BAB8       IsWesternGroup
 0001:00005DA4       IsWindow
 0001:00005DAC       IsWindowEnabled
 0001:00005DB4       IsWindowVisible
 0002:00005C39       IsXP
 0001:00005DBC       IsZoomed
 0001:0003FED8       Iterate
 0001:0003FF38       IterateMenus
 0002:00000030       JITEnable
 0001:00058E34       JSocket
 0002:000027AC       Key
 0002:000016C4       Key1
 0002:000037D4       Key1
 0002:0000278C       Key1
 0002:000016D4       Key2
 0002:000027A4       Key2
 0002:00003804       Key2
 0002:000016EC       Key3
 0002:0000383C       Key3
 0001:000473BC       KeyboardStateToShiftState
 0001:00047380       KeyDataToShiftState
 0001:0004732C       KeysToShiftState
 0001:00005DC4       KillTimer
 0001:00007A4C       LastDelimiter
 0001:00005180       LCIDToCodePage
 0001:0000B9E4       LCIDToCodePage
 0002:00000120       LeadBytes
 0001:0000582C       LeaveCriticalSection
 0001:00000370       LeaveCriticalSection
 0002:00000038       LibModuleList
 0002:00000E10       LiMarkerNames
 0001:00005A04       LineTo
 0001:00025B7C       ListActns
 0001:0002F270       ListAdd
 0001:0002F298       ListRemove
 0002:0000574E       ListSeparator
 0001:00005DCC       LoadBitmap
 0001:00005DD4       LoadCursor
 0001:00005DDC       LoadIcon
 0001:00005DE4       LoadKeyboardLayout
 0001:00005834       LoadLibrary
 0001:00000284       LoadLibraryEx
 0001:0000583C       LoadResource
 0001:00004838       LoadResourceModule
 0001:00005128       LoadResString
 0001:0000028C       LoadString
 0001:00005DEC       LoadString
 0001:00000340       LocalAlloc
 0001:0000531C       LocalAlloc
 0001:00000348       LocalFree
 0001:00005324       LocalFree
 0001:0000A484       LocalGetLocaleStr
 0002:00004004       LocationTypes
 0002:00005A40       Lock
 0001:00005844       LockResource
 0002:00005690       LongDateFormat
 0002:00005724       LongDayNames
 0002:000056D8       LongMonthNames
 0002:000056A4       LongTimeFormat
 0001:000071EC       LowerCase
 0001:00054688       LRot32
 0001:000058E4       lstrcpy
 0001:00000294       lstrcpyn
 0002:00005820       LVarTypes
 0002:00005824       LVarTypeSync
 0002:00005C44       MachineName
 0001:000696BC       Main
 0002:0000502C       MainInstance
 0002:00005030       MainThreadID
 0001:00000404       MakeEmpty
 0001:000032A0       MakeErrorMessage
 0002:00000B48       MakeLast
 0001:00005FA4       MakeLong
 0001:00019D48       MakeObjectInstance
 0001:00006010       MakeROP4
 0001:00006048       MakeWParam
 0001:0000AF58       MapException
 0001:00025AEC       Mapi
 0002:00000958       MAPIDLL
 0002:0000095C       MAPIModule
 0001:00002F00       MapToRunError
 0001:00005DF4       MapVirtualKey
 0001:00005DFC       MapWindowPoints
 0001:00056BE8       Mars
 0002:00000B80       Mask
 0001:00005A0C       MaskBlt
 0001:00021608       Math
 0001:000215D0       Max
 0001:00049CD8       MaximizedChildren
 0001:0006923C       MD5EncodeStr
 0001:00069008       MD5Final
 0001:00068F54       MD5Init
 0001:000690F0       MD5Print
 0001:0006907C       MD5String
 0001:00068F88       MD5Update
 0002:00005C58       Memory
 0002:00003D28       MemoryDeviceTypes
 0002:00003CF0       MemoryFormFactors
 0002:00000040       MemoryManager
 0002:00003C98       MemorySpeeds
 0002:00003D9C       MemoryTypeDetails
 0002:00003D70       MemoryTypes
 0002:00000B9C       MenuKeyCaps
 0001:00045174       Menus
 0001:0000049C       MergeBlockAfter
 0001:00001178       MergeCommit
 0001:0000022C       MessageBox
 0001:00005E04       MessageBox
 0001:00006268       Messages
 0001:000215C8       Min
 0001:0001373C       Min
 0001:00032B10       MinVar
 0001:00068058       MiTeC_Datetime
 0001:00059BA0       MiTeC_Native
 0001:00067D3C       MiTeC_NTDDK
 0001:0005AD4C       MiTeC_Routines
 0001:00064900       MiTeC_StrUtils
 0001:0006486C       MiTeC_WinIOCTL
 0002:00005928       MMAvailable
 0002:00000B60       ModeMap
 0001:0004B9D8       ModifySystemMenu
 0002:000000A8       Module
 0002:0000565D       ModuleIsCpp
 0002:0000565C       ModuleIsLib
 0001:00019D18       ModuleUnload
 0002:0000003C       ModuleUnloadList
 0002:00005904       MonitorFromPoint
 0002:00005900       MonitorFromRect
 0002:000058FC       MonitorFromWindow
 0002:000000F0       MonthDays
 0002:00005B10       Mouse
 0001:00001C58       Move
 0001:00005A14       MoveToEx
 0001:0002F2B8       MoveWindowOrg
 0002:00005CA8       MS
 0001:0005B9B8       MSI_Common
 0001:00062FE8       MSI_CPU
 0001:00068020       MSI_Devices
 0001:00066000       MSI_DMA
 0001:00068648       MSI_Machine
 0001:00067D04       MSI_SMBIOS
 0001:00065FC8       MSI_Storage
 0001:0000584C       MulDiv
 0001:000002A4       MultiByteToWideChar
 0001:00050F50       MultiLineWidth
 0001:00022134       MultiMon
 0001:0005AB84       MultiStrFromBuf
 0001:0006A5F0       MyDLLHandler
 0002:00003A9C       N1
 0002:00003AA4       N2
 0002:00005685       NegCurrFormat
 0001:00001204       NewCommit
 0001:00001230       NewCommitAt
 0002:00005B14       NewStyleControls
 0001:0000B81C       NextCharIndex
 0001:00038F18       NextVisibleZone
 0002:00003A74       NF
 0002:000003F0       NilMethod
 0002:00000034       NoErrMsg
 0001:00040CEC       NormalDraw
 0001:00002AB8       NotifyAnyExcept
 0001:00002A8C       NotifyExcept
 0001:00002AEC       NotifyExceptFinally
 0001:00012FA4       NotifyGlobalLoading
 0001:00004B74       NotifyModuleUnload
 0001:00002A68       NotifyNonDelphiException
 0001:00002AA4       NotifyOnExcept
 0001:00002A4C       NotifyReRaise
 0001:00002B14       NotifyTerminate
 0001:00002B30       NotifyUnhandled
 0002:000038BC       NTDLLHandle
 0001:00043AA4       NthParentOf
 0001:0000FE08       Null
 0002:0000032C       NullAsStringValue
 0002:00000328       NullStrictConvert
 0001:0002D828       ObjectFromHWnd
 0002:00000A1C       OEMConverts
 0001:00005E0C       OemToAnsi
 0001:00005E14       OffsetRect
 0002:00003FE8       OnBoardDeviceTypes
 0002:00005978       OpenThemeData
 0002:00000B40       OrientArray
 0002:00005C48       OS
 0002:00005C54       OSBuild
 0002:00005C4C       OSMajorVersion
 0002:00005C50       OSMinorVersion
 0002:00005C24       OSVersion
 0002:00005C28       OSVersionEx
 0002:000037F4       OutBlock1
 0002:0000382C       OutBlock2
 0002:0000386C       OutBlock3
 0002:00002784       OutData1
 0002:0000279C       OutData2
 0002:00000B0C       OuterStyles
 0002:00005794       OutOfMemory
 0001:0001CE9C       OutOfResources
 0002:00005214       Output
 0002:00000330       PackVarCreation
 0002:000040EC       PADDING
 0002:000006EC       Pal16
 0001:0001B36C       PaletteChanged
 0001:0001D694       PaletteFromDIBColorTable
 0001:0001D738       PaletteToDIBColorTable
 0002:000006E8       PalSize
 0001:00001DFC       ParamStr
 0001:000392FC       ParentNotLast
 0002:000009F8       Passwords
 0001:00005A1C       PatBlt
 0002:000058E8       PatternManager
 0001:00005E1C       PeekMessage
 0002:000058DC       PenManager
 0002:000006B8       PenModes
 0002:00000698       PenStyles
 0001:00056DF0       perm_op
 0002:0000170C       Plain1
 0002:0000171C       Plain2
 0002:0000172C       Plain3
 0002:000027C4       PlainText
 0001:0006A5E8       PlugMain
 0001:0005181C       PlugShare
 0001:00005504       Point
 0001:00011EBC       Point
 0001:000122F4       PointerInModule
 0001:000343AC       PointsEqual
 0001:00006030       PointToSmallPoint
 0002:00005BA0       PopupList
 0002:00003E70       PortTypes
 0001:00005E24       PostMessage
 0001:00005E2C       PostQuitMessage
 0002:00000E28       PreDefineNames
 0001:000231E8       Printers
 0001:0004D0EC       ProcessExecute
 0001:00047638       ProcessHorz
 0001:0004D1EC       ProcessUpdate
 0001:000476A4       ProcessVert
 0002:00005C3C       Profilepath
 0001:00016030       PropertyNotFound
 0001:00017298       PropPathError
 0002:00000CA4       Props
 0001:00016024       PropValueError
 0001:00005E34       PtInRect
 0002:000000A4       PtrToNil
 0001:0000838C       PutExponent
 0002:00005B58       QualifyingSites
 0001:0000030C       QueryPerformanceCounter
 0001:00005854       QueryPerformanceCounter
 0001:0000585C       QueryPerformanceFrequency
 0001:0000AF14       RaiseAssertException
 0001:000001FC       RaiseException
 0001:00015044       RaiseException
 0002:00005014       RaiseExceptionProc
 0001:0000C0FC       RaiseLastOSError
 0001:00001E60       Randomize
 0002:00000008       RandSeed
 0001:0003A06C       ReadControlName
 0001:000184D8       ReadCustomVariant
 0001:0001600C       ReadError
 0001:000252E4       ReadError
 0001:00005864       ReadFile
 0001:0001D9EC       ReadIcon
 0002:00000A00       ReadOnlys
 0001:0005A794       ReadRegistryValueAsString
 0001:00069B18       ReadRegKey
 0001:00005A24       RealizePalette
 0001:0001684C       Recover
 0001:00011EE4       Rect
 0001:000054E8       Rect
 0001:00005A2C       RectVisible
 0001:00005E3C       RedrawWindow
 0002:00005818       RefAnyProc
 0002:00005A3C       ReferenceCount
 0001:00005634       RegCloseKey
 0001:000002AC       RegCloseKey
 0001:0000563C       RegCreateKeyEx
 0001:00025324       RegDataToDataType
 0001:00005644       RegFlushKey
 0002:0000585C       RegGroups
 0001:00005E44       RegisterClass
 0001:00012A98       RegisterClass
 0001:00005E4C       RegisterClipboardFormat
 0001:0002E628       RegisterDockSite
 0001:00012E0C       RegisterFindGlobalComponentProc
 0001:00012CE0       RegisterIntegerConsts
 0001:00004BD0       RegisterModule
 0001:00022540       RegisterViewer
 0001:00005E54       RegisterWindowMessage
 0001:00025A80       Registry
 0001:0006A444       RegistryControl
 0001:00069B10       RegistryFrm
 0001:0006AA40       RegistrySystem
 0001:0000564C       RegOpenKeyEx
 0001:000002B4       RegOpenKeyEx
 0001:000002BC       RegQueryValueEx
 0001:00005654       RegQueryValueEx
 0001:0000565C       RegSetValueEx
 0001:00024148       RegStr
 0001:00005E5C       ReleaseCapture
 0001:00005E64       ReleaseDC
 0002:0000004C       reMap
 0002:00005614       remBytes
 0001:00000524       RemoveBlock
 0002:000003CC       RemoveDataModule
 0001:00015EDC       RemoveFixupReferences
 0001:00015F88       RemoveFixups
 0001:00016280       RemoveGlobalFixup
 0001:00005E6C       RemoveMenu
 0001:00004AC4       RemoveModuleUnloadProc
 0001:00004AEC       RemoveModuleUnloadProc
 0001:00005E74       RemoveProp
 0001:0005B6D8       ReportFooter
 0001:0005B358       ReportHeader
 0001:0000586C       ResetEvent
 0001:00018AF0       ResetSyncEvent
 0001:00001768       ResizeInPlace
 0001:00005A34       RestoreDC
 0001:00046FC0       RestoreFocusState
 0001:0003FAAC       ReturnAddr
 0001:00013268       ReturnAddr
 0001:00013EE0       ReturnAddr
 0001:00025010       ReverseString
 0001:0001D418       RGBQuadToTriple
 0001:0001D3D0       RGBTripleToQuad
 0001:000240A0       RichEdit
 0001:0006919C       RivestStr
 0002:00005B28       RM_GetObjectInstance
 0002:00005BBC       RM_TaskbarCreated
 0001:0006867C       rot
 0001:0005EC44       RoundFrequency
 0002:00005610       rover
 0001:000546A0       RRot32
 0002:00000960       RTFConversionFormat
 0001:00010064       RTLConsts
 0001:00000204       RtlUnwind
 0002:00005018       RTLUnwindProc
 0002:00000070       runErrMsg
 0001:00001B60       RunErrorAt
 0002:00004144       R_Key
 0002:0000413C       R_MyRootKey
 0002:00004140       R_MySubKey
 0002:00005D00       R_nOwner
 0002:00004148       R_nRegistryCount
 0002:00005D04       R_nUserNumber
 0002:00005D08       R_nVersion
 0002:00005D0C       R_SystemConfig
 0002:00005CFC       R_SystemInitialize
 0002:000027D4       S1
 0002:00002BD4       S2
 0002:00002FD4       S3
 0002:000033D4       S4
 0001:0000D158       SafeArrayCreate
 0001:0000D160       SafeArrayGetLBound
 0001:0000D168       SafeArrayGetUBound
 0001:0000D170       SafeArrayPtrOfIndex
 0001:0000C7A0       SafeLoadLibrary
 0001:000072E0       SameText
 0001:00005A3C       SaveDC
 0001:00046FB0       SaveFocusState
 0001:00009B0C       ScanBlanks
 0001:00009C50       ScanChar
 0001:00009DCC       ScanDate
 0001:00009B30       ScanNumber
 0001:00009BC4       ScanString
 0001:0000A110       ScanTime
 0001:00009CD4       ScanToNumber
 0002:00005BB4       Screen
 0002:00005894       ScreenLogPixels
 0001:00005E7C       ScreenToClient
 0001:000477F0       ScrollBarVisible
 0001:00005E84       ScrollWindow
 0001:00001264       SearchSmallBlocks
 0001:00005A44       SelectClipRgn
 0001:00005A4C       SelectObject
 0001:00005A54       SelectPalette
 0001:0002D8B8       SendAppMessage
 0001:00047240       SendFocusMessage
 0001:00005E8C       SendMessage
 0002:00000C00       Separators
 0001:00001E88       Set8087CW
 0001:00005E94       SetActiveWindow
 0001:0004EB28       SetAnimation
 0001:00005A5C       SetBkColor
 0001:00005A64       SetBkMode
 0001:00005A6C       SetBrushOrgEx
 0001:00005E9C       SetCapture
 0001:0002DB4C       SetCaptureControl
 0001:00005EA4       SetClassLong
 0001:0000F994       SetClearVarToEmptyParam
 0001:000169BC       SetCompName
 0001:00069514       SetCPU
 0001:00005EAC       SetCursor
 0001:00005A74       SetDIBColorTable
[...]
  1630 0001:00061BDE  1631 0001:00061BEA  1632 0001:00061C2C  1633 0001:00061C32
  1634 0001:00061C8C  1635 0001:00061C98  1636 0001:00061CDA  1637 0001:00061CE6
  1638 0001:00061D34  1639 0001:00061D3A  1641 0001:00061DA0  1642 0001:00061DAC
  1643 0001:00061DFA  1644 0001:00061E06  1645 0001:00061E54  1646 0001:00061E60
  1647 0001:00061EAE  1648 0001:00061EBA  1649 0001:00061F08  1650 0001:00061F13
  1654 0001:00061F70  1655 0001:00061F8D  1656 0001:00061FC4  1665 0001:00062005
  1670 0001:00062BF4  1673 0001:00062C20  1674 0001:00062C2D  1676 0001:00062C39
  1677 0001:00062C60  1678 0001:00062C87  1679 0001:00062CAE  1680 0001:00062CD5
  1681 0001:00062CED  1680 0001:00062D30  1683 0001:00062D35  1684 0001:00062D41
  1687 0001:00062D78  1690 0001:00062F58  1691 0001:00062F5C  1692 0001:00062F62
  1694 0001:00062FE8  1694 0001:00062FEF

Line numbers for MiTeC_WinIOCTL(MiTeC_WinIOCTL.pas) segment .text

   389 0001:00063050   390 0001:00063055   391 0001:00063057   392 0001:00063061
   393 0001:00063065   394 0001:0006306E   395 0001:00063073   391 0001:00063076
   397 0001:00063079   401 0001:00063080   415 0001:0006310E   419 0001:00063110
   422 0001:0006311F   425 0001:00063120   426 0001:00063123   427 0001:00063142
   430 0001:00063144   431 0001:00063147   432 0001:00063178   434 0001:00063186
   438 0001:00063194   439 0001:000631A2   440 0001:000631B0   442 0001:000631BE
   443 0001:000631CC   444 0001:000631DA   446 0001:000631E6   449 0001:00063268
   450 0001:00063271   451 0001:0006327D   452 0001:00063288   453 0001:00063294
   454 0001:0006329F   455 0001:000632AB   456 0001:000632BB   457 0001:000632C7
   460 0001:0006330C   461 0001:0006330F   462 0001:0006338A   463 0001:00063398
   464 0001:000633A6   465 0001:000633B4   466 0001:000633C2   467 0001:000633D0
   468 0001:000633DE   469 0001:000633EC   470 0001:000633FA   471 0001:00063408
   472 0001:00063416   473 0001:00063424   474 0001:00063432   475 0001:00063440
   476 0001:0006344E   477 0001:0006345C   478 0001:0006346A   479 0001:00063478
   480 0001:00063486   481 0001:00063494   482 0001:000634A2   483 0001:000634B0
   484 0001:000634BE   485 0001:000634CC   486 0001:000634DA   487 0001:000634E8
   489 0001:000634F4   492 0001:000638B4   493 0001:000638D9   500 0001:0006392C
   508 0001:00063944   509 0001:000639B3   510 0001:000639B5   512 0001:000639C3
   513 0001:000639C8   514 0001:000639CC   515 0001:000639D0   516 0001:000639D4
   517 0001:000639DB   518 0001:000639E2   519 0001:000639EA   520 0001:000639F2
   521 0001:000639F6   522 0001:000639FA   523 0001:000639FE   525 0001:00063A02
   526 0001:00063A08   528 0001:00063A3C   529 0001:00063A5A   530 0001:00063AAE
   531 0001:00063B02   532 0001:00063B53   534 0001:00063BA9   535 0001:00063BD7
   544 0001:00063BEC   545 0001:00063C51   546 0001:00063C59   547 0001:00063C69
   548 0001:00063C76   549 0001:00063C88   550 0001:00063C92   551 0001:00063CA7
   552 0001:00063CB1   553 0001:00063CBB   554 0001:00063CC5   556 0001:00063CD4
   557 0001:00063CE0   558 0001:00063CE6   559 0001:00063CEC   560 0001:00063CF5
   561 0001:00063CF8   562 0001:00063CFB   563 0001:00063CFF   564 0001:00063D03
   565 0001:00063D07   566 0001:00063D0B   567 0001:00063D0F   570 0001:00063D13
   573 0001:00063D4B   574 0001:00063D5A   575 0001:00063D6D   576 0001:00063DA8
   577 0001:00063DBB   578 0001:00063DF9   579 0001:00063E0C   580 0001:00063E4A
   581 0001:00063E58   583 0001:00063EC1   585 0001:00063ED6   586 0001:00063EE6
   587 0001:00063EF6   588 0001:00063F06   589 0001:00063F0D   590 0001:00063F17
   593 0001:00063F3F   594 0001:00063F4A   596 0001:00063FA2   605 0001:00063FC0
   606 0001:00064001   607 0001:00064006   608 0001:00064013   609 0001:00064020
   610 0001:0006402E   616 0001:00064051   620 0001:0006405E   621 0001:00064060
   622 0001:0006406D   623 0001:0006407A   625 0001:00064088   626 0001:00064091
   627 0001:00064098   628 0001:0006409F   629 0001:000640A6   630 0001:000640AD
   632 0001:000640B4   634 0001:000640BB   638 0001:000640C1   641 0001:000640E9
   642 0001:000640F2   643 0001:00064102   644 0001:0006412B   645 0001:0006413B
   646 0001:00064167   647 0001:00064177   648 0001:000641A3   649 0001:000641B1
   651 0001:000641FC   653 0001:00064211   654 0001:0006421E   655 0001:0006422B
   656 0001:00064238   657 0001:0006423F   658 0001:00064249   661 0001:0006426B
   663 0001:00064280   664 0001:00064288   668 0001:00064298   670 0001:000642AD
   672 0001:000642E2   682 0001:000642EC   683 0001:0006434B   684 0001:00064353
   685 0001:00064363   686 0001:00064375   688 0001:00064391   689 0001:0006439E
   690 0001:000643AC   691 0001:000643B8   692 0001:000643C7   693 0001:000643CD
   694 0001:000643D3   695 0001:000643D6   696 0001:000643D9   697 0001:000643DC
   698 0001:000643E0   699 0001:000643E4   700 0001:000643E8   701 0001:000643EC
   702 0001:000643F0   703 0001:000643FB   704 0001:00064406   707 0001:0006440A
   708 0001:00064414   711 0001:0006444B   712 0001:0006445A   713 0001:0006446D
   714 0001:000644A8   715 0001:000644BB   716 0001:000644F9   717 0001:0006450C
   718 0001:0006454A   719 0001:00064558   721 0001:000645C4   723 0001:000645DC
   724 0001:000645EF   725 0001:00064602   726 0001:00064615   727 0001:0006461F
   728 0001:0006462C   729 0001:00064655   730 0001:00064661   732 0001:0006466D
   735 0001:00064679   737 0001:00064691   740 0001:000646A5   741 0001:000646DB
   746 0001:000646F4   747 0001:000646FC   748 0001:000646FE   749 0001:0006470A
   750 0001:00064727   751 0001:00064730   760 0001:00064738   761 0001:00064751
   762 0001:00064756   763 0001:00064764   764 0001:00064769   765 0001:00064773
   766 0001:00064781   774 0001:0006479F   775 0001:000647A8   776 0001:000647B3
   777 0001:000647BC   778 0001:000647DE   780 0001:000647FF   775 0001:00064808
   783 0001:0006480D   785 0001:00064822   787 0001:00064835   855 0001:0006486C
   855 0001:00064873

Line numbers for MiTeC_StrUtils(MiTeC_StrUtils.pas) segment .text

   672 0001:00064900   672 0001:00064907

Line numbers for MSI_Storage(MSI_Storage.pas) segment .text

    61 0001:00064A6C    62 0001:00064A7E    63 0001:00064A87    64 0001:00064AAB
    67 0001:00064AB4    68 0001:00064ABF    69 0001:00064ACB    70 0001:00064AE0
    76 0001:00064AE4    79 0001:00064B0F    80 0001:00064B1D    82 0001:00064B2C
    83 0001:00064B42    84 0001:00064BC8    85 0001:00064BFD    86 0001:00064C48
    87 0001:00064C87    88 0001:00064CC7    89 0001:00064D07    90 0001:00064D3C
    91 0001:00064D71    92 0001:00064DA6    93 0001:00064DDB    94 0001:00064E10
    95 0001:00064E2B    96 0001:00064E51   100 0001:00064F20   101 0001:00064F61
   102 0001:00064FA5   103 0001:00064FEA   104 0001:0006502F   105 0001:0006509E
   106 0001:000650F5   107 0001:0006513B   108 0001:00065181   109 0001:000651C7
   110 0001:000651D6    95 0001:000651D9   111 0001:000651E2   112 0001:000651F1
    82 0001:000651F2   114 0001:000651FB   115 0001:0006520A   118 0001:0006524D
   129 0001:00065718   132 0001:00065777   133 0001:00065785   134 0001:0006578C
   135 0001:0006579A   137 0001:0006579F   138 0001:000657D6   139 0001:000657E4
   140 0001:000657F4   141 0001:0006580F   142 0001:0006581A   143 0001:00065832
   144 0001:00065862   145 0001:0006586C   146 0001:0006587A   147 0001:00065888
   148 0001:00065896   149 0001:000658A2   150 0001:000658AF   151 0001:000658C0
   152 0001:000658E6   155 0001:0006591F   157 0001:00065930   158 0001:00065933
   160 0001:0006593D   161 0001:00065950   163 0001:00065955   167 0001:000659A1
   168 0001:000659AF   169 0001:000659B1   170 0001:000659C1   171 0001:000659DF
   172 0001:000659ED   173 0001:000659FB   174 0001:00065A09   175 0001:00065A15
   176 0001:00065A19   177 0001:00065A35   178 0001:00065A42   180 0001:00065A53
   181 0001:00065A6D   182 0001:00065A93   184 0001:00065ABF   168 0001:00065AC0
   186 0001:00065AD6   188 0001:00065AE7   189 0001:00065AEA   192 0001:00065AF4
   194 0001:00065AF9   195 0001:00065B30   196 0001:00065B3E   197 0001:00065B5E
   198 0001:00065B6E   199 0001:00065B7C   200 0001:00065B8A   201 0001:00065B98
   202 0001:00065BA4   203 0001:00065BA8   204 0001:00065BCE   207 0001:00065C07
   209 0001:00065C18   210 0001:00065C1B   211 0001:00065C25   213 0001:00065C2A
   214 0001:00065C61   215 0001:00065C6F   216 0001:00065C8F   217 0001:00065C9F
   218 0001:00065CAD   219 0001:00065CBB   220 0001:00065CC9   221 0001:00065CD5
   222 0001:00065CD9   223 0001:00065CFF   226 0001:00065D38   228 0001:00065D49
   229 0001:00065D4C   231 0001:00065D5B   233 0001:00065D60   234 0001:00065D7D
   235 0001:00065D85   236 0001:00065D95   237 0001:00065DA3   238 0001:00065DB1
   239 0001:00065DBF   240 0001:00065DCB   241 0001:00065DD8   242 0001:00065DFE
   244 0001:00065E2A   245 0001:00065E2D   249 0001:00065E92   252 0001:00065EE8
   253 0001:00065EEB   254 0001:00065EF3   258 0001:00065EF8   259 0001:00065F00
   262 0001:00065F04   263 0001:00065F0D   264 0001:00065F19   265 0001:00065F29
   266 0001:00065F43   269 0001:00065F48   270 0001:00065F4C   271 0001:00065F52
   276 0001:00065F54   277 0001:00065F59   278 0001:00065F69   277 0001:00065F82
   279 0001:00065F85   280 0001:00065F92   282 0001:00065FC8   282 0001:00065FCF

Line numbers for MSI_DMA(MSI_DMA.pas) segment .text

   302 0001:00066000   302 0001:00066007

Line numbers for MSI_SMBIOS(MSI_SMBIOS.pas) segment .text

  1582 0001:00067D04  1582 0001:00067D0B

Line numbers for MiTeC_NTDDK(MiTeC_NTDDK.pas) segment .text

   582 0001:00067D3C   582 0001:00067D43

Line numbers for MSI_Devices(MSI_Devices.pas) segment .text

   745 0001:00068020   745 0001:00068027

Line numbers for MiTeC_Datetime(MiTeC_Datetime.pas) segment .text

   277 0001:00068058   277 0001:0006805F

Line numbers for MSI_Machine(MSI_Machine.pas) segment .text

   181 0001:000681C4   182 0001:000681D6   183 0001:000681FA   196 0001:00068204
   199 0001:0006821E   200 0001:0006822C   201 0001:0006826D   202 0001:00068292
   203 0001:000682B7   205 0001:000682C1   206 0001:000682CE   207 0001:000682DB
   208 0001:000682E8   212 0001:00068317   215 0001:000683A8   218 0001:000683D2
   219 0001:000683DF   221 0001:000683EB   222 0001:0006841D   223 0001:0006844F
   224 0001:00068481   226 0001:000684B3   227 0001:000684BF   230 0001:000684F6
   233 0001:0006860C   234 0001:00068610   235 0001:00068616   237 0001:00068648
   237 0001:0006864F

Line numbers for MD5EncodeStr(MD5EncodeStr.pas) segment .text

    33 0001:00068650    34 0001:0006865A    38 0001:0006865C    39 0001:00068664
    43 0001:00068668    44 0001:0006866E    48 0001:00068670    49 0001:00068678
    52 0001:0006867C    53 0001:0006867D    54 0001:00068698    57 0001:0006869C
    58 0001:000686A8    59 0001:000686BC    60 0001:000686C6    61 0001:000686C8
    64 0001:000686D0    65 0001:000686DC    66 0001:000686F0    67 0001:000686FA
    68 0001:000686FC    71 0001:00068704    72 0001:00068710    73 0001:00068724
    74 0001:0006872E    75 0001:00068730    78 0001:00068738    79 0001:00068744
    80 0001:00068758    81 0001:00068762    82 0001:00068764    89 0001:0006876C
    90 0001:00068777    91 0001:00068779    92 0001:0006877B    93 0001:00068784
    94 0001:0006878D    95 0001:0006878F    96 0001:0006879B    97 0001:0006879D
    98 0001:000687A9    99 0001:000687AB   100 0001:000687B7   101 0001:000687B9
    92 0001:000687BC   103 0001:000687BF   110 0001:000687C4   111 0001:000687CF
   112 0001:000687D1   113 0001:000687D3   114 0001:000687D9   115 0001:000687E4
   116 0001:000687E6   117 0001:000687F4   118 0001:000687F6   119 0001:00068804
   120 0001:00068806   121 0001:00068814   122 0001:00068816   113 0001:00068819
   124 0001:0006881C   130 0001:00068824   131 0001:00068842   132 0001:00068853
   133 0001:0006885B   134 0001:00068864   135 0001:0006886D   136 0001:00068877
   137 0001:00068892   138 0001:000688AC   139 0001:000688C7   140 0001:000688E2
   141 0001:000688FD   142 0001:00068917   143 0001:00068932   144 0001:0006894D
   145 0001:00068968   146 0001:00068982   147 0001:0006899D   148 0001:000689B8
   149 0001:000689D3   150 0001:000689ED   151 0001:00068A08   152 0001:00068A23
   153 0001:00068A3E   154 0001:00068A58   155 0001:00068A73   156 0001:00068A8E
   157 0001:00068AA9   158 0001:00068AC3   159 0001:00068ADE   160 0001:00068AF9
   161 0001:00068B14   162 0001:00068B2E   163 0001:00068B49   164 0001:00068B64
   165 0001:00068B7F   166 0001:00068B99   167 0001:00068BB4   168 0001:00068BCF
   169 0001:00068BEA   170 0001:00068C04   171 0001:00068C1F   172 0001:00068C3A
   173 0001:00068C55   174 0001:00068C6F   175 0001:00068C8A   176 0001:00068CA5
   177 0001:00068CC0   178 0001:00068CDA   179 0001:00068CF5   180 0001:00068D10
   181 0001:00068D2B   182 0001:00068D45   183 0001:00068D60   184 0001:00068D7B
   185 0001:00068D96   186 0001:00068DB0   187 0001:00068DCB   188 0001:00068DE6
   189 0001:00068E01   190 0001:00068E1B   191 0001:00068E36   192 0001:00068E51
   193 0001:00068E6C   194 0001:00068E86   195 0001:00068EA1   196 0001:00068EBC
   197 0001:00068ED7   198 0001:00068EF1   199 0001:00068F0C   200 0001:00068F27
   201 0001:00068F2F   202 0001:00068F38   203 0001:00068F41   204 0001:00068F4B
   209 0001:00068F54   210 0001:00068F5A   211 0001:00068F61   212 0001:00068F68
   213 0001:00068F6F   214 0001:00068F74   215 0001:00068F79   217 0001:00068F86
   224 0001:00068F88   226 0001:00068F92   227 0001:00068F9B   228 0001:00068FA3
   229 0001:00068FAB   231 0001:00068FB3   232 0001:00068FBA   233 0001:00068FBE
   234 0001:00068FCB   235 0001:00068FD5   237 0001:00068FD7   238 0001:00068FE2
   236 0001:00068FE5   240 0001:00068FEC   241 0001:00068FF0   242 0001:00068FF2
   243 0001:00069003   250 0001:00069008   251 0001:00069011   252 0001:00069020
   253 0001:00069029   254 0001:00069042   255 0001:0006904F   256 0001:0006905D
   257 0001:0006906B   258 0001:00069077   263 0001:0006907C   264 0001:0006909E
   265 0001:000690A6   266 0001:000690C2   267 0001:000690E9   303 0001:000690F0
   304 0001:0006911A   305 0001:00069121   306 0001:00069192   321 0001:0006919C
   322 0001:000691C3   323 0001:00069205   329 0001:0006923C   329 0001:00069243

Line numbers for Share(Share.pas) segment .text

    22 0001:000692B0    22 0001:000692B7

Line numbers for Main(Main.pas) segment .text

    62 0001:000692B8    63 0001:000692C7    64 0001:000692D6    66 0001:000692E4
    67 0001:000692F4    68 0001:00069304    69 0001:0006930F    70 0001:0006931E
    71 0001:00069334    73 0001:00069343    76 0001:00069349    77 0001:0006934D
    80 0001:00069362    82 0001:00069375   106 0001:00069380   107 0001:0006939F
   108 0001:000693AE   109 0001:000693BC   110 0001:000693C4   112 0001:00069412
   114 0001:0006941F   115 0001:00069444   120 0001:00069458   121 0001:0006947B
   122 0001:0006948A   123 0001:00069498   124 0001:000694A0   125 0001:000694AC
   128 0001:000694D3   130 0001:000694E0   131 0001:0006950B   139 0001:00069514
   140 0001:00069520   141 0001:0006952E   143 0001:00069531   144 0001:0006953B
   147 0001:00069544   148 0001:00069550   149 0001:0006955F   150 0001:0006956E
   151 0001:0006957C   152 0001:00069588   154 0001:000695A5   156 0001:000695B2
   157 0001:000695BA   158 0001:000695C4   159 0001:000695EE   163 0001:00069682
   305 0001:000696BC   305 0001:000696C3

Line numbers for RegistryFrm(RegistryFrm.pas) segment .text

    40 0001:00069918    41 0001:0006993E    42 0001:0006995E    43 0001:00069977
    44 0001:00069981    45 0001:00069991    50 0001:000699A1    51 0001:000699D4
    52 0001:000699F6    53 0001:00069A04    55 0001:00069A11    58 0001:00069A1A
    59 0001:00069A28    63 0001:00069A37    64 0001:00069A70    68 0001:00069A78
    69 0001:00069A7D    72 0001:00069A80    73 0001:00069A96    74 0001:00069ADB
    76 0001:00069B10    76 0001:00069B17

Line numbers for PlugMain(PlugMain.pas) segment .text

    33 0001:00069B18    34 0001:00069B3C    36 0001:00069B4B    38 0001:00069B59
    39 0001:00069B69    40 0001:00069B79    41 0001:00069B81    42 0001:00069BA6
    45 0001:00069BC3    48 0001:00069BD7    49 0001:00069BDB    52 0001:00069BF0
    54 0001:00069C25    62 0001:00069C30    63 0001:00069C3F    64 0001:00069C4E
    66 0001:00069C5C    67 0001:00069C6C    68 0001:00069C7C    69 0001:00069C87
    70 0001:00069C96    71 0001:00069CAC    73 0001:00069CBB    76 0001:00069CC1
    77 0001:00069CC5    80 0001:00069CDA    82 0001:00069CED   106 0001:00069CF8
   107 0001:00069D17   108 0001:00069D26   109 0001:00069D34   110 0001:00069D3C
   112 0001:00069D8A   114 0001:00069D97   115 0001:00069DBC   120 0001:00069DD0
   121 0001:00069DF3   122 0001:00069E02   123 0001:00069E10   124 0001:00069E18
   125 0001:00069E24   128 0001:00069E4B   130 0001:00069E58   131 0001:00069E83
   140 0001:00069E8C   141 0001:00069E98   142 0001:00069EA0   143 0001:00069EAE
   144 0001:00069EC3   146 0001:00069EC8   148 0001:00069ED2   149 0001:00069EE1
   150 0001:00069EEF   151 0001:00069EFB   153 0001:00069F18   155 0001:00069F25
   159 0001:00069F3A   161 0001:00069F4F   162 0001:00069F58   163 0001:00069F82
   167 0001:0006A016   184 0001:0006A020   185 0001:0006A037   186 0001:0006A077
   187 0001:0006A086   190 0001:0006A0BD   193 0001:0006A0C4   194 0001:0006A0CD
   196 0001:0006A0ED   197 0001:0006A0F7   198 0001:0006A109   199 0001:0006A115
   200 0001:0006A121   201 0001:0006A12B   202 0001:0006A13D   204 0001:0006A14F
   216 0001:0006A158   217 0001:0006A17A   219 0001:0006A188   221 0001:0006A1A6
   222 0001:0006A1A8   223 0001:0006A1AC   224 0001:0006A1B4   225 0001:0006A1DA
   226 0001:0006A1EA   227 0001:0006A1FA   231 0001:0006A235   233 0001:0006A246
   234 0001:0006A24C   235 0001:0006A24F   237 0001:0006A253   240 0001:0006A259
   241 0001:0006A266   242 0001:0006A26C   244 0001:0006A278   252 0001:0006A282
   254 0001:0006A292   255 0001:0006A29B   258 0001:0006A2AD   259 0001:0006A2B1
   260 0001:0006A2C1   261 0001:0006A2E3   262 0001:0006A2E5   263 0001:0006A2EF
   264 0001:0006A300   265 0001:0006A30A   268 0001:0006A317   272 0001:0006A31B
   273 0001:0006A325   274 0001:0006A330   275 0001:0006A33A   279 0001:0006A347
   280 0001:0006A361   281 0001:0006A377   282 0001:0006A386   283 0001:0006A392
   284 0001:0006A399   285 0001:0006A39E   289 0001:0006A3A8   292 0001:0006A3AC
   293 0001:0006A3B6   294 0001:0006A3CC   295 0001:0006A3DB   296 0001:0006A3E7
   297 0001:0006A3EE   298 0001:0006A3F3   304 0001:0006A40A   305 0001:0006A439
   312 0001:0006A444   313 0001:0006A466   314 0001:0006A474   315 0001:0006A484
   316 0001:0006A48C   317 0001:0006A4B2   318 0001:0006A4C2   319 0001:0006A4D2
   320 0001:0006A509   322 0001:0006A51A   323 0001:0006A537   324 0001:0006A55B
   331 0001:0006A57F   332 0001:0006A5AE   339 0001:0006A5E8   339 0001:0006A5EF

Line numbers for RegistrySystem(D:\Source\GameOfMir\Plug-In\License\RegistrySystem.dpr) segment .text

    33 0001:0006A5F0    35 0001:0006A603    38 0001:0006A612    39 0001:0006A623
    40 0001:0006A635    41 0001:0006A647    42 0001:0006A659    43 0001:0006A66B
    44 0001:0006A675    45 0001:0006A689    46 0001:0006A69D    47 0001:0006A6B1
    51 0001:0006A6D4    52 0001:0006A6E5    53 0001:0006A6F6    54 0001:0006A707
    60 0001:0006A735    62 0001:0006AA40    63 0001:0006AA50    64 0001:0006AA55
    65 0001:0006AA5F    66 0001:0006AA69

Bound resource files

c:\program files\borland\delphi7\Lib\Buttons.res
c:\program files\borland\delphi7\Lib\ExtDlgs.res
c:\program files\borland\delphi7\Lib\Controls.res
RegistryFrm.dfm
RegistrySystem.res
RegistrySystem.drf


Program entry point at 0001:0006AA40
