
 Start         Length     Name                   Class
 0001:00000000 00075EDCH .text                   CODE
 0002:00000000 00004218H .data                   DATA
 0002:00004218 00000CF5H .bss                    BSS


Detailed map of segments

 0001:00000000 000050BF C=CODE     S=.text    G=(none)   M=System   ACBP=A9
 0001:000050C0 00000140 C=CODE     S=.text    G=(none)   M=SysInit  ACBP=A9
 0001:00005200 00000090 C=CODE     S=.text    G=(none)   M=Types    ACBP=A9
 0001:00005290 00000D44 C=CODE     S=.text    G=(none)   M=Windows  ACBP=A9
 0001:00005FD4 00000038 C=CODE     S=.text    G=(none)   M=Messages ACBP=A9
 0001:0000600C 00000320 C=CODE     S=.text    G=(none)   M=SysConst ACBP=A9
 0001:0000632C 00006C94 C=CODE     S=.text    G=(none)   M=SysUtils ACBP=A9
 0001:0000CFC0 000007FB C=CODE     S=.text    G=(none)   M=VarUtils ACBP=A9
 0001:0000D7BC 00002A42 C=CODE     S=.text    G=(none)   M=Variants ACBP=A9
 0001:00010200 00000138 C=CODE     S=.text    G=(none)   M=RTLConsts ACBP=A9
 0001:00010338 00000D54 C=CODE     S=.text    G=(none)   M=TypInfo  ACBP=A9
 0001:0001108C 00000038 C=CODE     S=.text    G=(none)   M=ActiveX  ACBP=A9
 0001:000110C4 00009836 C=CODE     S=.text    G=(none)   M=Classes  ACBP=A9
 0001:0001A8FC 000002F0 C=CODE     S=.text    G=(none)   M=Consts   ACBP=A9
 0001:0001ABEC 00008AE7 C=CODE     S=.text    G=(none)   M=Graphics ACBP=A9
 0001:000236D4 00000048 C=CODE     S=.text    G=(none)   M=Math     ACBP=A9
 0001:0002371C 000002B8 C=CODE     S=.text    G=(none)   M=Contnrs  ACBP=A9
 0001:000239D4 00000190 C=CODE     S=.text    G=(none)   M=CommCtrl ACBP=A9
 0001:00023B64 00000787 C=CODE     S=.text    G=(none)   M=MultiMon ACBP=A9
 0001:000242EC 00000038 C=CODE     S=.text    G=(none)   M=Imm      ACBP=A9
 0001:00024324 00000FF8 C=CODE     S=.text    G=(none)   M=HelpIntfs ACBP=A9
 0001:0002531C 00000038 C=CODE     S=.text    G=(none)   M=WinSpool ACBP=A9
 0001:00025354 00000044 C=CODE     S=.text    G=(none)   M=Printers ACBP=A9
 0001:00025398 0000031F C=CODE     S=.text    G=(none)   M=FlatSB   ACBP=A9
 0001:000256B8 000001A4 C=CODE     S=.text    G=(none)   M=SyncObjs ACBP=A9
 0001:0002585C 000009BB C=CODE     S=.text    G=(none)   M=UxTheme  ACBP=A9
 0001:00026218 00000038 C=CODE     S=.text    G=(none)   M=RichEdit ACBP=A9
 0001:00026250 00000038 C=CODE     S=.text    G=(none)   M=ToolWin  ACBP=A9
 0001:00026288 00000038 C=CODE     S=.text    G=(none)   M=ShellAPI ACBP=A9
 0001:000262C0 00000038 C=CODE     S=.text    G=(none)   M=RegStr   ACBP=A9
 0001:000262F8 00000038 C=CODE     S=.text    G=(none)   M=WinInet  ACBP=A9
 0001:00026330 00000038 C=CODE     S=.text    G=(none)   M=UrlMon   ACBP=A9
 0001:00026368 0000008C C=CODE     S=.text    G=(none)   M=ShlObj   ACBP=A9
 0001:000263F4 00000040 C=CODE     S=.text    G=(none)   M=CommDlg  ACBP=A9
 0001:00026434 00000038 C=CODE     S=.text    G=(none)   M=Dlgs     ACBP=A9
 0001:0002646C 000016A9 C=CODE     S=.text    G=(none)   M=Dialogs  ACBP=A9
 0001:00027B18 00000652 C=CODE     S=.text    G=(none)   M=ExtCtrls ACBP=A9
 0001:0002816C 00000078 C=CODE     S=.text    G=(none)   M=ComStrs  ACBP=A9
 0001:000281E4 0000069C C=CODE     S=.text    G=(none)   M=Clipbrd  ACBP=A9
 0001:00028880 00000038 C=CODE     S=.text    G=(none)   M=StrUtils ACBP=A9
 0001:000288B8 00000111 C=CODE     S=.text    G=(none)   M=Buttons  ACBP=A9
 0001:000289CC 00000038 C=CODE     S=.text    G=(none)   M=ExtDlgs  ACBP=A9
 0001:00028A04 00000068 C=CODE     S=.text    G=(none)   M=IniFiles ACBP=A9
 0001:00028A6C 000007D8 C=CODE     S=.text    G=(none)   M=Registry ACBP=A9
 0001:00029244 0000006C C=CODE     S=.text    G=(none)   M=Mapi     ACBP=A9
 0001:000292B0 00000058 C=CODE     S=.text    G=(none)   M=ExtActns ACBP=A9
 0001:00029308 00000038 C=CODE     S=.text    G=(none)   M=ListActns ACBP=A9
 0001:00029340 00003AB8 C=CODE     S=.text    G=(none)   M=ComCtrls ACBP=A9
 0001:0002CDF8 00000DBC C=CODE     S=.text    G=(none)   M=Themes   ACBP=A9
 0001:0002DBB4 000080B4 C=CODE     S=.text    G=(none)   M=StdCtrls ACBP=A9
 0001:00035C68 00000168 C=CODE     S=.text    G=(none)   M=StdActns ACBP=A9
 0001:00035DD0 00000D1F C=CODE     S=.text    G=(none)   M=WinHelpViewer ACBP=A9
 0001:00036AF0 00010EBF C=CODE     S=.text    G=(none)   M=Controls ACBP=A9
 0001:000479B0 00001292 C=CODE     S=.text    G=(none)   M=ActnList ACBP=A9
 0001:00048C44 000016E4 C=CODE     S=.text    G=(none)   M=ImgList  ACBP=A9
 0001:0004A328 000066AD C=CODE     S=.text    G=(none)   M=Menus    ACBP=A9
 0001:000509D8 0000C580 C=CODE     S=.text    G=(none)   M=Forms    ACBP=A9
 0001:0005CF58 00000038 C=CODE     S=.text    G=(none)   M=EngineInterface ACBP=A9
 0001:0005CF90 00000928 C=CODE     S=.text    G=(none)   M=MaskUtils ACBP=A9
 0001:0005D8B8 00001F28 C=CODE     S=.text    G=(none)   M=Mask     ACBP=A9
 0001:0005F7E0 000001E8 C=CODE     S=.text    G=(none)   M=RzGrafx  ACBP=A9
 0001:0005F9C8 00004106 C=CODE     S=.text    G=(none)   M=RzCommon ACBP=A9
 0001:00063AD0 00000038 C=CODE     S=.text    G=(none)   M=DateUtils ACBP=A9
 0001:00063B08 000004E0 C=CODE     S=.text    G=(none)   M=RzBorder ACBP=A9
 0001:00063FE8 00000038 C=CODE     S=.text    G=(none)   M=RzCommonCursors ACBP=A9
 0001:00064020 00000038 C=CODE     S=.text    G=(none)   M=RzSpnEdt ACBP=A9
 0001:00064058 00000038 C=CODE     S=.text    G=(none)   M=RzCommonBitmaps ACBP=A9
 0001:00064090 00000038 C=CODE     S=.text    G=(none)   M=RzLabel  ACBP=A9
 0001:000640C8 00000038 C=CODE     S=.text    G=(none)   M=RzIntLst ACBP=A9
 0001:00064100 00000038 C=CODE     S=.text    G=(none)   M=RzRadChk ACBP=A9
 0001:00064138 00000038 C=CODE     S=.text    G=(none)   M=RzRadGrp ACBP=A9
 0001:00064170 000003CC C=CODE     S=.text    G=(none)   M=RzCmboBx ACBP=A9
 0001:0006453C 00000038 C=CODE     S=.text    G=(none)   M=RzLstBox ACBP=A9
 0001:00064574 00000038 C=CODE     S=.text    G=(none)   M=RzChkLst ACBP=A9
 0001:000645AC 00000038 C=CODE     S=.text    G=(none)   M=RzToolbarForm ACBP=A9
 0001:000645E4 00001C51 C=CODE     S=.text    G=(none)   M=RzButton ACBP=A9
 0001:00066238 00000038 C=CODE     S=.text    G=(none)   M=RzPanel  ACBP=A9
 0001:00066270 00000038 C=CODE     S=.text    G=(none)   M=RzPopups ACBP=A9
 0001:000662A8 000024E0 C=CODE     S=.text    G=(none)   M=RzEdit   ACBP=A9
 0001:00068788 00002457 C=CODE     S=.text    G=(none)   M=RzBtnEdt ACBP=A9
 0001:0006ABE0 00000038 C=CODE     S=.text    G=(none)   M=DCPconst ACBP=A9
 0001:0006AC18 00000398 C=CODE     S=.text    G=(none)   M=Base64   ACBP=A9
 0001:0006AFB0 00001514 C=CODE     S=.text    G=(none)   M=Sha1     ACBP=A9
 0001:0006C4C4 00001610 C=CODE     S=.text    G=(none)   M=DCPcrypt ACBP=A9
 0001:0006DAD4 000024D8 C=CODE     S=.text    G=(none)   M=Mars     ACBP=A9
 0001:0006FFAC 000011C4 C=CODE     S=.text    G=(none)   M=DES      ACBP=A9
 0001:00071170 00001018 C=CODE     S=.text    G=(none)   M=Cast256  ACBP=A9
 0001:00072188 00000038 C=CODE     S=.text    G=(none)   M=WinSock  ACBP=A9
 0001:000721C0 00000038 C=CODE     S=.text    G=(none)   M=JSocket  ACBP=A9
 0001:000721F8 00000038 C=CODE     S=.text    G=(none)   M=Grobal2  ACBP=A9
 0001:00072230 00000038 C=CODE     S=.text    G=(none)   M=Crc      ACBP=A9
 0001:00072268 000005CF C=CODE     S=.text    G=(none)   M=EncryptUnit ACBP=A9
 0001:00072838 0000010E C=CODE     S=.text    G=(none)   M=Common   ACBP=A9
 0001:00072948 00003224 C=CODE     S=.text    G=(none)   M=Main     ACBP=A9
 0001:00075B6C 0000036D C=CODE     S=.text    G=(none)   M=ScriptTool ACBP=A9
 0002:00000000 000000A0 C=DATA     S=.data    G=DGROUP   M=System   ACBP=A9
 0002:000000A0 00000020 C=DATA     S=.data    G=DGROUP   M=SysInit  ACBP=A9
 0002:000000C0 00000254 C=DATA     S=.data    G=DGROUP   M=SysUtils ACBP=A9
 0002:00000314 00000008 C=DATA     S=.data    G=DGROUP   M=VarUtils ACBP=A9
 0002:0000031C 0000008E C=DATA     S=.data    G=DGROUP   M=Variants ACBP=A9
 0002:000003AC 0000000C C=DATA     S=.data    G=DGROUP   M=TypInfo  ACBP=A9
 0002:000003B8 00000064 C=DATA     S=.data    G=DGROUP   M=Classes  ACBP=A9
 0002:0000041C 00000304 C=DATA     S=.data    G=DGROUP   M=Graphics ACBP=A9
 0002:00000720 00000004 C=DATA     S=.data    G=DGROUP   M=Printers ACBP=A9
 0002:00000724 000000D4 C=DATA     S=.data    G=DGROUP   M=Dialogs  ACBP=A9
 0002:000007F8 00000178 C=DATA     S=.data    G=DGROUP   M=ExtCtrls ACBP=A9
 0002:00000970 0000002C C=DATA     S=.data    G=DGROUP   M=Buttons  ACBP=A9
 0002:0000099C 00000008 C=DATA     S=.data    G=DGROUP   M=IniFiles ACBP=A9
 0002:000009A4 00000008 C=DATA     S=.data    G=DGROUP   M=Registry ACBP=A9
 0002:000009AC 00000008 C=DATA     S=.data    G=DGROUP   M=Mapi     ACBP=A9
 0002:000009B4 00000064 C=DATA     S=.data    G=DGROUP   M=ComCtrls ACBP=A9
 0002:00000A18 00000068 C=DATA     S=.data    G=DGROUP   M=Themes   ACBP=A9
 0002:00000A80 000000D4 C=DATA     S=.data    G=DGROUP   M=StdCtrls ACBP=A9
 0002:00000B54 0000013C C=DATA     S=.data    G=DGROUP   M=Controls ACBP=A9
 0002:00000C90 00000020 C=DATA     S=.data    G=DGROUP   M=ImgList  ACBP=A9
 0002:00000CB0 000000EC C=DATA     S=.data    G=DGROUP   M=Menus    ACBP=A9
 0002:00000D9C 0000011C C=DATA     S=.data    G=DGROUP   M=Forms    ACBP=A9
 0002:00000EB8 00000005 C=DATA     S=.data    G=DGROUP   M=MaskUtils ACBP=A9
 0002:00000EC0 00000004 C=DATA     S=.data    G=DGROUP   M=Mask     ACBP=A9
 0002:00000EC4 00000098 C=DATA     S=.data    G=DGROUP   M=RzCommon ACBP=A9
 0002:00000F5C 00000230 C=DATA     S=.data    G=DGROUP   M=RzBorder ACBP=A9
 0002:0000118C 0000015C C=DATA     S=.data    G=DGROUP   M=RzCmboBx ACBP=A9
 0002:000012E8 0000002C C=DATA     S=.data    G=DGROUP   M=RzButton ACBP=A9
 0002:00001314 00000024 C=DATA     S=.data    G=DGROUP   M=RzBtnEdt ACBP=A9
 0002:00001338 00000040 C=DATA     S=.data    G=DGROUP   M=Base64   ACBP=A9
 0002:00001378 00000028 C=DATA     S=.data    G=DGROUP   M=Sha1     ACBP=A9
 0002:000013A0 000008C4 C=DATA     S=.data    G=DGROUP   M=Mars     ACBP=A9
 0002:00001C64 00001068 C=DATA     S=.data    G=DGROUP   M=DES      ACBP=A9
 0002:00002CCC 000010A8 C=DATA     S=.data    G=DGROUP   M=Cast256  ACBP=A9
 0002:00003D74 0000003E C=DATA     S=.data    G=DGROUP   M=EncryptUnit ACBP=A9
 0002:00005000 00000660 C=BSS      S=.bss     G=DGROUP   M=System   ACBP=A9
 0002:00005660 00000010 C=BSS      S=.bss     G=DGROUP   M=SysInit  ACBP=A9
 0002:00005670 00000004 C=BSS      S=.bss     G=DGROUP   M=Types    ACBP=A9
 0002:00005674 00000004 C=BSS      S=.bss     G=DGROUP   M=Windows  ACBP=A9
 0002:00005678 00000004 C=BSS      S=.bss     G=DGROUP   M=Messages ACBP=A9
 0002:0000567C 00000004 C=BSS      S=.bss     G=DGROUP   M=SysConst ACBP=A9
 0002:00005680 00000120 C=BSS      S=.bss     G=DGROUP   M=SysUtils ACBP=A9
 0002:000057A0 0000005C C=BSS      S=.bss     G=DGROUP   M=VarUtils ACBP=A9
 0002:000057FC 00000040 C=BSS      S=.bss     G=DGROUP   M=Variants ACBP=A9
 0002:0000583C 00000004 C=BSS      S=.bss     G=DGROUP   M=RTLConsts ACBP=A9
 0002:00005840 00000004 C=BSS      S=.bss     G=DGROUP   M=TypInfo  ACBP=A9
 0002:00005844 00000004 C=BSS      S=.bss     G=DGROUP   M=ActiveX  ACBP=A9
 0002:00005848 00000040 C=BSS      S=.bss     G=DGROUP   M=Classes  ACBP=A9
 0002:00005888 00000004 C=BSS      S=.bss     G=DGROUP   M=Consts   ACBP=A9
 0002:0000588C 00000060 C=BSS      S=.bss     G=DGROUP   M=Graphics ACBP=A9
 0002:000058EC 00000004 C=BSS      S=.bss     G=DGROUP   M=Math     ACBP=A9
 0002:000058F0 00000004 C=BSS      S=.bss     G=DGROUP   M=Contnrs  ACBP=A9
 0002:000058F4 0000000C C=BSS      S=.bss     G=DGROUP   M=CommCtrl ACBP=A9
 0002:00005900 00000031 C=BSS      S=.bss     G=DGROUP   M=MultiMon ACBP=A9
 0002:00005934 00000004 C=BSS      S=.bss     G=DGROUP   M=Imm      ACBP=A9
 0002:00005938 00000008 C=BSS      S=.bss     G=DGROUP   M=HelpIntfs ACBP=A9
 0002:00005940 00000004 C=BSS      S=.bss     G=DGROUP   M=WinSpool ACBP=A9
 0002:00005944 00000004 C=BSS      S=.bss     G=DGROUP   M=Printers ACBP=A9
 0002:00005948 00000034 C=BSS      S=.bss     G=DGROUP   M=FlatSB   ACBP=A9
 0002:0000597C 00000004 C=BSS      S=.bss     G=DGROUP   M=SyncObjs ACBP=A9
 0002:00005980 000000CC C=BSS      S=.bss     G=DGROUP   M=UxTheme  ACBP=A9
 0002:00005A4C 00000004 C=BSS      S=.bss     G=DGROUP   M=RichEdit ACBP=A9
 0002:00005A50 00000004 C=BSS      S=.bss     G=DGROUP   M=ToolWin  ACBP=A9
 0002:00005A54 00000004 C=BSS      S=.bss     G=DGROUP   M=ShellAPI ACBP=A9
 0002:00005A58 00000004 C=BSS      S=.bss     G=DGROUP   M=RegStr   ACBP=A9
 0002:00005A5C 00000004 C=BSS      S=.bss     G=DGROUP   M=WinInet  ACBP=A9
 0002:00005A60 00000004 C=BSS      S=.bss     G=DGROUP   M=UrlMon   ACBP=A9
 0002:00005A64 00000004 C=BSS      S=.bss     G=DGROUP   M=ShlObj   ACBP=A9
 0002:00005A68 00000004 C=BSS      S=.bss     G=DGROUP   M=CommDlg  ACBP=A9
 0002:00005A6C 00000004 C=BSS      S=.bss     G=DGROUP   M=Dlgs     ACBP=A9
 0002:00005A70 0000000C C=BSS      S=.bss     G=DGROUP   M=Dialogs  ACBP=A9
 0002:00005A7C 00000004 C=BSS      S=.bss     G=DGROUP   M=ExtCtrls ACBP=A9
 0002:00005A80 00000004 C=BSS      S=.bss     G=DGROUP   M=ComStrs  ACBP=A9
 0002:00005A84 0000000C C=BSS      S=.bss     G=DGROUP   M=Clipbrd  ACBP=A9
 0002:00005A90 00000004 C=BSS      S=.bss     G=DGROUP   M=StrUtils ACBP=A9
 0002:00005A94 00000030 C=BSS      S=.bss     G=DGROUP   M=Buttons  ACBP=A9
 0002:00005AC4 00000004 C=BSS      S=.bss     G=DGROUP   M=ExtDlgs  ACBP=A9
 0002:00005AC8 00000004 C=BSS      S=.bss     G=DGROUP   M=IniFiles ACBP=A9
 0002:00005ACC 00000004 C=BSS      S=.bss     G=DGROUP   M=Registry ACBP=A9
 0002:00005AD0 00000004 C=BSS      S=.bss     G=DGROUP   M=Mapi     ACBP=A9
 0002:00005AD4 00000009 C=BSS      S=.bss     G=DGROUP   M=ExtActns ACBP=A9
 0002:00005AE0 00000004 C=BSS      S=.bss     G=DGROUP   M=ListActns ACBP=A9
 0002:00005AE4 00000010 C=BSS      S=.bss     G=DGROUP   M=ComCtrls ACBP=A9
 0002:00005AF4 00000008 C=BSS      S=.bss     G=DGROUP   M=Themes   ACBP=A9
 0002:00005AFC 00000004 C=BSS      S=.bss     G=DGROUP   M=StdCtrls ACBP=A9
 0002:00005B00 00000004 C=BSS      S=.bss     G=DGROUP   M=StdActns ACBP=A9
 0002:00005B04 00000014 C=BSS      S=.bss     G=DGROUP   M=WinHelpViewer ACBP=A9
 0002:00005B18 00000080 C=BSS      S=.bss     G=DGROUP   M=Controls ACBP=A9
 0002:00005B98 00000004 C=BSS      S=.bss     G=DGROUP   M=ActnList ACBP=A9
 0002:00005B9C 0000000C C=BSS      S=.bss     G=DGROUP   M=ImgList  ACBP=A9
 0002:00005BA8 00000010 C=BSS      S=.bss     G=DGROUP   M=Menus    ACBP=A9
 0002:00005BB8 00000020 C=BSS      S=.bss     G=DGROUP   M=Forms    ACBP=A9
 0002:00005BD8 00000004 C=BSS      S=.bss     G=DGROUP   M=EngineInterface ACBP=A9
 0002:00005BDC 00000004 C=BSS      S=.bss     G=DGROUP   M=MaskUtils ACBP=A9
 0002:00005BE0 00000004 C=BSS      S=.bss     G=DGROUP   M=Mask     ACBP=A9
 0002:00005BE4 00000004 C=BSS      S=.bss     G=DGROUP   M=RzGrafx  ACBP=A9
 0002:00005BE8 00000008 C=BSS      S=.bss     G=DGROUP   M=RzCommon ACBP=A9
 0002:00005BF0 00000004 C=BSS      S=.bss     G=DGROUP   M=DateUtils ACBP=A9
 0002:00005BF4 00000004 C=BSS      S=.bss     G=DGROUP   M=RzBorder ACBP=A9
 0002:00005BF8 00000004 C=BSS      S=.bss     G=DGROUP   M=RzCommonCursors ACBP=A9
 0002:00005BFC 00000004 C=BSS      S=.bss     G=DGROUP   M=RzSpnEdt ACBP=A9
 0002:00005C00 00000004 C=BSS      S=.bss     G=DGROUP   M=RzCommonBitmaps ACBP=A9
 0002:00005C04 00000004 C=BSS      S=.bss     G=DGROUP   M=RzLabel  ACBP=A9
 0002:00005C08 00000004 C=BSS      S=.bss     G=DGROUP   M=RzIntLst ACBP=A9
 0002:00005C0C 00000004 C=BSS      S=.bss     G=DGROUP   M=RzRadChk ACBP=A9
 0002:00005C10 00000004 C=BSS      S=.bss     G=DGROUP   M=RzRadGrp ACBP=A9
 0002:00005C14 00000004 C=BSS      S=.bss     G=DGROUP   M=RzCmboBx ACBP=A9
 0002:00005C18 00000004 C=BSS      S=.bss     G=DGROUP   M=RzLstBox ACBP=A9
 0002:00005C1C 00000004 C=BSS      S=.bss     G=DGROUP   M=RzChkLst ACBP=A9
 0002:00005C20 00000004 C=BSS      S=.bss     G=DGROUP   M=RzToolbarForm ACBP=A9
 0002:00005C24 00000030 C=BSS      S=.bss     G=DGROUP   M=RzButton ACBP=A9
 0002:00005C54 00000004 C=BSS      S=.bss     G=DGROUP   M=RzPanel  ACBP=A9
 0002:00005C58 00000004 C=BSS      S=.bss     G=DGROUP   M=RzPopups ACBP=A9
 0002:00005C5C 00000004 C=BSS      S=.bss     G=DGROUP   M=RzEdit   ACBP=A9
 0002:00005C60 00000028 C=BSS      S=.bss     G=DGROUP   M=RzBtnEdt ACBP=A9
 0002:00005C88 00000004 C=BSS      S=.bss     G=DGROUP   M=DCPconst ACBP=A9
 0002:00005C8C 00000004 C=BSS      S=.bss     G=DGROUP   M=Base64   ACBP=A9
 0002:00005C90 00000004 C=BSS      S=.bss     G=DGROUP   M=Sha1     ACBP=A9
 0002:00005C94 00000004 C=BSS      S=.bss     G=DGROUP   M=DCPcrypt ACBP=A9
 0002:00005C98 00000004 C=BSS      S=.bss     G=DGROUP   M=Mars     ACBP=A9
 0002:00005C9C 00000004 C=BSS      S=.bss     G=DGROUP   M=DES      ACBP=A9
 0002:00005CA0 00000004 C=BSS      S=.bss     G=DGROUP   M=Cast256  ACBP=A9
 0002:00005CA4 00000004 C=BSS      S=.bss     G=DGROUP   M=WinSock  ACBP=A9
 0002:00005CA8 00000004 C=BSS      S=.bss     G=DGROUP   M=JSocket  ACBP=A9
 0002:00005CAC 00000004 C=BSS      S=.bss     G=DGROUP   M=Grobal2  ACBP=A9
 0002:00005CB0 00000004 C=BSS      S=.bss     G=DGROUP   M=Crc      ACBP=A9
 0002:00005CB4 00000014 C=BSS      S=.bss     G=DGROUP   M=EncryptUnit ACBP=A9
 0002:00005CC8 00000010 C=BSS      S=.bss     G=DGROUP   M=Common   ACBP=A9
 0002:00005CD8 0000001C C=BSS      S=.bss     G=DGROUP   M=Main     ACBP=A9


  Address         Publics by Name

 0002:00005BEC       .01
 0002:00005A60       .1
 0002:00005A5C       .1
 0002:00005A58       .1
 0002:00005A6C       .1
 0002:00005A54       .1
 0002:00005A68       .1
 0002:00005C00       .1
 0002:00005A4C       .1
 0002:00005A3C       .1
 0002:00005BE4       .1
 0002:00005C8C       .1
 0002:00005A80       .1
 0002:00005BF8       .1
 0002:00005BF0       .1
 0002:00005888       .1
 0002:00005C88       .1
 0002:0000567C       .1
 0002:00005CB4       .1
 0002:00005670       .1
 0002:00005678       .1
 0002:00005A90       .1
 0002:00005668       .1
 0002:000058F4       .1
 0002:00005CB0       .1
 0002:00005B0C       .1
 0002:00005CD4       .1
 0002:00005920       .1
 0002:00005934       .1
 0002:00005CA4       .1
 0002:00005AD0       .1
 0002:00005968       .1
 0002:00005A64       .1
 0002:0000583C       .1
 0002:00005C5C       .11
 0002:00005C18       .11
 0002:00005A70       .11
 0002:00005A7C       .12
 0002:00005890       .12
 0002:00005CF0       .2
 0002:00005A88       .2
 0002:00005C1C       .2
 0002:00005AF4       .2
 0002:00005938       .2
 0002:00005C20       .2
 0002:00005CA0       .2
 0002:00005BDC       .2
 0002:00005C98       .2
 0002:000058EC       .2
 0002:00005C90       .2
 0002:000058F0       .21
 0002:00005674       .3
 0002:00005C08       .3
 0002:00005C04       .3
 0002:00005844       .3
 0002:00005B9C       .3
 0002:00005CAC       .3
 0002:00005AC4       .3
 0002:00005944       .3
 0002:00005940       .3
 0002:00005C54       .31
 0002:00005C24       .31
 0002:00005790       .35
 0002:00005AE4       .36
 0002:00005A94       .4
 0002:00005C60       .4
 0002:00005C9C       .4
 0002:00005BD8       .4
 0002:00005A50       .4
 0002:00005CA8       .41
 0002:00005BC0       .41
 0002:00005AFC       .42
 0002:00005854       .45
 0002:00005BE0       .5
 0002:000055B8       .5
 0002:00005ACC       .5
 0002:00005C10       .5
 0002:000057F8       .5
 0002:00005BF4       .5
 0002:00005BFC       .5
 0002:00005C14       .51
 0002:00005C0C       .6
 0002:0000597C       .6
 0002:00005840       .6
 0002:00005C94       .7
 0002:00005B20       .72
 0002:00005AD4       .72
 0002:00005B00       .73
 0002:00005AC8       .8
 0002:00005B98       .8
 0002:00005C58       .8
 0002:00005AE0       .8
 0002:0000581C       .81
 0002:00005BB0       .9
 0001:00001D2C       @AbstractError
 0001:000028D4       @AfterConstruction
 0001:00002700       @AsClass
 0001:00001ED0       @AStrCmp
 0001:000028E4       @BeforeDestruction
 0001:0000274C       @CallDynaInst
 0001:0000287C       @ClassCreate
 0001:000028CC       @ClassDestroy
 0001:00001D9C       @Close
 0001:00001C0C       @Copy
 0001:00003F88       @CopyArray
 0001:00003E6C       @CopyRecord
 0001:000040A0       @DispCallByIDError
 0001:0000E25C       @DispInvokeError
 0001:00004090       @Dispose
 0001:00002D60       @DoneExcept
 0001:000042F0       @DynArrayAsg
 0001:000042B4       @DynArrayClear
 0001:000040D4       @DynArrayHigh
 0001:000040CC       @DynArrayLength
 0001:000042A8       @DynArraySetLength
 0001:00002E48       @ExceptionHandler
 0001:00001F40       @FillChar
 0001:00003E48       @Finalize
 0001:00003D5C       @FinalizeArray
 0001:00003D10       @FinalizeRecord
 0001:00002764       @FindDynaInst
 0001:0000247C       @FpuInit
 0001:000023B8       @FpuMaskInit
 0001:00001A80       @FreeMem
 0001:00001A50       @GetMem
 0001:00005138       @GetTls
 0001:000032B8       @Halt
 0001:000031D8       @Halt0
 0001:000029F8       @HandleAnyException
 0001:00002CAC       @HandleFinally
 0001:00002B24       @HandleOnException
 0001:00005184       @InitExe
 0001:00003D04       @Initialize
 0001:00003C70       @InitializeArray
 0001:00003C40       @InitializeRecord
 0001:0000309C       @InitImports
 0001:00003074       @InitResStringImports
 0001:00003050       @InitResStrings
 0001:00004A7C       @IntfAddRef
 0001:00004A4C       @IntfCast
 0001:00004A08       @IntfClear
 0001:00004A20       @IntfCopy
 0001:000026DC       @IsClass
 0001:00002388       @isNECWindows
 0001:00003780       @LStrAddRef
 0001:000032F4       @LStrArrayClr
 0001:00003324       @LStrAsg
 0001:00003598       @LStrCat
 0001:000035DC       @LStrCat3
 0001:00003650       @LStrCatN
 0001:000032D0       @LStrClr
 0001:000036DC       @LStrCmp
 0001:000037F0       @LStrCopy
 0001:00003830       @LStrDelete
 0001:00003540       @LStrFromArray
 0001:000034B8       @LStrFromChar
 0001:000034C8       @LStrFromPChar
 0001:000033C0       @LStrFromPCharLen
 0001:000034F8       @LStrFromPWChar
 0001:0000342C       @LStrFromPWCharLen
 0001:00003534       @LStrFromString
 0001:00003558       @LStrFromWStr
 0001:00003878       @LStrInsert
 0001:00003368       @LStrLAsg
 0001:00003590       @LStrLen
 0001:000038D4       @LStrPos
 0001:0000391C       @LStrSetLength
 0001:00003790       @LStrToPChar
 0001:0000356C       @LStrToString
 0001:0000407C       @New
 0001:00003394       @NewAnsiString
 0001:00003988       @NewWideString
 0001:0000209C       @Pow10
 0001:00001E4C       @PStrCmp
 0001:00001E24       @PStrCpy
 0001:00001DF4       @PStrNCat
 0001:00001E30       @PStrNCpy
 0001:00002D0C       @RaiseAgain
 0001:00002CE4       @RaiseExcept
 0001:00001F60       @RandInt
 0001:00001AA0       @ReallocMem
 0001:00001CFC       @ROUND
 0001:000032C4       @RunError
 0001:00002080       @SetEq
 0001:00003010       @StartExe
 0001:000002B4       @strlen
 0001:00001D08       @TRUNC
 0001:00002D90       @TryFinallyExit
 0001:000037E8       @UniqueStringA
 0001:00001F7C       @ValLong
 0001:0000F954       @VarAddRef
 0001:0000E548       @VarClear
 0001:00003D44       @VarClr
 0001:0000E55C       @VarClr
 0001:0000E884       @VarCopy
 0001:00003E54       @VarCopy
 0001:0000F88C       @VarFromBool
 0001:0000F8DC       @VarFromCurr
 0001:0000F824       @VarFromInt
 0001:0000F860       @VarFromInt64
 0001:0000F8F0       @VarFromLStr
 0001:0000F8B4       @VarFromReal
 0001:0000F8C8       @VarFromTDateTime
 0001:0000F91C       @VarFromWStr
 0001:0000E2B0       @VarNull
 0001:0000EBB0       @VarToLStr
 0001:0000F2D0       @VarToWStr
 0001:000039C8       @WStrArrayClr
 0001:000039EC       @WStrAsg
 0001:000039B0       @WStrClr
 0001:00003B28       @WStrCmp
 0001:00003BAC       @WStrCopy
 0001:00003AFC       @WStrFromLStr
 0001:00003A10       @WStrFromPCharLen
 0001:00003AC0       @WStrFromPWChar
 0001:00003A9C       @WStrFromPWCharLen
 0001:00003B1C       @WStrLen
 0001:00003BF8       @WStrSetLength
 0001:00003B0C       @WStrToPWChar
 0001:0000205C       @_CLenToPasStr
 0001:00002050       @_CToPasStr
 0001:00001BDC       @_IOTest
 0001:000040A8       @_llmul
 0001:0000ADD0       Abort
 0001:00039958       AbsMin
 0001:0000B154       AbstractErrorHandler
 0002:00005028       AbstractErrorProc
 0002:00000144       AccessMode
 0001:00001B3C       AcquireExceptionObject
 0001:00013420       ActivateClassGroup
 0001:000057D4       ActivateKeyboardLayout
 0002:00005B54       ActiveDrag
 0001:000110BC       ActiveX
 0001:00048C18       ActnList
 0001:00000424       AddBlockAfter
 0002:000003B8       AddDataModule
 0001:00006FE8       AddExitProc
 0001:0001658C       AddFinished
 0001:0004BF5C       AddIn
 0001:00004860       AddModuleUnloadProc
 0001:00004870       AddModuleUnloadProc
 0001:000165C4       AddNotFinished
 0001:00073568       AddSearchFile
 0001:00016FE8       AddSubComponentsToLoaded
 0001:0001E524       AdjustColor
 0001:000072E8       AdjustLineBreaks
 0001:00053000       Adjustment
 0001:000057DC       AdjustWindowRectEx
 0002:00000AC8       Alignments
 0002:00000D74       Alignments
 0002:00000A88       Alignments
 0002:00000D84       Alignments
 0002:000009E4       AlignStyles
 0001:00059F44       AlignWork
 0001:0003EFC4       AlignWork
 0001:0001A6DC       AllocateHWnd
 0001:00027228       AllocFilterStr
 0001:00006F8C       AllocMem
 0002:000055B0       AllocMemCount
 0002:000055B4       AllocMemSize
 0001:000234CC       AllocPatternBitmap
 0001:000050E0       AllocTlsBuffer
 0002:00000B60       AnchorAlign
 0002:00000B54       AnimateWindowProc
 0002:00000C5C       AnimationStyle
 0001:000071F0       AnsiCompareStr
 0001:00007228       AnsiCompareText
 0001:00007BC8       AnsiLastChar
 0001:000057E4       AnsiLower
 0001:000071BC       AnsiLowerCase
 0001:0000BBB4       AnsiLowerCaseFileName
 0001:0000BB78       AnsiPos
 0001:000507E4       AnsiSameCaption
 0001:00007260       AnsiSameText
 0001:00007278       AnsiStrLIComp
 0001:0000BC40       AnsiStrPos
 0001:0000BD00       AnsiStrRScan
 0001:0000BD48       AnsiStrScan
 0001:00004E7C       AnsiToUtf8
 0001:00007188       AnsiUpperCase
 0001:000090E8       AppendChars
 0001:000094B4       AppendFormat
 0001:0000914C       AppendNumber
 0001:0000912C       AppendString
 0002:00005BB8       Application
 0002:000003C8       ApplicationHandleException
 0002:000003D0       ApplicationShowException
 0002:00000EB0       AppVisible
 0002:00000EC0       ArrowKey
 0001:0000B138       AssertErrorHandler
 0002:00005020       AssertErrorProc
 0001:00010B54       AssignLongStr
 0001:00010EF8       AssignVariant
 0002:00005608       avail
 0002:00001338       B64
 0002:00003D74       B64
 0001:00007D40       BackfillGetDiskFreeSpaceEx
 0001:0003C4EC       BackgroundClipped
 0001:0000D250       BackupVarBoolFromStr
 0001:0000D3B0       BackupVarBStrFromBool
 0001:0000D2D0       BackupVarBStrFromCy
 0001:0000D340       BackupVarBStrFromDate
 0001:0000D1E4       BackupVarCyFromStr
 0001:0000D178       BackupVarDateFromStr
 0001:0000D034       BackupVarI4FromStr
 0001:0000CFE0       BackupVariantChangeTypeEx
 0001:0000D0A0       BackupVarR4FromStr
 0001:0000D10C       BackupVarR8FromStr
 0001:0006AFA8       Base64
 0001:0006ADF4       Base64Decode
 0001:0006AF2C       Base64DecodeStr
 0001:0006AC18       Base64Encode
 0001:0006ADAC       Base64EncodeStr
 0001:0000B734       Beep
 0001:00013778       BeginGlobalLoading
 0001:000057EC       BeginPaint
 0001:0001E530       BetterSize
 0001:0004CDF0       BiDiDraw
 0001:000055CC       BitBlt
 0002:000012E8       BitBtnCaptions
 0002:00000970       BitBtnCaptions
 0002:00005C28       BitBtnGlyphs
 0002:00005A98       BitBtnGlyphs
 0002:000006D4       BitmapCanvasList
 0002:000058A8       BitmapImageLock
 0001:0000D01C       BiUnimplemented
 0002:000003F0       BlockCode
 0002:000055E0       blockDescBlockList
 0002:000055E4       blockDescFreeList
 0002:000003AC       BooleanIdents
 0002:00000328       BooleanToStringRule
 0001:00007858       BoolToStr
 0001:0000E938       BoolToWStrViaOS
 0002:00000A80       BorderStyles
 0001:0000523C       Bounds
 0001:00012738       Bounds
 0002:00005CEC       boWork
 0002:00000D1C       Breaks
 0002:000058E0       BrushManager
 0002:00005C64       BtnEdtGlyphs
 0002:00001314       BtnEdtResNames
 0001:0004F5C4       BuildImage
 0002:000007CC       ButtonCaptions
 0002:000007A0       ButtonNames
 0002:00000D98       Buttons
 0001:000289A4       Buttons
 0002:00000AF8       ButtonStyles
 0001:0001DCFC       BytesPerScanline
 0001:0001E060       ByteSwapColors
 0001:0000B818       ByteToCharIndex
 0001:0000B7F0       ByteToCharLen
 0001:0000B7B4       ByteType
 0001:0000B73C       ByteTypeTest
 0002:00005BA0       CachedComCtrlVer
 0001:00072268       CalcBufferCRC
 0001:0001A618       CalcJmpOffset
 0001:00046C84       CalcSplitterPos
 0001:000057F4       CallNextHookEx
 0001:0000C420       CallTerminateProcs
 0001:000057FC       CallWindowProc
 0001:0003A990       CancelDrag
 0002:000058E4       CanvasList
 0002:00005B68       CanvasList
 0002:0000078C       Captions
 0002:00000C18       CaptureControl
 0001:00072180       Cast256
 0002:00000CBC       cBooleanToItemAutoFlag
 0001:000604F4       CenterRect
 0001:00026B38       CenterWindow
 0002:00005A86       CF_COMPONENT
 0002:00005A84       CF_PICTURE
 0002:00005814       ChangeAnyProc
 0001:00038F10       ChangeBiDiModeAlignment
 0002:00000AA8       CharCases
 0001:000033F0       CharFromWChar
 0001:0000B9FC       CharLength
 0001:00005804       CharLowerBuff
 0001:00000234       CharNext
 0001:0000580C       CharNext
 0001:0001C600       CharsetToIdent
 0001:0000B904       CharToByteIndex
 0001:0000B968       CharToByteLen
 0001:00005814       CharToOemA
 0001:0000581C       CharUpperBuff
 0001:0001EB14       CheckBool
 0001:00002974       CheckJmp
 0001:00005824       CheckMenuItem
 0002:00000D0C       Checks
 0001:00017024       CheckSubComponents
 0001:000193F0       CheckSynchronize
 0001:00052A3C       CheckTaskWindow
 0001:0003A644       CheckUndock
 0001:0000B628       CheckWin32Version
 0002:0000032C       CInvalidCustomVariantType
 0002:00001C34       Cipher1
 0002:00001C44       Cipher2
 0002:00001C54       Cipher3
 0002:00002CC4       CipherText
 0002:00000CC0       cItemAutoFlagToBoolean
 0002:00000CB8       cItemAutoFlagToMenu
 0001:0001A868       Classes
 0001:000131E4       ClassNotFound
 0002:00005810       ClearAnyProc
 0001:0001BE80       ClearColor
 0001:0000FC90       ClearVariantTypeList
 0001:0000582C       ClientToScreen
 0001:0004426C       ClientToWindow
 0001:0002873C       Clipboard
 0002:000006CC       ClipboardFormats
 0001:00028828       Clipbrd
 0001:00005834       CloseClipboard
 0001:00005384       CloseHandle
 0002:00005984       CloseThemeData
 0002:0000503C       CmdLine
 0002:00005038       CmdShow
 0002:00000CB4       cMenuAutoFlagToItem
 0001:0000D028       CmpUnimplemented
 0002:00000F3C       Colors
 0002:00000F1C       Colors
 0002:0000044C       Colors
 0001:00060B4C       ColorsTooClose
 0002:00000F5C       ColorSwatches
 0001:00060540       ColorToHSL
 0001:0001C3F8       ColorToIdent
 0002:000007F8       ColorToPretyName
 0001:0001C3E8       ColorToRGB
 0002:000058F8       ComCtl32DLL
 0002:00005AF0       ComCtlVersion
 0001:0002CDF0       ComCtrls
 0002:00005BB4       CommandPool
 0001:00023B5C       CommCtrl
 0001:0002642C       CommDlg
 0001:000007A4       Commit
 0002:00005624       committedRoot
 0001:00072910       Common
 0001:0004B540       CompareFront
 0001:000732F0       CompareLStr
 0001:000070F0       CompareMem
 0001:0006DA1C       CompareMemory
 0001:000070C0       CompareStr
 0001:0000538C       CompareString
 0001:00007110       CompareText
 0001:00007780       CompareWith
 0001:00017104       ComponentCreated
 0001:0001E8D4       ComputeAldusChecksum
 0001:000281DC       ComStrs
 0002:00005CCC       ConfigOptionSize
 0001:0001ABE4       Consts
 0001:000239CC       Contnrs
 0002:00005B26       ControlAtom
 0002:00005B2C       ControlAtomString
 0001:000577E8       ControlHasHelp
 0001:00047920       Controls
 0001:0000AB60       ConvertAddr
 0001:00009240       ConvertEraString
 0001:00006F68       ConvertErrorFmt
 0001:000093AC       ConvertYearString
 0001:000040DC       CopyArray
 0001:00020A9C       CopyBitmap
 0001:00021164       CopyBitmapAsMask
 0001:000055D4       CopyEnhMetaFile
 0001:00021100       CopyPalette
 0002:00000A1C       Copyright
 0001:0004E670       CopyToBest
 0001:0000B874       CountChars
 0002:000058C0       CounterLock
 0002:00000330       CRangeToType
 0001:00072260       Crc
 0001:0000B07C       CreateAssertException
 0001:0000B204       CreateAVObject
 0001:000055DC       CreateBitmap
 0001:000055E4       CreateBrushIndirect
 0001:000055EC       CreateCompatibleBitmap
 0001:000055F4       CreateCompatibleDC
 0001:00017184       CreateComponent
 0001:00005604       CreateDIBitmap
 0001:000055FC       CreateDIBSection
 0001:00007DC0       CreateDir
 0001:00005394       CreateDirectory
 0001:0000539C       CreateEvent
 0001:000053A4       CreateFile
 0001:0000560C       CreateFontIndirect
 0001:00005614       CreateHalftonePalette
 0001:0000583C       CreateIcon
 0001:0000AFA8       CreateInOutError
 0001:00005844       CreateMenu
 0001:0000561C       CreatePalette
 0001:00005624       CreatePenIndirect
 0001:0000584C       CreatePopupMenu
 0001:0000562C       CreateSolidBrush
 0001:0001E0B8       CreateSystemPalette
 0001:000053AC       CreateThread
 0001:00005E4C       CreateWindow
 0001:00005DF4       CreateWindowEx
 0002:00000728       CreationControl
 0002:00000B58       CreationControl
 0002:00000398       CRelationshipToBoolean
 0002:00000314       CResult
 0002:00000B44       CSHREDRAW
 0002:0000013C       cSimpleBoolStrs
 0002:00000344       CText
 0002:00000C54       Ctl3DStyles
 0002:0000561C       curAlloc
 0002:00005688       CurrencyDecimals
 0002:00005684       CurrencyFormat
 0002:00005680       CurrencyString
 0002:00005BE8       CurrentXPColorScheme
 0001:000090D4       CurrentYear
 0001:00008C60       CurrToStr
 0001:0000E8C8       CurrToWStrViaOS
 0002:00000E34       CursorMap
 0002:00000B68       Cursors
 0001:00039230       CursorToIdent
 0002:00000E24       cUseAlpha
 0002:00000E2C       cUseColorKey
 0002:00001194       CustomColorItem
 0001:000074F4       CvtInt
 0001:00007560       CvtInt64
 0002:0000017C       CWNear
 0001:00060AD0       DarkerColor
 0002:00000B4C       Data
 0001:00028BE0       DataTypeToRegData
 0002:00005689       DateSeparator
 0001:00009CE8       DateTimeToStr
 0001:00009C8C       DateTimeToString
 0001:00008D20       DateTimeToTimeStamp
 0001:0000E900       DateToWStrViaOS
 0001:00063B00       DateUtils
 0001:000090AC       DayOfWeek
 0002:00000178       DCon10
 0001:0006AC10       DCPconst
 0001:0006DACC       DCPcrypt
 0002:00005CC0       DCP_3Des
 0002:00005CC4       DCP_Cast256
 0002:00005CBC       DCP_Des
 0002:00005CB8       DCP_Mars
 0002:00000448       DDBsOnly
 0001:0001A790       DeallocateHWnd
 0002:0000002C       DebugHook
 0002:00005687       DecimalSeparator
 0001:0000908C       DecodeDate
 0001:00008F3C       DecodeDateFully
 0001:00008DD4       DecodeTime
 0001:00000864       Decommit
 0001:00000F90       DecommitFree
 0002:000055F8       decommittedRoot
 0001:0007265C       DecryptBuffer
 0001:00072750       DecryptBuffer_3Des
 0001:000722F0       DecryptString
 0001:000726E8       DecryptString_Mars
 0001:000722C4       DecryStrHex3
 0001:0005AB80       Default
 0001:00055468       Default
 0002:00000024       Default8087CW
 0002:00000EB8       DefaultBlank
 0002:0000118C       DefaultColorItem
 0002:00000B5C       DefaultDockTreeClass
 0002:000055BC       DefaultUserCodePage
 0002:0000069C       DefBrushData
 0002:0000041C       DefFontData
 0001:00005854       DefFrameProc
 0002:00000208       DefLongDayNames
 0002:000001BC       DefLongMonthNames
 0001:0000585C       DefMDIChildProc
 0002:0000067C       DefPenData
 0002:000001EC       DefShortDayNames
 0002:0000018C       DefShortMonthNames
 0001:00005864       DefWindowProc
 0001:00004348       DelayLoadResourceModule
 0001:00000480       DeleteBlock
 0001:000053B4       DeleteCriticalSection
 0001:00000390       DeleteCriticalSection
 0001:00005634       DeleteDC
 0001:0000563C       DeleteEnhMetaFile
 0001:00000D78       DeleteFree
 0001:0000586C       DeleteMenu
 0001:00005644       DeleteObject
 0001:00071168       DES
 0001:00020658       DeselectBitmap
 0001:00005874       DestroyCursor
 0001:0000587C       DestroyIcon
 0001:000288D4       DestroyLocals
 0001:00005884       DestroyMenu
 0001:0000588C       DestroyWindow
 0002:00001C74       des_skb
 0002:00002474       des_sptrans
 0001:000367A4       DialogEnumerationTester
 0001:00026BEC       DialogHook
 0001:00027AD8       Dialogs
 0002:000006D8       DIBPalSizes
 0002:00000090       dig
 0001:000079C0       DirectoryExists
 0002:00005CE4       DirectoryList
 0001:00052878       DisableTaskWindows
 0001:00005894       DispatchMessage
 0001:00058AC8       DispatchShortCut
 0002:00005000       DispCallByIDProc
 0001:00006F4C       DivMod
 0001:00026464       Dlgs
 0001:00059DF8       DoAlign
 0001:0003EE54       DoAlign
 0001:00042F4C       DoCalcConstraints
 0002:00005B5C       DockSiteList
 0001:0004F290       DoClick
 0001:00040598       DoControlMsg
 0001:00052828       DoDisableWindow
 0001:00039F70       DoDragOver
 0001:00006FAC       DoExitProc
 0001:00044F58       DoFindControlZone
 0001:0005297C       DoFindWindow
 0001:000454E4       DoFindZone
 0001:00044FDC       DoForEach
 0001:000468E8       DoGetNextLimit
 0001:000527F0       DoneApplication
 0001:00047648       DoneControls
 0001:0000B538       DoneExceptions
 0001:00056E44       DoNestedActivation
 0001:000193B0       DoneThreadSynchronization
 0001:0005BEB4       DoOnHelp
 0001:0003EA14       DoPosition
 0001:00059C48       DoPosition
 0001:00045F10       DoPrune
 0001:000463E8       DoSaveZone
 0001:00073928       DoSearchFile
 0001:000465EC       DoSetNewBounds
 0002:000003B4       DotSep
 0001:00014604       DoWrite
 0001:0001ED6C       DoWrite
 0001:00049BA0       DoWrite
 0001:0001F7A4       DoWrite
 0001:0003FB80       DoWriteDesignSize
 0001:0003D5EC       DoWriteIsControl
 0002:00005B40       DragCapture
 0002:00005B34       DragControl
 0001:0003A6B8       DragDone
 0001:00039F20       DragFindTarget
 0001:00039EF4       DragFindWindow
 0002:00005B58       DragImageList
 0001:0003A310       DragInit
 0001:0003A480       DragInitControl
 0002:00005B3C       DragInternalObject
 0001:00039E3C       DragMessage
 0002:00005B38       DragObject
 0002:00005B64       DragSave
 0002:00005B4C       DragSaveCursor
 0002:00005B44       DragStartPos
 0002:00005B50       DragThreshold
 0001:0003A040       DragTo
 0001:0005ABBC       DrawAppIcon
 0001:00060E5C       DrawBevel
 0001:00061064       DrawBorder
 0001:000610A0       DrawBorderSides
 0001:000616DC       DrawBox
 0001:00060F3C       DrawButtonBorderSides
 0001:00045A7C       DrawCloseButton
 0001:00061304       DrawColorBorder
 0001:00061344       DrawColorBorderSides
 0001:00060FB4       DrawColorButtonBorderSides
 0001:00060EC4       DrawCtl3DBorderSides
 0001:000618F0       DrawDropDownArrow
 0001:0000589C       DrawEdge
 0001:000058A4       DrawFocusRect
 0001:0006178C       DrawFrame
 0001:000058AC       DrawFrameControl
 0001:0005F7E0       DrawFullTransparentBitmap
 0001:00045AD4       DrawGrabberLine
 0001:000058B4       DrawIcon
 0001:000058BC       DrawIconEx
 0002:00000C90       DrawingStyles
 0001:000058C4       DrawMenuBar
 0001:00050600       DrawMenuItem
 0001:00060D68       DrawSides
 0001:00061D58       DrawSpinArrow
 0001:000058CC       DrawText
 0002:00005988       DrawThemeBackground
 0001:00065110       DrawThemeButton
 0001:00065B44       DrawThemeDropDownButton
 0002:000059AC       DrawThemeEdge
 0002:000059B0       DrawThemeIcon
 0002:00005A34       DrawThemeParentBackground
 0001:000654D4       DrawThemeSpinButton
 0002:0000598C       DrawThemeText
 0001:0001DB7C       DupBits
 0001:000040F4       DynArrayClear
 0001:000040FC       DynArraySetLength
 0002:00000D7C       EdgeStyle
 0002:00000C44       EdgeStyles
 0001:0000AF7C       EHeapException.FreeInstance
 0002:00000AC4       Empty
 0001:000058D4       EmptyClipboard
 0002:000057FC       EmptyParam
 0002:000000C0       EmptyStr
 0002:000000C4       EmptyWideStr
 0001:000058DC       EnableMenuItem
 0002:00000D14       Enables
 0001:000058E4       EnableScrollBar
 0001:0005292C       EnableTaskWindows
 0002:00005A1C       EnableThemeDialogTexture
 0002:00005A38       EnableTheming
 0001:000058EC       EnableWindow
 0001:000725E8       EncryptBuffer
 0001:00072714       EncryptBuffer_3Des
 0001:00072448       EncryptString
 0001:000726BC       EncryptString_Mars
 0001:000727E4       EncryptUnit
 0001:00072298       EncryStrHex3
 0001:00013800       EndGlobalLoading
 0001:000058F4       EndPaint
 0001:0005CF88       EngineInterface
 0001:00000380       EnterCriticalSection
 0001:000053BC       EnterCriticalSection
 0001:000053C4       EnumCalendarInfoA
 0001:000058FC       EnumClipboardFormats
 0002:0000591C       EnumDisplayMonitors
 0001:0000A7D4       EnumEraNames
 0001:0000A810       EnumEraYearOffsets
 0001:00055A2C       EnumMonitorsProc
 0001:00005904       EnumThreadWindows
 0001:00016934       EnumValue
 0001:0000590C       EnumWindows
 0001:00005914       EqualRect
 0002:00005750       EraNames
 0001:00009F60       EraToYear
 0002:0000576C       EraYearOffsets
 0002:00000068       errCaption
 0001:00016118       Error
 0001:00001BD0       Error
 0001:00012D88       Error
 0001:0004B290       Error
 0002:00000004       ErrorAddr
 0001:00001B84       ErrorAt
 0001:0000B028       ErrorHandler
 0002:00000224       ErrorMap
 0002:00005008       ErrorProc
 0002:000053E4       ErrOutput
 0001:00001B10       ExceptAddr
 0002:0000500C       ExceptClsProc
 0001:0000B4A4       ExceptHandler
 0001:0000ADF0       Exception.Create
 0001:0000AE2C       Exception.CreateFmt
 0001:0000AEAC       Exception.CreateRes
 0001:0000AEE8       Exception.CreateResFmt
 0002:0000501C       ExceptionClass
 0001:0000AB6C       ExceptionErrorMessage
 0002:0000025C       ExceptMap
 0001:00001AF0       ExceptObject
 0002:00005010       ExceptObjProc
 0002:00005004       ExceptProc
 0001:0000564C       ExcludeClipRect
 0001:0000BB40       ExcludeTrailingPathDelimiter
 0002:00000000       ExitCode
 0001:0000311C       ExitDll
 0002:00005044       ExitProc
 0001:0000023C       ExitProcess
 0002:00005024       ExitProcessProc
 0002:00000138       ExitProcList
 0001:00007D04       ExpandFileName
 0001:00026EC4       ExplorerHook
 0001:00029300       ExtActns
 0001:0002813C       ExtCtrls
 0001:000289FC       ExtDlgs
 0002:00000B24       ExtendSelects
 0001:00007CBC       ExtractFileExt
 0001:00007C84       ExtractFileName
 0001:0002753C       ExtractFileName
 0001:00027584       ExtractFileNames
 0001:00007C50       ExtractFilePath
 0001:0007120C       F1
 0001:00071254       F2
 0001:0007129C       F3
 0002:0000578C       FalseBoolStrs
 0002:00005A8C       FClipboard
 0002:0000016C       FCon1E18
 0001:000079B8       FileClose
 0001:000078FC       FileCreate
 0001:00007920       FileCreate
 0002:000006D0       FileFormats
 0002:0000000C       FileMode
 0001:000078A4       FileOpen
 0001:00007928       FileRead
 0002:000003E0       FilerSignature
 0001:00007980       FileSeek
 0001:000053CC       FileTimeToDosDateTime
 0001:000053D4       FileTimeToLocalFileTime
 0001:00007954       FileWrite
 0001:00000EB0       FillAfterGap
 0001:00000E50       FillBeforeGap
 0001:00000F50       FillerSizeAfterGap
 0001:00000ED8       FillerSizeBeforeGap
 0001:0000591C       FillRect
 0001:00064058       Finalization
 0001:000291F4       Finalization
 0001:00064020       Finalization
 0001:0005CEB8       Finalization
 0001:00063FE8       Finalization
 0001:0005CF58       Finalization
 0001:00063D58       Finalization
 0001:00028A1C       Finalization
 0001:000289CC       Finalization
 0001:0002896C       Finalization
 0001:00028880       Finalization
 0001:000287EC       Finalization
 0001:00063AD0       Finalization
 0001:0005D880       Finalization
 0001:0005F7A8       Finalization
 0001:00005F9C       Finalization
 0001:0000CDC0       Finalization
 0001:000508E0       Finalization
 0001:0005F990       Finalization
 0001:000281AC       Finalization
 0001:000280F4       Finalization
 0001:00023B2C       Finalization
 0001:00063A80       Finalization
 0001:00027A7C       Finalization
 0001:00075B6C       Finalization
 0001:00072150       Finalization
 0001:00026434       Finalization
 0001:000263FC       Finalization
 0001:00068750       Finalization
 0001:000263BC       Finalization
 0001:00026330       Finalization
 0001:000262F8       Finalization
 0001:000262C0       Finalization
 0001:00026288       Finalization
 0001:0006FF74       Finalization
 0001:00026250       Finalization
 0001:00026218       Finalization
 0001:000261A8       Finalization
 0001:0002399C       Finalization
 0001:0006DA9C       Finalization
 0001:00005258       Finalization
 0001:000478B8       Finalization
 0001:00066270       Finalization
 0001:000236E4       Finalization
 0001:00048BE8       Finalization
 0001:000661C4       Finalization
 0001:00004F98       Finalization
 0001:00023504       Finalization
 0001:00066238       Finalization
 0001:00029258       Finalization
 0001:00064090       Finalization
 0001:000292B0       Finalization
 0001:0000D77C       Finalization
 0001:0001A7B8       Finalization
 0001:00005FD4       Finalization
 0001:000051C8       Finalization
 0001:00029308       Finalization
 0001:000728D4       Finalization
 0001:0002CD78       Finalization
 0001:000640C8       Finalization
 0001:000242AC       Finalization
 0001:0002DB68       Finalization
 0001:00075B28       Finalization
 0001:000062F4       Finalization
 0001:000242EC       Finalization
 0001:00064100       Finalization
 0001:0006AB8C       Finalization
 0001:0001ABB4       Finalization
 0001:000645AC       Finalization
 0001:00035C30       Finalization
 0001:00035D98       Finalization
 0001:00036A1C       Finalization
 0001:000252D4       Finalization
 0001:00064138       Finalization
 0001:0007278C       Finalization
 0001:0002531C       Finalization
 0001:00064574       Finalization
 0001:00025354       Finalization
 0001:0004A2F0       Finalization
 0001:00072230       Finalization
 0001:0006ABE0       Finalization
 0001:000100DC       Finalization
 0001:00010300       Finalization
 0001:000721F8       Finalization
 0001:0006AF78       Finalization
 0001:0006453C       Finalization
 0001:0001108C       Finalization
 0001:00025824       Finalization
 0001:0006C48C       Finalization
 0001:00071138       Finalization
 0001:000644B0       Finalization
 0001:00025678       Finalization
 0001:00011034       Finalization
 0001:000721C0       Finalization
 0001:00072188       Finalization
 0001:000040EC       FinalizeArray
 0001:00002F30       FinalizeUnits
 0001:0004F050       Find
 0001:000043D8       FindBS
 0001:000132A4       FindClass
 0001:00004340       FindClassHInstance
 0001:000053DC       FindClose
 0001:00007BAC       FindClose
 0001:0000024C       FindClose
 0001:00000E0C       FindCommitted
 0001:00039010       FindControl
 0001:00045710       FindControlAtPos
 0001:0000FF34       FindCustomVariantType
 0001:0000FFEC       FindCustomVariantType
 0001:0003A9DC       FindDragTarget
 0001:00017334       FindExistingComponent
 0001:00007B38       FindFirst
 0001:000053E4       FindFirstFile
 0001:00000254       FindFirstFile
 0001:00052A88       FindGlobalComponent
 0001:00013690       FindGlobalComponent
 0002:00005860       FindGlobalComponentProcs
 0001:00004318       FindHInstance
 0001:00013538       FindIdentToInt
 0001:00007ACC       FindMatchingFile
 0002:00005A78       FindMsg
 0001:000164C4       FindNestedComponent
 0001:00007B88       FindNext
 0001:000053EC       FindNextFile
 0001:0004B258       FindPopupControl
 0001:0000D444       FindProc
 0001:000104B4       FindPropInfo
 0001:000053F4       FindResource
 0001:00004390       FindResourceHInstance
 0001:0005C6E8       FindScanline
 0001:000357E4       FindString
 0001:000529E0       FindTopMostWindow
 0001:00018218       FindUniqueName
 0001:0003A9A8       FindVCLWindow
 0001:00005924       FindWindow
 0001:000367FC       FindWinHelp
 0001:00020A50       FixupBitFields
 0002:00000D8C       Flags
 0002:0000579C       FLanguages
 0001:000256A8       FlatSB
 0002:00005948       FlatSB_EnableScrollBar
 0002:00005954       FlatSB_GetScrollInfo
 0002:00005958       FlatSB_GetScrollPos
 0002:00005950       FlatSB_GetScrollRange
 0002:00005960       FlatSB_SetScrollInfo
 0002:0000595C       FlatSB_SetScrollPos
 0001:00025398       FlatSB_SetScrollProp
 0002:00005964       FlatSB_SetScrollRange
 0002:0000594C       FlatSB_ShowScrollBar
 0001:000088F0       FloatToDecimal
 0001:00008C30       FloatToStr
 0001:0000861C       FloatToText
 0001:00001D90       Flush
 0002:00000180       FMSecsPerDay
 0001:00008510       FmtStr
 0002:00000DA8       FocusCount
 0002:00000DA4       FocusMessages
 0002:000005EC       FontCharsets
 0002:000058D8       FontManager
 0002:00000724       ForceCurrentDirectory
 0001:000079E4       ForceDirectories
 0001:00052A5C       ForegroundTask
 0001:000084FC       Format
 0002:00000188       Format
 0001:000080EC       FormatBuf
 0001:000080E0       FormatClearStr
 0001:00008064       FormatError
 0002:00000164       FormatErrorStrs
 0001:000053FC       FormatMessage
 0001:000080BC       FormatVarToStr
 0001:0005CF14       Forms
 0001:00002094       FPower10
 0002:00000720       FPrinter
 0001:0000592C       FrameRect
 0001:0000C94C       FreeAndNil
 0001:0006AB70       FreeBitmaps
 0001:00066154       FreeBitmaps
 0001:00000B0C       FreeCommitted
 0001:00001144       FreeCurAlloc
 0001:0003AA9C       FreeDeviceContext
 0001:0003AB58       FreeDeviceContexts
 0001:0001A584       FreeIntConstList
 0001:0000025C       FreeLibrary
 0001:00005404       FreeLibrary
 0001:000205AC       FreeMemoryContexts
 0001:0001A6B8       FreeObjectInstance
 0001:00005414       FreeResource
 0001:000006DC       FreeSpace
 0001:0000C44C       FreeTerminateProcs
 0001:0002585C       FreeThemeLibrary
 0002:00005AEC       FRichEditModule
 0002:00005CD8       FrmMain
 0002:00005BE9       FullColorSupported
 0001:0001DB6C       GDICheck
 0001:0001DAC4       GDIError
 0001:0006DD24       gen_mask
 0001:00001CF4       Get8087CW
 0001:0000541C       GetACP
 0001:00005934       GetActiveWindow
 0001:0005A2D4       GetAnimation
 0001:00005654       GetBitmapBits
 0001:00000398       GetBlockDesc
 0001:0000565C       GetBrushOrgEx
 0001:000696C8       GetBtnEdtGlyph
 0001:00005DAC       GetBValue
 0001:0000593C       GetCapture
 0001:000392D8       GetCaptureControl
 0001:00013250       GetClass
 0001:00005944       GetClassInfo
 0001:0000594C       GetClassName
 0001:00005954       GetClientRect
 0001:0000595C       GetClipboardData
 0001:0001F2A0       GetClipboardFormats
 0001:00005664       GetClipBox
 0001:00000334       GetCmdShow
 0001:00048DB8       GetColor
 0001:0002A624       GetComCtlVersion
 0001:00000264       GetCommandLine
 0001:00000920       GetCommitted
 0001:000009C8       GetCommittedAt
 0001:0004014C       GetControlAtPos
 0001:00009198       GetCount
 0001:00005424       GetCPInfo
 0001:0000566C       GetCurrentPositionEx
 0001:0000542C       GetCurrentProcessId
 0002:00005A2C       GetCurrentThemeName
 0001:00000314       GetCurrentThreadId
 0001:00005434       GetCurrentThreadId
 0001:00005D30       GetCurrentTime
 0001:00005964       GetCursor
 0001:0005C6F8       GetCursorHeightMargin
 0001:0000596C       GetCursorPos
 0001:000091C8       GetDate
 0001:0000543C       GetDateFormat
 0001:00009E78       GetDateOrder
 0001:00005974       GetDC
 0001:0000597C       GetDCEx
 0001:00005674       GetDCOrgEx
 0001:0002310C       GetDefFontCharSet
 0001:00005984       GetDesktopWindow
 0001:0000568C       GetDeviceCaps
 0001:0001EAFC       GetDIB
 0001:0000567C       GetDIBColorTable
 0001:00005684       GetDIBits
 0001:0001EA44       GetDIBSizes
 0001:0001DCDC       GetDInColors
 0001:000734C0       GetDirectory
 0001:00005444       GetDiskFreeSpaceA
 0002:00000134       GetDiskFreeSpaceEx
 0001:0000598C       GetDlgItem
 0001:000469C8       GetDockAlign
 0001:00039C80       GetDockSiteAtPos
 0001:00039FAC       GetDropCtl
 0001:0000271C       GetDynaMethod
 0001:00005694       GetEnhMetaFileBits
 0001:0000569C       GetEnhMetaFileHeader
 0001:000056A4       GetEnhMetaFilePaletteEntries
 0001:00010578       GetEnumName
 0001:00010650       GetEnumNameValue
 0001:0001069C       GetEnumValue
 0001:0000A888       GetEraNamesAndYearOffsets
 0001:00009F0C       GetEraYearOffset
 0001:0000B1EC       GetExceptionClass
 0001:0000B3D8       GetExceptionObject
 0001:000131D8       GetFieldClassTable
 0001:0000544C       GetFileAttributes
 0001:0000B648       GetFileVersion
 0001:000055B4       GetFileVersionInfo
 0001:000055BC       GetFileVersionInfoSize
 0001:00005994       GetFocus
 0001:0001C620       GetFontData
 0001:0000599C       GetForegroundWindow
 0001:0000BFF4       GetFormatSettings
 0001:00005454       GetFullPathName
 0001:00005DA8       GetGValue
 0001:0001BB68       GetHashCode
 0001:00057820       GetHelpInfo
 0001:0002476C       GetHelpSystem
 0001:0005A0B8       GetHint
 0001:0005A0F0       GetHintControl
 0001:00050780       GetHotkey
 0001:000059A4       GetIconInfo
 0001:000059BC       GetKeyboardLayout
 0001:000059C4       GetKeyboardLayoutList
 0001:000059CC       GetKeyboardState
 0001:00002380       GetKeyboardType
 0001:000059AC       GetKeyNameText
 0001:000059B4       GetKeyState
 0001:000059D4       GetLastActivePopup
 0001:00044C90       GetLastChildZone
 0001:0000545C       GetLastError
 0001:0000A64C       GetLocaleChar
 0001:0000546C       GetLocaleInfo
 0001:0000026C       GetLocaleInfo
 0001:0000A600       GetLocaleStr
 0001:00005464       GetLocalTime
 0001:00039294       GetLongHint
 0001:000059DC       GetMenu
 0001:000577A8       GetMenuHelpContext
 0001:000059E4       GetMenuItemCount
 0001:000059EC       GetMenuItemID
 0001:000059F4       GetMenuItemInfo
 0001:0004D89C       GetMenuSize
 0001:000059FC       GetMenuState
 0001:00005A04       GetMenuString
 0001:00062988       GetMinFontHeight
 0001:00005474       GetModuleFileName
 0001:00000274       GetModuleFileName
 0001:0000027C       GetModuleHandle
 0001:0000547C       GetModuleHandle
 0001:000050C0       GetModuleHandle
 0002:00005910       GetMonitorInfo
 0002:00005914       GetMonitorInfoA
 0002:00005918       GetMonitorInfoW
 0001:0000A6B0       GetMonthDayNames
 0001:00005A0C       GetNextWindow
 0001:000056AC       GetObject
 0001:000263F4       GetOpenFileName
 0001:000107A8       GetOrdProp
 0001:000104DC       GetOrdProp
 0001:000056B4       GetPaletteEntries
 0001:00005A14       GetParent
 0001:00052C54       GetParentForm
 0001:000056BC       GetPixel
 0001:00000284       GetProcAddress
 0001:00005484       GetProcAddress
 0001:00005A1C       GetProp
 0001:00010770       GetPropInfo
 0001:00010474       GetPropInfo
 0001:00010494       GetPropInfo
 0001:00010700       GetPropInfo
 0001:00053114       GetRealScrollPosition
 0001:00048D98       GetRGBColor
 0001:00005DA4       GetRValue
 0001:00075054       GetSaveDir
 0001:00005A24       GetScrollInfo
 0001:00005A2C       GetScrollPos
 0001:00005A34       GetScrollRange
 0001:0001051C       GetSetProp
 0001:00010878       GetSetProp
 0001:00039250       GetShortHint
 0001:00000600       GetSpace
 0001:00000664       GetSpaceAt
 0001:0004B2E8       GetSpecialName
 0001:0000028C       GetStartupInfo
 0001:0000020C       GetStdHandle
 0001:0000548C       GetStdHandle
 0001:000056C4       GetStockObject
 0001:00005494       GetStringTypeEx
 0001:00005A3C       GetSubMenu
 0001:00005A44       GetSysColor
 0001:00005A4C       GetSysColorBrush
 0001:0000549C       GetSystemInfo
 0001:00005A54       GetSystemMenu
 0002:00005900       GetSystemMetrics
 0001:00005A5C       GetSystemMetrics
 0001:000056CC       GetSystemPaletteEntries
 0001:000056D4       GetTextExtentPoint32
 0001:000056DC       GetTextMetrics
 0002:00005A24       GetThemeAppProperties
 0002:00005990       GetThemeBackgroundContentRect
 0002:00005994       GetThemeBackgroundExtent
 0002:000059A4       GetThemeBackgroundRegion
 0002:000059C8       GetThemeBool
 0002:000059BC       GetThemeColor
 0002:00005A30       GetThemeDocumentationProperty
 0002:000059D0       GetThemeEnumValue
 0002:000059F0       GetThemeFilename
 0002:000059D8       GetThemeFont
 0002:000059CC       GetThemeInt
 0002:000059E4       GetThemeIntList
 0002:000059E0       GetThemeMargins
 0002:000059C0       GetThemeMetric
 0002:00005998       GetThemePartSize
 0002:000059D4       GetThemePosition
 0002:000059E8       GetThemePropertyOrigin
 0002:000059DC       GetThemeRect
 0002:000059C4       GetThemeString
 0002:000059FC       GetThemeSysBool
 0002:000059F4       GetThemeSysColor
 0002:000059F8       GetThemeSysColorBrush
 0002:00005A04       GetThemeSysFont
 0002:00005A0C       GetThemeSysInt
 0002:00005A00       GetThemeSysSize
 0002:00005A08       GetThemeSysString
 0002:0000599C       GetThemeTextExtent
 0002:000059A0       GetThemeTextMetrics
 0001:00000294       GetThreadLocale
 0001:000054A4       GetThreadLocale
 0001:000054AC       GetTickCount
 0001:0000032C       GetTickCount
 0001:00009200       GetTime
 0001:000050EC       GetTlsSize
 0001:0005A898       GetTopMostWindows
 0001:000393E0       GetTopParent
 0001:00005A64       GetTopWindow
 0001:0001056C       GetTypeData
 0001:000054B4       GetVersion
 0001:0000031C       GetVersion
 0001:000054BC       GetVersionEx
 0001:00005A6C       GetWindow
 0001:00005A74       GetWindowDC
 0001:00005A7C       GetWindowLong
 0001:000056EC       GetWindowOrgEx
 0001:00005A84       GetWindowPlacement
 0001:00005A8C       GetWindowRect
 0001:00005A94       GetWindowText
 0002:00005A18       GetWindowTheme
 0001:00005AA4       GetWindowThreadProcessId
 0001:00005A9C       GetWindowThreadProcessId
 0001:000056E4       GetWinMetaFileBits
 0001:00060BB4       GetXPColorScheme
 0001:000054C4       GlobalAddAtom
 0001:000054CC       GlobalAlloc
 0001:00005D3C       GlobalAllocPtr
 0001:000054D4       GlobalDeleteAtom
 0001:000054DC       GlobalFindAtom
 0002:00005864       GlobalFixupList
 0001:0001660C       GlobalFixupReferences
 0001:000054E4       GlobalFree
 0001:00005D68       GlobalFreePtr
 0001:000054F4       GlobalHandle
 0001:000054EC       GlobalLock
 0002:00005848       GlobalNameSpace
 0001:000054FC       GlobalReAlloc
 0001:00005D4C       GlobalReAllocPtr
 0001:00005504       GlobalUnlock
 0001:000235D8       Graphics
 0001:00072228       Grobal2
 0001:000133CC       GroupDescendentsWith
 0002:00005CC8       g_sUserQQKey
 0001:00057A28       HandleEdge
 0001:00017A70       HandleException
 0002:00000028       HeapAllocFlags
 0002:000055C4       heapErrorCode
 0002:000055C8       heapLock
 0001:00025314       HelpIntfs
 0002:0000593C       HelpManager
 0002:00005A74       HelpMsg
 0002:00005B10       HelpViewer
 0002:00005B14       HelpViewerIntf
 0002:00000130       HexDisplayPrefix
 0001:0006CE58       HexToInt
 0001:0006C990       HexToInt
 0002:00000AB4       HideSelections
 0001:00046A44       HideZone
 0002:00005664       HInstance
 0002:00005BCC       HintDoneEvent
 0001:0005A1C0       HintGetMsgHook
 0002:00005BD0       HintHook
 0001:0005A164       HintMouseThread
 0002:00005BD4       HintThread
 0002:00005BC8       HintThreadID
 0001:0005A110       HintTimerProc
 0002:00000D9C       HintWindowClass
 0002:000059A8       HitTestThemeBackground
 0001:0005A204       HookHintHooks
 0001:00070178       hperm_op
 0001:00060760       HSLtoColor
 0001:00005EA4       HwndMSWheel
 0002:00000D30       IBreaks
 0002:00000D3C       IChecks
 0002:00000D44       IDefaults
 0001:0001C610       IdentToCharset
 0001:0001C408       IdentToColor
 0001:00039240       IdentToCursor
 0001:000135B4       IdentToInt
 0002:00000D4C       IEnables
 0001:0004E640       IfHotkeyAvailable
 0002:00005BA4       ImageListWriteExProc
 0001:00023A88       ImageList_Add
 0001:00023AA8       ImageList_AddIcon
 0001:00023ACC       ImageList_BeginDrag
 0001:00023A70       ImageList_Create
 0001:00023A78       ImageList_Destroy
 0001:00023ADC       ImageList_DragEnter
 0001:00023AE4       ImageList_DragLeave
 0001:00023AEC       ImageList_DragMove
 0001:00023AFC       ImageList_DragShowNolock
 0001:00023AB4       ImageList_Draw
 0001:00023ABC       ImageList_DrawEx
 0001:00023AD4       ImageList_EndDrag
 0001:00023AA0       ImageList_GetBkColor
 0001:00023B04       ImageList_GetDragImage
 0001:00023B1C       ImageList_GetIconSize
 0001:00023A80       ImageList_GetImageCount
 0001:00023B0C       ImageList_Read
 0001:00023AC4       ImageList_Remove
 0001:00023A90       ImageList_ReplaceIcon
 0001:00023A98       ImageList_SetBkColor
 0001:00023AF4       ImageList_SetDragCursorImage
 0001:00023B24       ImageList_SetIconSize
 0001:00023B14       ImageList_Write
 0002:00000CA0       Images
 0001:0004A320       ImgList
 0001:0002431C       Imm
 0002:00000C84       IMM32DLL
 0001:00047634       Imm32IsIME
 0002:00000184       IMSecsPerDay
 0002:00003CDC       InBlock1
 0002:00003D14       InBlock2
 0002:00003D54       InBlock3
 0001:0000E2C4       InBounds
 0001:0000E564       InBounds
 0001:0000BAEC       IncludeTrailingBackslash
 0001:0000BB00       IncludeTrailingPathDelimiter
 0001:0000E2F4       Increment
 0001:0000E594       Increment
 0002:00002C74       InData1
 0002:00002C8C       InData2
 0001:00005AAC       InflateRect
 0001:00028A64       IniFiles
 0001:00000BA0       InitAllocator
 0001:00023B64       InitAnApi
 0002:00005928       InitApis
 0001:000239DC       InitComCtl
 0001:0002A5F8       InitCommonControl
 0001:000239D4       InitCommonControls
 0001:00023A3C       InitCommonControlsEx
 0001:0001385C       InitComponent
 0002:00005634       InitContext
 0001:000476D0       InitControls
 0001:00023150       InitDefFontData
 0001:0000C478       InitDriveSpacePtr
 0001:0000B4B4       InitExceptions
 0001:000253F4       InitFlatSB
 0001:00027928       InitGlobals
 0001:00072838       Initialize
 0001:0001E8FC       InitializeBitmapInfoHeader
 0001:0000550C       InitializeCriticalSection
 0001:00000378       InitializeCriticalSection
 0002:000055C0       initialized
 0001:000253CC       InitializeFlatSB
 0001:00005178       InitializeModule
 0001:0000D470       InitializeVarUtils
 0001:000472D4       InitIMM32
 0001:00013904       InitInheritedComponent
 0001:0000BE04       InitLeadBytes
 0001:00024240       InitMultiMonStubs
 0001:0000B5B8       InitPlatformId
 0002:00005040       InitProc
 0001:0005CE2C       InitProcs
 0001:000230D4       InitScreenLogPixels
 0001:0000BE7C       InitSysLocale
 0001:00025A1C       InitThemeLibrary
 0001:0001937C       InitThreadSynchronization
 0001:000050F4       InitThreadTLS
 0001:00002FA0       InitUnits
 0001:00038F24       InitWndProc
 0002:00000C24       InnerStyles
 0002:0000504C       Input
 0001:00059BE8       InsertBefore
 0001:0003E988       InsertBefore
 0001:0000104C       InsertFree
 0001:0004E6F4       InsertHotkeyFarEastFormat
 0001:00005AB4       InsertMenu
 0001:00005ABC       InsertMenuItem
 0002:00005880       InstBlockList
 0002:00005884       InstFreeList
 0002:00005858       IntConstList
 0002:00000B2C       IntegralHeights
 0001:0000030C       InterlockedDecrement
 0001:0000C4E0       InterlockedDecrement
 0001:0000540C       InterlockedExchange
 0001:0000C4EC       InterlockedExchange
 0001:0000C4F4       InterlockedExchangeAdd
 0001:00000304       InterlockedIncrement
 0001:0000C4D4       InterlockedIncrement
 0001:0001BAF4       InternalDeletePalette
 0001:00001D48       InternalFlush
 0001:00000E8C       InternalFreeMem
 0001:0001EA4C       InternalGetDIB
 0001:0001E9E0       InternalGetDIBSizes
 0001:000136F4       InternalReadComponentRes
 0002:00005AF8       InternalServices
 0001:0000379C       InternalUniqueString
 0001:000056F4       IntersectClipRect
 0001:00005AC4       IntersectRect
 0001:00007654       IntToHex
 0001:000135F4       IntToIdent
 0001:00007540       IntToStr
 0001:0000762C       IntToStr
 0001:00005ACC       InvalidateRect
 0001:00061858       InvalidateWindowFrame
 0001:0001DA4C       InvalidBitmap
 0001:0001DA34       InvalidGraphic
 0001:0001DA58       InvalidIcon
 0001:0001DA64       InvalidMetafile
 0001:0001DA1C       InvalidOperation
 0001:00012760       InvalidPoint
 0002:00005798       InvalidPointer
 0001:000025C8       InvokeImplGetter
 0001:00001C50       IOResult
 0002:00000D6C       IOwnerDraw
 0002:00000D54       IRadios
 0002:00000D64       IRTL
 0001:00052BE4       IsAccel
 0001:0004F8D4       IsAccelChar
 0002:00005A14       IsAppThemed
 0001:00039A38       IsBeforeTargetWindow
 0001:00005AD4       IsCharAlpha
 0001:00005ADC       IsCharAlphaNumeric
 0001:00005AE4       IsChild
 0002:00005048       IsConsole
 0001:0000BAA8       IsDelimiter
 0001:00039E94       IsDelphiHandle
 0001:00005AEC       IsDialogMessage
 0001:00073870       IsDir
 0001:00073428       IsDirectory
 0001:0007339C       IsEnCodeStringList
 0002:00000D5C       ISeparators
 0001:000738D0       IsFile
 0001:0007372C       IsFileExtractName
 0001:00060D10       IsFullColorSupported
 0001:00005AF4       IsIconic
 0001:0004F930       IsInitialChar
 0001:0005EF74       IsKatakana
 0001:00008E30       IsLeapYear
 0002:00005034       IsLibrary
 0001:0005D4E8       IsLiteralChar
 0002:00005049       IsMultiThread
 0001:000446F4       IsOrientationSet
 0001:0000BA74       IsPathDelimiter
 0001:00010450       IsPublishedProp
 0001:00005AFC       IsRectEmpty
 0001:00028BCC       IsRelative
 0001:00039C3C       IsSiteChildOfClient
 0002:00005A10       IsThemeActive
 0002:000059B8       IsThemeBackgroundPartiallyTransparent
 0002:00005A20       IsThemeDialogTextureEnabled
 0002:000059B4       IsThemePartDefined
 0001:000136D0       IsUniqueGlobalComponentName
 0002:0000584C       IsUniqueGlobalComponentNameProc
 0001:00007490       IsValidIdent
 0001:0000BE64       IsWesternGroup
 0001:00005B04       IsWindow
 0001:00005B0C       IsWindowEnabled
 0001:00005B14       IsWindowVisible
 0001:00005B1C       IsZoomed
 0001:0004B6B4       Iterate
 0001:0004B714       IterateMenus
 0002:00000030       JITEnable
 0001:000721F0       JSocket
 0002:00002CA4       Key
 0002:00001BBC       Key1
 0002:00003CCC       Key1
 0002:00002C84       Key1
 0002:00003CFC       Key2
 0002:00001BCC       Key2
 0002:00002C9C       Key2
 0002:00003D34       Key3
 0002:00001BE4       Key3
 0001:00052B98       KeyboardStateToShiftState
 0001:00052B5C       KeyDataToShiftState
 0001:00052B08       KeysToShiftState
 0001:00005B24       KillTimer
 0001:00007C00       LastDelimiter
 0001:0000BD90       LCIDToCodePage
 0001:00004F24       LCIDToCodePage
 0002:00000110       LeadBytes
 0001:00005514       LeaveCriticalSection
 0001:00000388       LeaveCriticalSection
 0002:00000038       LibModuleList
 0001:00060B0C       LighterColor
 0001:000056FC       LineTo
 0001:00029338       ListActns
 0001:0003AA24       ListAdd
 0001:0003AA4C       ListRemove
 0002:0000574E       ListSeparator
 0001:00005B2C       LoadBitmap
 0001:00005B34       LoadCursor
 0001:00005B3C       LoadIcon
 0001:00005B44       LoadKeyboardLayout
 0001:0000551C       LoadLibrary
 0001:0000029C       LoadLibraryEx
 0001:00005524       LoadResource
 0001:000045DC       LoadResourceModule
 0001:00004ECC       LoadResString
 0001:00005B4C       LoadString
 0001:000002A4       LoadString
 0001:000050C8       LocalAlloc
 0001:00000358       LocalAlloc
 0001:00000360       LocalFree
 0001:0000A674       LocalGetLocaleStr
 0002:00005A48       Lock
 0001:0000552C       LockResource
 0002:00005690       LongDateFormat
 0002:00005724       LongDayNames
 0002:000056D8       LongMonthNames
 0002:000056A4       LongTimeFormat
 0001:00007070       LowerCase
 0002:00000EF0       LRFrameColor
 0001:0006DA44       LRot32
 0001:000055AC       lstrcpy
 0001:000002AC       lstrcpyn
 0002:00005820       LVarTypes
 0002:00005824       LVarTypeSync
 0001:00075B64       Main
 0002:0000502C       MainInstance
 0002:00005030       MainThreadID
 0001:0000041C       MakeEmpty
 0001:000030C0       MakeErrorMessage
 0002:00000C70       MakeLast
 0001:00005D24       MakeLong
 0001:00005DE4       MakeLParam
 0001:0001A620       MakeObjectInstance
 0001:00005D7C       MakeROP4
 0001:00005DDC       MakeWParam
 0001:0000B16C       MapException
 0001:000292A8       Mapi
 0002:000009AC       MAPIDLL
 0002:000009B0       MAPIModule
 0001:00002DA8       MapToRunError
 0001:00005B54       MapVirtualKey
 0001:00005B5C       MapWindowPoints
 0001:0006FFA4       Mars
 0002:00000CA8       Mask
 0001:0005F7D8       Mask
 0001:00005704       MaskBlt
 0001:0005D190       MaskDoFormatText
 0002:00000EBC       MaskFieldSeparator
 0001:0005CFA0       MaskGetCharType
 0001:0005D0F4       MaskGetCurrentDirectives
 0001:0005D170       MaskIntlLiteralToChar
 0001:0005D438       MaskOffsetToOffset
 0001:0005D3AC       MaskOffsetToString
 0001:0005D8B0       MaskUtils
 0001:00023714       Math
 0001:00062A14       Max
 0001:000236DC       Max
 0001:000554B4       MaximizedChildren
 0002:00000040       MemoryManager
 0002:00000CC4       MenuKeyCaps
 0001:00050950       Menus
 0001:000004B4       MergeBlockAfter
 0001:00001190       MergeCommit
 0001:00005B64       MessageBeep
 0001:00000244       MessageBox
 0001:00005B6C       MessageBox
 0001:00006004       Messages
 0001:00013FC0       Min
 0001:00062A0C       Min
 0001:000236D4       Min
 0001:0003E2D0       MinVar
 0002:00005930       MMAvailable
 0002:00000C88       ModeMap
 0001:000571B4       ModifySystemMenu
 0002:000000A8       Module
 0002:00005661       ModuleIsCpp
 0002:00005660       ModuleIsLib
 0001:0001A5F0       ModuleUnload
 0002:0000003C       ModuleUnloadList
 0002:0000590C       MonitorFromPoint
 0002:00005908       MonitorFromRect
 0002:00005904       MonitorFromWindow
 0002:000000E0       MonthDays
 0002:00005B18       Mouse
 0001:00001C70       Move
 0001:0000570C       MoveToEx
 0001:0003AA6C       MoveWindowOrg
 0001:00005534       MulDiv
 0001:000002BC       MultiByteToWideChar
 0002:00000B34       MultiColumns
 0001:0005C8B8       MultiLineWidth
 0001:000242DC       MultiMon
 0002:00000B1C       MultiSelects
 0002:00005685       NegCurrFormat
 0001:0000121C       NewCommit
 0001:00001248       NewCommitAt
 0002:00005B1C       NewStyleControls
 0001:0000BA38       NextCharIndex
 0001:000446D8       NextVisibleZone
 0001:0001098C       NextWord
 0002:000003E4       NilMethod
 0002:00000034       NoErrMsg
 0001:0004C4C8       NormalDraw
 0002:000012E4       NOSTRING
 0001:00002960       NotifyAnyExcept
 0001:00002934       NotifyExcept
 0001:00002994       NotifyExceptFinally
 0001:000137D0       NotifyGlobalLoading
 0001:00004918       NotifyModuleUnload
 0001:00002910       NotifyNonDelphiException
 0001:0000294C       NotifyOnExcept
 0001:000028F4       NotifyReRaise
 0001:000029BC       NotifyTerminate
 0001:000029D8       NotifyUnhandled
 0001:0004F280       NthParentOf
 0001:000100D4       Null
 0002:00000320       NullAsStringValue
 0002:0000031C       NullStrictConvert
 0001:00038FDC       ObjectFromHWnd
 0002:00000ABC       OEMConverts
 0001:00005B74       OemToAnsi
 0001:00005B7C       OffsetRect
 0001:00005224       OffsetRect
 0001:0005D48C       OffsetToMaskOffset
 0001:00005B84       OpenClipboard
 0002:00000730       OpenOptions
 0002:00000788       OpenOptionsEx
 0002:00005980       OpenThemeData
 0002:00000C68       OrientArray
 0002:00003CEC       OutBlock1
 0002:00003D24       OutBlock2
 0002:00003D64       OutBlock3
 0002:00002C7C       OutData1
 0002:00002C94       OutData2
 0002:00000C34       OuterStyles
 0002:00005794       OutOfMemory
 0001:0001DA70       OutOfResources
 0002:00005218       Output
 0002:00000324       PackVarCreation
 0001:0005D6A8       PadInputLiterals
 0001:0005D510       PadSubField
 0001:00035354       PaintListBox
 0002:000006E0       Pal16
 0001:0001BEFC       PaletteChanged
 0001:0001E268       PaletteFromDIBColorTable
 0001:0001E30C       PaletteToDIBColorTable
 0002:000006DC       PalSize
 0001:00044ABC       ParentNotLast
 0002:00000A98       Passwords
 0001:00005714       PatBlt
 0002:000058E8       PatternManager
 0001:00005B8C       PeekMessage
 0002:000058DC       PenManager
 0002:000006AC       PenModes
 0002:0000068C       PenStyles
 0001:000701AC       perm_op
 0002:00001C04       Plain1
 0002:00001C14       Plain2
 0002:00001C24       Plain3
 0002:00002CBC       PlainText
 0001:0000571C       PlayEnhMetaFile
 0001:0000521C       Point
 0001:000126E8       Point
 0001:00012B20       PointerInModule
 0001:0003FB6C       PointsEqual
 0001:00005DC4       PointToSmallPoint
 0001:00005724       Polygon
 0002:00005BA8       PopupList
 0001:00005B94       PostMessage
 0001:00005B9C       PostQuitMessage
 0001:00025390       Printers
 0001:0007379C       ProcessAFile
 0001:000588C8       ProcessExecute
 0001:00052E14       ProcessHorz
 0001:000589C8       ProcessUpdate
 0001:00052E80       ProcessVert
 0001:00010424       PropertyNotFound
 0001:00016908       PropertyNotFound
 0001:00017B70       PropPathError
 0002:00000DCC       Props
 0001:000168FC       PropValueError
 0001:00005BA4       PtInRect
 0002:000000A4       PtrToNil
 0001:000085D8       PutExponent
 0002:00005B60       QualifyingSites
 0001:00000324       QueryPerformanceCounter
 0002:00005CDC       QuitFlag
 0001:0000B128       RaiseAssertException
 0001:00000214       RaiseException
 0001:000158C8       RaiseException
 0002:00005014       RaiseExceptionProc
 0001:0000C374       RaiseLastOSError
 0001:00001CB0       Randomize
 0002:00000008       RandSeed
 0001:0004582C       ReadControlName
 0001:00018DB0       ReadCustomVariant
 0001:000168E4       ReadError
 0001:00028BA0       ReadError
 0001:0000553C       ReadFile
 0001:0001E5C0       ReadIcon
 0002:00000AA0       ReadOnlys
 0001:0000572C       RealizePalette
 0001:00017124       Recover
 0001:00012710       Rect
 0001:00005200       Rect
 0001:00005734       RectVisible
 0001:00005BAC       RedrawWindow
 0002:00005818       RefAnyProc
 0002:00005A44       ReferenceCount
 0001:0000535C       RegCloseKey
 0001:000002C4       RegCloseKey
 0001:00005364       RegCreateKeyEx
 0001:0000536C       RegFlushKey
 0002:0000585C       RegGroups
 0001:00005BB4       RegisterClass
 0001:000132C4       RegisterClass
 0001:00005BBC       RegisterClipboardFormat
 0001:00039DDC       RegisterDockSite
 0001:00013638       RegisterFindGlobalComponentProc
 0001:0001350C       RegisterIntegerConsts
 0001:00004974       RegisterModule
 0001:000246E8       RegisterViewer
 0001:00005BC4       RegisterWindowMessage
 0001:0002923C       Registry
 0001:00005374       RegOpenKeyEx
 0001:000002CC       RegOpenKeyEx
 0001:0000537C       RegQueryValueEx
 0001:000002D4       RegQueryValueEx
 0001:000262F0       RegStr
 0001:00005BCC       ReleaseCapture
 0001:00005BD4       ReleaseDC
 0002:0000004C       reMap
 0002:00005618       remBytes
 0001:0000053C       RemoveBlock
 0002:000003C0       RemoveDataModule
 0001:000167B4       RemoveFixupReferences
 0001:00016860       RemoveFixups
 0001:00016B58       RemoveGlobalFixup
 0001:00005BDC       RemoveMenu
 0001:00004868       RemoveModuleUnloadProc
 0001:00004890       RemoveModuleUnloadProc
 0001:00005BE4       RemoveProp
 0001:00005544       ResetEvent
 0001:000193C8       ResetSyncEvent
 0001:00001780       ResizeInPlace
 0001:0000573C       RestoreDC
 0001:0005279C       RestoreFocusState
 0001:00013A94       ReturnAddr
 0001:0004B288       ReturnAddr
 0001:00014764       ReturnAddr
 0001:0000ADCC       ReturnAddr
 0001:00005D88       RGB
 0001:0001DFEC       RGBQuadToTriple
 0001:0001DFA4       RGBTripleToQuad
 0001:00026248       RichEdit
 0002:00005B30       RM_GetObjectInstance
 0002:00005BC4       RM_TaskbarCreated
 0002:00005614       rover
 0001:0006DA5C       RRot32
 0002:00000A10       RRStyles
 0002:000009B4       RTFConversionFormat
 0002:000009CC       RTL
 0002:000009DC       RTL
 0002:000009D4       RTL
 0001:00010330       RTLConsts
 0001:0000021C       RtlUnwind
 0002:00005018       RTLUnwindProc
 0002:00000070       runErrMsg
 0001:00001B78       RunErrorAt
 0001:00063FD4       RzBorder
 0001:0006ABC4       RzBtnEdt
 0001:00066210       RzButton
 0001:000645A4       RzChkLst
 0001:00064534       RzCmboBx
 0001:00063AB0       RzCommon
 0001:00064088       RzCommonBitmaps
 0001:00064018       RzCommonCursors
 0001:00068780       RzEdit
 0001:0005F9C0       RzGrafx
 0001:000640F8       RzIntLst
 0001:000640C0       RzLabel
 0001:0006456C       RzLstBox
 0001:00066268       RzPanel
 0001:000662A0       RzPopups
 0001:00064130       RzRadChk
 0001:00064168       RzRadGrp
 0001:00064050       RzSpnEdt
 0001:000645DC       RzToolbarForm
 0002:00002CCC       S1
 0002:000030CC       S2
 0002:000034CC       S3
 0002:000038CC       S4
 0001:0000D424       SafeArrayCreate
 0001:0000D42C       SafeArrayGetLBound
 0001:0000D434       SafeArrayGetUBound
 0001:0000D43C       SafeArrayPtrOfIndex
 0001:0000CA6C       SafeLoadLibrary
 0001:00007164       SameText
 0001:00005744       SaveDC
 0001:0005278C       SaveFocusState
 0001:00009CFC       ScanBlanks
 0001:00009E40       ScanChar
 0001:00009FBC       ScanDate
 0001:00009D20       ScanNumber
 0001:00009DB4       ScanString
 0001:0000A300       ScanTime
 0001:00009EC4       ScanToNumber
 0002:00005BBC       Screen
 0002:00005894       ScreenLogPixels
 0001:00005BEC       ScreenToClient
 0002:00005CD0       ScriptConfigSize
 0001:00075E94       ScriptTool
 0002:00000AE0       ScrollBar
 0001:00052FCC       ScrollBarVisible
 0001:00005BF4       ScrollWindow
 0002:00005CE0       SearchFileList
 0001:0000127C       SearchSmallBlocks
 0001:0000574C       SelectClipRgn
 0001:000730F8       SelectDirCB
[...]
   436 0001:00070EA4   437 0001:00070EA9   440 0001:00070EAC   441 0001:00070EAF
   442 0001:00070EBB   456 0001:00070ED0   457 0001:00070ED6   458 0001:00070EE4
   459 0001:00070EF7   460 0001:00070F05   461 0001:00070F18   462 0001:00070F23
   463 0001:00070F44   464 0001:00070F4D   469 0001:00070F54   470 0001:00070F67
   471 0001:00070F74   472 0001:00070F83   473 0001:00070F9A   474 0001:00070FA7
   475 0001:00070FB7   476 0001:00070FBF   478 0001:00070FD1   481 0001:00070FE4
   483 0001:00070FE8   484 0001:00070FF5   485 0001:00071003   489 0001:0007100C
   490 0001:00071019   492 0001:00071020   495 0001:0007102C   496 0001:0007102F
   497 0001:0007103E   498 0001:00071045   501 0001:00071048   502 0001:0007104E
   503 0001:00071054   504 0001:0007106A   505 0001:00071077   506 0001:00071089
   507 0001:0007109B   510 0001:000710C0   511 0001:000710C6   512 0001:000710CC
   513 0001:000710E2   514 0001:000710F2   515 0001:00071104   516 0001:00071113
   520 0001:00071168   526 0001:0007116F

Line numbers for Cast256(Cast256.pas) segment .text

    58 0001:0007120C    59 0001:00071213    60 0001:00071251    65 0001:00071254
    66 0001:0007125D    67 0001:0007129B    72 0001:0007129C    73 0001:000712A5
    74 0001:000712E3    78 0001:000712E4    79 0001:000712E9    83 0001:000712EC
    84 0001:000712F1    88 0001:000712F4    89 0001:000712F9    92 0001:000712FC
    93 0001:000712FF    94 0001:0007130B   119 0001:00071320   120 0001:00071329
   121 0001:00071337   122 0001:0007134A   123 0001:00071358   124 0001:0007136B
   125 0001:00071376   126 0001:00071397   127 0001:0007139E   128 0001:000713B1
   129 0001:000713BF   130 0001:000713E0   131 0001:000713EB   132 0001:0007140C
   133 0001:00071413   134 0001:00071426   135 0001:00071434   136 0001:00071455
   137 0001:00071460   138 0001:00071481   139 0001:00071488   140 0001:00071491
   148 0001:0007149C   149 0001:000714AB   150 0001:000714BB   152 0001:000714C5
   153 0001:000714D4   155 0001:000714E0   156 0001:000714E5   157 0001:000714EC
   158 0001:000714F6   157 0001:00071521   159 0001:00071526   161 0001:0007152B
   163 0001:00071536   164 0001:00071538   165 0001:0007153E   166 0001:00071543
   167 0001:00071547   161 0001:0007154D   168 0001:00071550   169 0001:00071561
   170 0001:00071572   171 0001:00071583   172 0001:00071594   173 0001:000715A5
   174 0001:000715B6   175 0001:000715C7   177 0001:000715D8   179 0001:000715E3
   180 0001:000715E5   181 0001:000715EB   182 0001:000715F0   183 0001:000715F4
   177 0001:000715FA   184 0001:000715FD   185 0001:0007160E   186 0001:0007161F
   187 0001:00071630   188 0001:00071641   189 0001:00071652   190 0001:00071663
   191 0001:00071674   193 0001:00071685   194 0001:00071697   195 0001:000716A4
   196 0001:000716B1   197 0001:000716BE   198 0001:000716CB   199 0001:000716D8
   200 0001:000716E5   201 0001:000716F2   159 0001:000716F5   202 0001:000716FF
   205 0001:00071711   207 0001:00071717   208 0001:0007172A   209 0001:0007173C
   213 0001:00071746   214 0001:0007175A   216 0001:00071762   219 0001:0007176C
   220 0001:0007176F   221 0001:00071781   222 0001:00071796   223 0001:0007179D
   228 0001:000717A0   229 0001:000717AD   230 0001:000717B3   231 0001:000717C9
   232 0001:000717CF   233 0001:000717DB   234 0001:000717E5   236 0001:000717ED
   237 0001:000717F6   238 0001:00071801   239 0001:0007180C   240 0001:00071819
   241 0001:0007182C   242 0001:00071840   243 0001:00071853   244 0001:00071866
   245 0001:0007187A   246 0001:0007188E   247 0001:000718A1   248 0001:000718B4
   249 0001:000718C8   250 0001:000718DC   251 0001:000718EF   252 0001:00071902
   253 0001:00071916   254 0001:0007192A   255 0001:0007193D   256 0001:00071950
   257 0001:00071964   258 0001:00071978   259 0001:0007198B   260 0001:0007199E
   261 0001:000719B2   262 0001:000719C6   263 0001:000719D9   265 0001:000719EC
   266 0001:00071A02   267 0001:00071A18   268 0001:00071A2F   269 0001:00071A43
   270 0001:00071A59   271 0001:00071A6F   272 0001:00071A86   273 0001:00071A9D
   274 0001:00071AB3   275 0001:00071AC9   276 0001:00071AE0   277 0001:00071AF7
   278 0001:00071B0D   279 0001:00071B23   280 0001:00071B3A   281 0001:00071B51
   282 0001:00071B67   283 0001:00071B7D   284 0001:00071B94   285 0001:00071BAB
   286 0001:00071BC1   287 0001:00071BD7   288 0001:00071BEE   289 0001:00071C05
   290 0001:00071C0E   291 0001:00071C19   292 0001:00071C24   294 0001:00071C31
   295 0001:00071C35   296 0001:00071C3F   297 0001:00071C49   298 0001:00071C4E
   303 0001:00071C78   304 0001:00071C85   305 0001:00071C8B   306 0001:00071CA1
   307 0001:00071CA7   308 0001:00071CB3   309 0001:00071CBD   311 0001:00071CC5
   312 0001:00071CCE   313 0001:00071CD9   314 0001:00071CE4   315 0001:00071CF1
   316 0001:00071D07   317 0001:00071D1E   318 0001:00071D34   319 0001:00071D4A
   320 0001:00071D61   321 0001:00071D78   322 0001:00071D8E   323 0001:00071DA4
   324 0001:00071DBB   325 0001:00071DD2   326 0001:00071DE8   327 0001:00071DFE
   328 0001:00071E15   329 0001:00071E2C   330 0001:00071E42   331 0001:00071E58
   332 0001:00071E6F   333 0001:00071E86   334 0001:00071E9C   335 0001:00071EB2
   336 0001:00071EC6   337 0001:00071EDD   338 0001:00071EF3   340 0001:00071F09
   341 0001:00071F1C   342 0001:00071F2F   343 0001:00071F43   344 0001:00071F57
   345 0001:00071F6A   346 0001:00071F7D   347 0001:00071F91   348 0001:00071FA5
   349 0001:00071FB8   350 0001:00071FCB   351 0001:00071FDF   352 0001:00071FF3
   353 0001:00072006   354 0001:00072019   355 0001:0007202D   356 0001:00072041
   357 0001:00072054   358 0001:00072067   359 0001:0007207B   360 0001:0007208F
   361 0001:000720A2   362 0001:000720B5   363 0001:000720C9   364 0001:000720DD
   365 0001:000720E6   366 0001:000720F1   367 0001:000720FC   369 0001:00072109
   370 0001:0007210D   371 0001:00072117   372 0001:00072121   373 0001:00072126
   376 0001:00072180   380 0001:00072187

Line numbers for JSocket(JSocket.pas) segment .text

  2153 0001:000721F0  2153 0001:000721F7

Line numbers for Grobal2(Grobal2.pas) segment .text

  3458 0001:00072228  3458 0001:0007222F

Line numbers for Crc(Crc.pas) segment .text

   159 0001:00072260   159 0001:00072267

Line numbers for EncryptUnit(..\..\..\Common\EncryptUnit.pas) segment .text

   309 0001:00072268   310 0001:0007226C   311 0001:0007226E   312 0001:00072270
   313 0001:00072282   314 0001:00072286   312 0001:0007228D   316 0001:00072290
   317 0001:00072292   677 0001:00072298   678 0001:0007229E   679 0001:000722A8
   680 0001:000722B2   681 0001:000722C0   697 0001:000722C4   698 0001:000722CA
   699 0001:000722D4   700 0001:000722DE   701 0001:000722EC   767 0001:000722F0
   768 0001:00072310   769 0001:00072317   771 0001:0007231F   773 0001:0007233E
   775 0001:00072383   776 0001:00072395   778 0001:000723CC   780 0001:000723EA
   781 0001:000723FB   782 0001:00072441   797 0001:00072448   798 0001:0007246A
   799 0001:00072471   800 0001:00072479   801 0001:00072486   802 0001:00072491
   803 0001:00072496   804 0001:000724AB   802 0001:000724AE   807 0001:000724B1
   808 0001:000724C2   810 0001:000724E5   811 0001:000724F7   813 0001:0007252E
   814 0001:00072595   815 0001:000725DE   820 0001:000725E8   821 0001:0007260B
   822 0001:00072618   823 0001:0007262B   824 0001:00072653   829 0001:0007265C
   830 0001:00072678   831 0001:00072682   832 0001:00072688   834 0001:000726B6
   926 0001:000726BC   927 0001:000726C2   928 0001:000726CC   929 0001:000726D6
   930 0001:000726E4   946 0001:000726E8   947 0001:000726EE   948 0001:000726F8
   949 0001:00072702   950 0001:00072710  1167 0001:00072714  1168 0001:00072720
  1169 0001:0007272D  1170 0001:00072737  1171 0001:00072746  1187 0001:00072750
  1188 0001:0007275C  1189 0001:00072769  1190 0001:00072773  1191 0001:00072782
  1255 0001:0007278C  1256 0001:000727A5  1257 0001:000727AF  1258 0001:000727B9
  1259 0001:000727C3  1262 0001:000727E2  1245 0001:000727E4  1247 0001:000727ED
  1248 0001:000727F2  1249 0001:00072803  1250 0001:00072814  1251 0001:00072825
  1254 0001:00072836

Line numbers for Common(..\Common\Common.pas) segment .text

   358 0001:00072838   359 0001:0007285D   360 0001:00072883   361 0001:000728CE
   363 0001:00072910   365 0001:0007292A   367 0001:00072944

Line numbers for Main(Main.pas) segment .text

   145 0001:000730F8   146 0001:000730FE   147 0001:00073108   148 0001:00073119
   149 0001:0007311B   161 0001:00073120   162 0001:00073145   163 0001:00073149
   164 0001:00073157   165 0001:0007315F   166 0001:0007316E   167 0001:00073189
   168 0001:0007319A   169 0001:000731A8   170 0001:000731AD   171 0001:000731B8
   172 0001:000731C1   176 0001:000731EB   177 0001:000731F1   178 0001:000731F7
   179 0001:000731FD   180 0001:00073207   181 0001:0007320E   182 0001:00073216
   183 0001:0007321D   186 0001:0007322A   187 0001:00073234   188 0001:00073242
   190 0001:0007325B   192 0001:0007326B   193 0001:00073273   194 0001:00073279
   195 0001:00073286   196 0001:00073293   199 0001:000732AB   202 0001:000732E8
   207 0001:000732F0   208 0001:0007331F   209 0001:00073321   210 0001:00073325
   211 0001:00073331   212 0001:0007333D   213 0001:0007333F   214 0001:00073348
   215 0001:00073366   216 0001:00073368   217 0001:0007336A   213 0001:0007336B
   218 0001:00073392   225 0001:0007339C   226 0001:000733B3   227 0001:000733B5
   228 0001:000733C0   229 0001:000733CC   231 0001:000733FF   236 0001:00073428
   237 0001:0007344F   238 0001:00073453   239 0001:00073467   240 0001:00073485
   241 0001:00073489   243 0001:0007348B   238 0001:0007348C   244 0001:000734B7
   249 0001:000734C0   250 0001:000734EA   251 0001:000734F2   252 0001:00073506
   253 0001:00073524   254 0001:00073533   256 0001:00073535   251 0001:00073536
   257 0001:0007355E   280 0001:00073568   281 0001:000735A0   282 0001:000735AB
   283 0001:000735B5   284 0001:000735B9   285 0001:000735BE   286 0001:000735D2
   287 0001:000735F0   288 0001:000735FF   289 0001:00073603   291 0001:00073605
   285 0001:00073606   292 0001:00073609   293 0001:0007360F   294 0001:0007361E
   296 0001:0007362E   297 0001:00073634   298 0001:0007363D   300 0001:0007365D
   301 0001:0007368F   304 0001:000736E1   309 0001:000736F4   310 0001:000736FC
   311 0001:0007370D   312 0001:0007371B   310 0001:0007371C   313 0001:0007371F
   314 0001:00073726   323 0001:0007372C   324 0001:00073751   325 0001:00073762
   326 0001:00073796   331 0001:0007379C   332 0001:000737CA   333 0001:000737D7
   334 0001:000737E8   335 0001:000737F6   336 0001:00073819   338 0001:00073846
   341 0001:00073870   342 0001:00073873   344 0001:000738B4   349 0001:000738D0
   350 0001:000738E2   351 0001:000738E4   352 0001:000738F6   353 0001:00073922
   355 0001:00073928   356 0001:0007397B   357 0001:0007399D   358 0001:000739AB
   359 0001:000739DF   360 0001:000739EA   361 0001:00073A02   363 0001:00073A35
   364 0001:00073A40   365 0001:00073A64   366 0001:00073A6F   367 0001:00073A82
   368 0001:00073A8E   362 0001:00073A97   372 0001:00073AB3   374 0001:00073AFC
   377 0001:00073B0C   378 0001:00073B22   379 0001:00073B31   380 0001:00073B42
   382 0001:00073B81   385 0001:00073B88   386 0001:00073B9E   387 0001:00073BAD
   388 0001:00073BBE   390 0001:00073BFD   399 0001:00073C04   400 0001:00073C29
   401 0001:00073C3A   402 0001:00073C40   403 0001:00073C58   406 0001:00073C5D
   407 0001:00073C6D   408 0001:00073C7C   409 0001:00073C89   410 0001:00073CB1
   411 0001:00073CBD   412 0001:00073CD7   413 0001:00073CDD   414 0001:00073CEB
   416 0001:00073D13   419 0001:00073D32   420 0001:00073D3D   409 0001:00073D40
   421 0001:00073D49   422 0001:00073D5D   423 0001:00073D74   424 0001:00073D7C
   425 0001:00073DB6   433 0001:00073E04   437 0001:00073E28   438 0001:00073E39
   439 0001:00073E3F   440 0001:00073E57   442 0001:00073E5C   443 0001:00073EB4
   444 0001:00073ECC   446 0001:00073ED1   447 0001:00073EE1   448 0001:00073EF0
   449 0001:00073EFE   450 0001:00073F25   451 0001:00073F31   452 0001:00073F56
   453 0001:00073F5C   454 0001:00073F6A   456 0001:00073F92   459 0001:00073FB1
   460 0001:00073FBC   449 0001:00073FBF   461 0001:00073FC8   462 0001:00073FDC
   465 0001:00074002   467 0001:0007401F   468 0001:00074027   470 0001:00074066
   473 0001:000740DC   474 0001:000740F2   475 0001:00074101   476 0001:00074140
   480 0001:00074144   481 0001:0007414F   485 0001:00074150   486 0001:00074161
   489 0001:00074164   490 0001:0007417A   491 0001:00074189   492 0001:000741C8
   496 0001:000741CC   497 0001:000741D7   501 0001:000741D8   502 0001:000741E3
   506 0001:000741E4   507 0001:000741EF   511 0001:000741F0   512 0001:000741FB
   517 0001:000741FC   518 0001:0007421A   519 0001:0007423D   520 0001:00074260
   521 0001:00074283   522 0001:000742E2   523 0001:000742F0   524 0001:0007430C
   525 0001:00074335   530 0001:0007433C   531 0001:00074359   532 0001:0007437C
   533 0001:0007439F   534 0001:000743C2   535 0001:0007441D   536 0001:0007442B
   537 0001:00074447   538 0001:00074470   542 0001:00074478   543 0001:00074489
   546 0001:0007448C   547 0001:00074495   548 0001:000744A2   549 0001:000744AF
   550 0001:000744B9   551 0001:000744C0   552 0001:000744C7   553 0001:000744D8
   554 0001:000744E6   555 0001:000744F2   556 0001:000744FE   557 0001:0007450A
   558 0001:00074516   560 0001:00074522   561 0001:00074539   562 0001:00074546
   563 0001:00074556   564 0001:00074566   565 0001:00074576   566 0001:00074586
   568 0001:0007459C   571 0001:0007461C   572 0001:00074635   573 0001:000746A2
   576 0001:000746C0   577 0001:000746D9   578 0001:00074746   582 0001:00074764
   583 0001:0007476B   584 0001:00074770   585 0001:0007477A   586 0001:00074784
   591 0001:00074788   592 0001:0007479E   593 0001:000747AC   595 0001:000747C7
   597 0001:000747F2   604 0001:0007480C   605 0001:0007482E   606 0001:0007483B
   607 0001:00074842   608 0001:00074852   609 0001:00074862   610 0001:00074872
   611 0001:00074882   612 0001:00074893   613 0001:0007489D   614 0001:000748A2
   615 0001:000748C1   616 0001:000748C9   617 0001:000748DD   618 0001:000748F1
   619 0001:000748FF   620 0001:00074919   621 0001:00074929   622 0001:0007493B
   623 0001:0007495F   621 0001:00074960   624 0001:00074963   619 0001:00074966
   626 0001:0007497A   627 0001:0007497F   628 0001:0007498F   629 0001:0007499F
   630 0001:000749AF   631 0001:000749BF   633 0001:000749EB   638 0001:00074A00
   639 0001:00074A18   640 0001:00074A31   641 0001:00074A42   642 0001:00074A6C
   644 0001:00074A7F   639 0001:00074A80   645 0001:00074AA2   650 0001:00074AA8
   651 0001:00074AC0   652 0001:00074AD9   653 0001:00074AEA   654 0001:00074B14
   656 0001:00074B27   651 0001:00074B28   657 0001:00074B4A   661 0001:00074B50
   662 0001:00074B5B   666 0001:00074B5C   667 0001:00074B67   671 0001:00074B68
   672 0001:00074B73   676 0001:00074B74   677 0001:00074B7F   681 0001:00074B80
   682 0001:00074B8B   692 0001:00074B8C   693 0001:00074BAF   694 0001:00074BBC
   695 0001:00074BCD   696 0001:00074BD3   697 0001:00074BEB   699 0001:00074BF0
   700 0001:00074C08   701 0001:00074C20   703 0001:00074C25   704 0001:00074C32
   705 0001:00074C39   706 0001:00074C49   707 0001:00074C59   708 0001:00074C69
   709 0001:00074C79   710 0001:00074C88   711 0001:00074CB0   712 0001:00074CBD
   713 0001:00074CC9   714 0001:00074CF4   715 0001:00074D15   716 0001:00074D23
   717 0001:00074D32   718 0001:00074D3D   721 0001:00074D5A   722 0001:00074D5F
   710 0001:00074D62   723 0001:00074D6B   724 0001:00074D87   725 0001:00074D94
   726 0001:00074DA0   727 0001:00074DAE   728 0001:00074DCF   729 0001:00074DDD
   730 0001:00074DED   731 0001:00074E05   732 0001:00074E11   733 0001:00074E1F
   734 0001:00074E25   735 0001:00074E33   737 0001:00074E5E   740 0001:00074E71
   730 0001:00074E74   741 0001:00074E79   742 0001:00074E86   743 0001:00074EA7
   744 0001:00074EB5   745 0001:00074EC0   747 0001:00074ED7   750 0001:00074EE4
   723 0001:00074EE7   751 0001:00074EF0   752 0001:00074EF8   753 0001:00074F08
   754 0001:00074F18   755 0001:00074F28   756 0001:00074F38   757 0001:00074F4B
   758 0001:00074F8E   765 0001:00075054   766 0001:00075075   767 0001:0007507F
   768 0001:00075081   769 0001:0007508D   770 0001:0007509A   771 0001:0007509B
   774 0001:000750A5   769 0001:000750A6   775 0001:000750AA   777 0001:000750E1
   785 0001:000750E8   789 0001:0007510B   790 0001:0007511C   791 0001:00075122
   792 0001:0007513A   794 0001:0007513F   795 0001:0007514C   796 0001:00075153
   797 0001:00075163   798 0001:00075174   799 0001:0007517E   800 0001:00075183
   801 0001:000751A2   802 0001:000751B3   803 0001:000751D2   804 0001:000751DA
   805 0001:000751EE   806 0001:000751FD   807 0001:0007520B   808 0001:00075229
   809 0001:00075235   810 0001:00075245   811 0001:00075252   812 0001:0007526E
   813 0001:0007527B   814 0001:00075287   815 0001:000752A6   816 0001:000752C7
   818 0001:000752EE   819 0001:00075301   820 0001:0007531A   821 0001:0007532E
   822 0001:0007533C   824 0001:00075355   826 0001:00075365   827 0001:00075374
   829 0001:00075384   830 0001:0007538F   832 0001:0007539D   811 0001:000753A0
   833 0001:000753A9   807 0001:000753AC   836 0001:000753C4   837 0001:000753C9
   838 0001:000753D6   839 0001:000753F2   840 0001:000753FF   841 0001:0007540B
   842 0001:00075419   843 0001:0007543A   844 0001:00075461   845 0001:0007546F
   846 0001:0007548E   847 0001:0007549B   848 0001:000754A7   849 0001:000754B8
   850 0001:000754BE   851 0001:000754CC   853 0001:000754FA   856 0001:00075510
   845 0001:00075513   857 0001:0007551C   858 0001:00075538   859 0001:0007554B
   860 0001:00075556   861 0001:0007556A   862 0001:0007558B   863 0001:000755B2
   864 0001:000755C0   866 0001:000755DD   867 0001:000755E2   868 0001:000755ED
   869 0001:000755FB   838 0001:000755FE   870 0001:00075607   871 0001:0007560F
   872 0001:00075622   873 0001:00075632   875 0001:00075668   880 0001:000756EC
   881 0001:00075702   882 0001:00075710   883 0001:0007572B   885 0001:00075756
   897 0001:00075770   898 0001:000757B6   899 0001:000757CB   900 0001:000757DB
   901 0001:000757EB   902 0001:000757F8   903 0001:00075805   904 0001:00075812
   905 0001:00075821   906 0001:0007582F   907 0001:00075855   909 0001:00075871
   910 0001:00075887   912 0001:00075897   913 0001:000758A4   914 0001:000758B2
   915 0001:000758C4   916 0001:000758D1   918 0001:000758F4   921 0001:00075904
   922 0001:00075911   923 0001:0007591F   924 0001:0007592B   925 0001:0007593B
   927 0001:0007595A   930 0001:0007596A   931 0001:0007597D   932 0001:000759A9
   933 0001:000759DF   934 0001:00075A15   937 0001:00075A3C   939 0001:00075A59
   940 0001:00075A66   941 0001:00075A73   942 0001:00075A80   944 0001:00075A88
   945 0001:00075AD3   947 0001:00075B64   947 0001:00075B6B

Line numbers for ScriptTool(D:\Source\GameOfMir\Plug-In\ScriptLoader\ScriptTool\ScriptTool.dpr) segment .text

    12 0001:00075E94    13 0001:00075EA4    15 0001:00075EB0    16 0001:00075EC8
    17 0001:00075ED4

Bound resource files

c:\program files\borland\delphi7\Lib\Buttons.res
c:\program files\borland\delphi7\Lib\ExtDlgs.res
c:\program files\borland\delphi7\Lib\Controls.res
C:\Program Files\Raize\RC4\Lib\Delphi7\RzCommonCursors.res
C:\Program Files\Raize\RC4\Lib\Delphi7\RzCommonBitmaps.res
C:\Program Files\Raize\RC4\Lib\Delphi7\RzCmboBx.res
C:\Program Files\Raize\RC4\Lib\Delphi7\RzToolbarForm.DFM
C:\Program Files\Raize\RC4\Lib\Delphi7\RzBtnEdt.res
Main.dfm
ScriptTool.res
ScriptTool.drf


Program entry point at 0001:00075E94
