
 Start         Length     Name                   Class
 0001:00000000 0007BFCCH .text                   CODE
 0002:00000000 00004EACH .data                   DATA
 0002:00004EAC 00000DC5H .bss                    BSS


Detailed map of segments

 0001:00000000 00005517 C=CODE     S=.text    G=(none)   M=System   ACBP=A9
 0001:00005518 00000140 C=CODE     S=.text    G=(none)   M=SysInit  ACBP=A9
 0001:00005658 00000078 C=CODE     S=.text    G=(none)   M=Types    ACBP=A9
 0001:000056D0 00000D18 C=CODE     S=.text    G=(none)   M=Windows  ACBP=A9
 0001:000063E8 00000038 C=CODE     S=.text    G=(none)   M=Messages ACBP=A9
 0001:00006420 00000340 C=CODE     S=.text    G=(none)   M=SysConst ACBP=A9
 0001:00006760 00006BC0 C=CODE     S=.text    G=(none)   M=SysUtils ACBP=A9
 0001:0000D320 000007FB C=CODE     S=.text    G=(none)   M=VarUtils ACBP=A9
 0001:0000DB1C 00002A42 C=CODE     S=.text    G=(none)   M=Variants ACBP=A9
 0001:00010560 00000138 C=CODE     S=.text    G=(none)   M=RTLConsts ACBP=A9
 0001:00010698 000007E8 C=CODE     S=.text    G=(none)   M=TypInfo  ACBP=A9
 0001:00010E80 00000044 C=CODE     S=.text    G=(none)   M=ActiveX  ACBP=A9
 0001:00010EC4 00009922 C=CODE     S=.text    G=(none)   M=Classes  ACBP=A9
 0001:0001A7E8 000002A8 C=CODE     S=.text    G=(none)   M=Consts   ACBP=A9
 0001:0001AA90 0000741B C=CODE     S=.text    G=(none)   M=Graphics ACBP=A9
 0001:00021EAC 00000048 C=CODE     S=.text    G=(none)   M=Math     ACBP=A9
 0001:00021EF4 000002B8 C=CODE     S=.text    G=(none)   M=Contnrs  ACBP=A9
 0001:000221AC 000000FC C=CODE     S=.text    G=(none)   M=CommCtrl ACBP=A9
 0001:000222A8 00000787 C=CODE     S=.text    G=(none)   M=MultiMon ACBP=A9
 0001:00022A30 00000038 C=CODE     S=.text    G=(none)   M=Imm      ACBP=A9
 0001:00022A68 00000FF8 C=CODE     S=.text    G=(none)   M=HelpIntfs ACBP=A9
 0001:00023A60 00000038 C=CODE     S=.text    G=(none)   M=WinSpool ACBP=A9
 0001:00023A98 00000044 C=CODE     S=.text    G=(none)   M=Printers ACBP=A9
 0001:00023ADC 0000031F C=CODE     S=.text    G=(none)   M=FlatSB   ACBP=A9
 0001:00023DFC 000001A4 C=CODE     S=.text    G=(none)   M=SyncObjs ACBP=A9
 0001:00023FA0 000009BB C=CODE     S=.text    G=(none)   M=UxTheme  ACBP=A9
 0001:0002495C 00000038 C=CODE     S=.text    G=(none)   M=RichEdit ACBP=A9
 0001:00024994 00000038 C=CODE     S=.text    G=(none)   M=ToolWin  ACBP=A9
 0001:000249CC 00000038 C=CODE     S=.text    G=(none)   M=ShellAPI ACBP=A9
 0001:00024A04 00000038 C=CODE     S=.text    G=(none)   M=RegStr   ACBP=A9
 0001:00024A3C 00000038 C=CODE     S=.text    G=(none)   M=WinInet  ACBP=A9
 0001:00024A74 00000038 C=CODE     S=.text    G=(none)   M=UrlMon   ACBP=A9
 0001:00024AAC 00000050 C=CODE     S=.text    G=(none)   M=ShlObj   ACBP=A9
 0001:00024AFC 00000038 C=CODE     S=.text    G=(none)   M=CommDlg  ACBP=A9
 0001:00024B34 00000038 C=CODE     S=.text    G=(none)   M=Dlgs     ACBP=A9
 0001:00024B6C 0000066D C=CODE     S=.text    G=(none)   M=Dialogs  ACBP=A9
 0001:000251DC 000016BA C=CODE     S=.text    G=(none)   M=ExtCtrls ACBP=A9
 0001:00026898 00000038 C=CODE     S=.text    G=(none)   M=ComStrs  ACBP=A9
 0001:000268D0 00000094 C=CODE     S=.text    G=(none)   M=Clipbrd  ACBP=A9
 0001:00026964 00000074 C=CODE     S=.text    G=(none)   M=StrUtils ACBP=A9
 0001:000269D8 00002731 C=CODE     S=.text    G=(none)   M=Buttons  ACBP=A9
 0001:0002910C 00000038 C=CODE     S=.text    G=(none)   M=ExtDlgs  ACBP=A9
 0001:00029144 00001028 C=CODE     S=.text    G=(none)   M=IniFiles ACBP=A9
 0001:0002A16C 00000A24 C=CODE     S=.text    G=(none)   M=Registry ACBP=A9
 0001:0002AB90 0000006C C=CODE     S=.text    G=(none)   M=Mapi     ACBP=A9
 0001:0002ABFC 00000058 C=CODE     S=.text    G=(none)   M=ExtActns ACBP=A9
 0001:0002AC54 00000038 C=CODE     S=.text    G=(none)   M=ListActns ACBP=A9
 0001:0002AC8C 00000180 C=CODE     S=.text    G=(none)   M=ComCtrls ACBP=A9
 0001:0002AE0C 00000C28 C=CODE     S=.text    G=(none)   M=Themes   ACBP=A9
 0001:0002BA34 00009A60 C=CODE     S=.text    G=(none)   M=StdCtrls ACBP=A9
 0001:00035494 00000168 C=CODE     S=.text    G=(none)   M=StdActns ACBP=A9
 0001:000355FC 00000D1F C=CODE     S=.text    G=(none)   M=WinHelpViewer ACBP=A9
 0001:0003631C 000110A7 C=CODE     S=.text    G=(none)   M=Controls ACBP=A9
 0001:000473C4 00001292 C=CODE     S=.text    G=(none)   M=ActnList ACBP=A9
 0001:00048658 00001B9C C=CODE     S=.text    G=(none)   M=ImgList  ACBP=A9
 0001:0004A1F4 000066AD C=CODE     S=.text    G=(none)   M=Menus    ACBP=A9
 0001:000508A4 0000C598 C=CODE     S=.text    G=(none)   M=Forms    ACBP=A9
 0001:0005CE3C 00000038 C=CODE     S=.text    G=(none)   M=MaskUtils ACBP=A9
 0001:0005CE74 00000038 C=CODE     S=.text    G=(none)   M=Mask     ACBP=A9
 0001:0005CEAC 00001BFC C=CODE     S=.text    G=(none)   M=Spin     ACBP=A9
 0001:0005EAA8 00000038 C=CODE     S=.text    G=(none)   M=WinSock  ACBP=A9
 0001:0005EAE0 00000038 C=CODE     S=.text    G=(none)   M=JSocket  ACBP=A9
 0001:0005EB18 00000038 C=CODE     S=.text    G=(none)   M=Grobal2  ACBP=A9
 0001:0005EB50 00000038 C=CODE     S=.text    G=(none)   M=DCPconst ACBP=A9
 0001:0005EB88 00000398 C=CODE     S=.text    G=(none)   M=Base64   ACBP=A9
 0001:0005EF20 00001514 C=CODE     S=.text    G=(none)   M=Sha1     ACBP=A9
 0001:00060434 00001610 C=CODE     S=.text    G=(none)   M=DCPcrypt ACBP=A9
 0001:00061A44 000024D8 C=CODE     S=.text    G=(none)   M=Mars     ACBP=A9
 0001:00063F1C 000011C4 C=CODE     S=.text    G=(none)   M=DES      ACBP=A9
 0001:000650E0 00001018 C=CODE     S=.text    G=(none)   M=Cast256  ACBP=A9
 0001:000660F8 000001B4 C=CODE     S=.text    G=(none)   M=Crc      ACBP=A9
 0001:000662AC 00000577 C=CODE     S=.text    G=(none)   M=EncryptUnit ACBP=A9
 0001:00066824 0000010E C=CODE     S=.text    G=(none)   M=Common   ACBP=A9
 0001:00066934 00000038 C=CODE     S=.text    G=(none)   M=RzGrafx  ACBP=A9
 0001:0006696C 00000202 C=CODE     S=.text    G=(none)   M=RzCommon ACBP=A9
 0001:00066B70 00000038 C=CODE     S=.text    G=(none)   M=DateUtils ACBP=A9
 0001:00066BA8 000004E0 C=CODE     S=.text    G=(none)   M=RzBorder ACBP=A9
 0001:00067088 00000038 C=CODE     S=.text    G=(none)   M=RzCommonCursors ACBP=A9
 0001:000670C0 00000038 C=CODE     S=.text    G=(none)   M=RzSpnEdt ACBP=A9
 0001:000670F8 00000038 C=CODE     S=.text    G=(none)   M=RzCommonBitmaps ACBP=A9
 0001:00067130 00000038 C=CODE     S=.text    G=(none)   M=RzLabel  ACBP=A9
 0001:00067168 00000038 C=CODE     S=.text    G=(none)   M=RzIntLst ACBP=A9
 0001:000671A0 00000038 C=CODE     S=.text    G=(none)   M=RzRadChk ACBP=A9
 0001:000671D8 00000038 C=CODE     S=.text    G=(none)   M=RzRadGrp ACBP=A9
 0001:00067210 000003CC C=CODE     S=.text    G=(none)   M=RzCmboBx ACBP=A9
 0001:000675DC 00000038 C=CODE     S=.text    G=(none)   M=RzLstBox ACBP=A9
 0001:00067614 00000038 C=CODE     S=.text    G=(none)   M=RzChkLst ACBP=A9
 0001:0006764C 00000038 C=CODE     S=.text    G=(none)   M=RzToolbarForm ACBP=A9
 0001:00067684 000000E1 C=CODE     S=.text    G=(none)   M=RzButton ACBP=A9
 0001:00067768 00000038 C=CODE     S=.text    G=(none)   M=RzPanel  ACBP=A9
 0001:000677A0 00000038 C=CODE     S=.text    G=(none)   M=RzPopups ACBP=A9
 0001:000677D8 00000038 C=CODE     S=.text    G=(none)   M=RzEdit   ACBP=A9
 0001:00067810 0000006F C=CODE     S=.text    G=(none)   M=RzBtnEdt ACBP=A9
 0001:00067880 0000047C C=CODE     S=.text    G=(none)   M=HUtil32  ACBP=A9
 0001:00067CFC 00000618 C=CODE     S=.text    G=(none)   M=MiTeC_Native ACBP=A9
 0001:00068314 00001708 C=CODE     S=.text    G=(none)   M=MiTeC_Routines ACBP=A9
 0001:00069A1C 000006D8 C=CODE     S=.text    G=(none)   M=MSI_Common ACBP=A9
 0001:0006A0F4 00007630 C=CODE     S=.text    G=(none)   M=MSI_CPU  ACBP=A9
 0001:00071724 00001884 C=CODE     S=.text    G=(none)   M=MiTeC_WinIOCTL ACBP=A9
 0001:00072FA8 00000094 C=CODE     S=.text    G=(none)   M=MiTeC_StrUtils ACBP=A9
 0001:0007303C 000016C8 C=CODE     S=.text    G=(none)   M=MSI_Storage ACBP=A9
 0001:00074704 00000038 C=CODE     S=.text    G=(none)   M=MSI_DMA  ACBP=A9
 0001:0007473C 00001D04 C=CODE     S=.text    G=(none)   M=MSI_SMBIOS ACBP=A9
 0001:00076440 00000038 C=CODE     S=.text    G=(none)   M=MiTeC_NTDDK ACBP=A9
 0001:00076478 000002E4 C=CODE     S=.text    G=(none)   M=MSI_Devices ACBP=A9
 0001:0007675C 00000038 C=CODE     S=.text    G=(none)   M=MiTeC_Datetime ACBP=A9
 0001:00076794 000005F0 C=CODE     S=.text    G=(none)   M=MSI_Machine ACBP=A9
 0001:00076D84 00000BF4 C=CODE     S=.text    G=(none)   M=MD5EncodeStr ACBP=A9
 0001:00077978 0000426C C=CODE     S=.text    G=(none)   M=Main     ACBP=A9
 0001:0007BBE4 000003E5 C=CODE     S=.text    G=(none)   M=MakeScriptLoader ACBP=A9
 0002:00000000 000000A0 C=DATA     S=.data    G=DGROUP   M=System   ACBP=A9
 0002:000000A0 00000020 C=DATA     S=.data    G=DGROUP   M=SysInit  ACBP=A9
 0002:000000C0 00000254 C=DATA     S=.data    G=DGROUP   M=SysUtils ACBP=A9
 0002:00000314 00000008 C=DATA     S=.data    G=DGROUP   M=VarUtils ACBP=A9
 0002:0000031C 0000008E C=DATA     S=.data    G=DGROUP   M=Variants ACBP=A9
 0002:000003AC 0000000C C=DATA     S=.data    G=DGROUP   M=TypInfo  ACBP=A9
 0002:000003B8 000000E4 C=DATA     S=.data    G=DGROUP   M=Classes  ACBP=A9
 0002:0000049C 00000304 C=DATA     S=.data    G=DGROUP   M=Graphics ACBP=A9
 0002:000007A0 00000004 C=DATA     S=.data    G=DGROUP   M=Printers ACBP=A9
 0002:000007A4 00000074 C=DATA     S=.data    G=DGROUP   M=Dialogs  ACBP=A9
 0002:00000818 00000178 C=DATA     S=.data    G=DGROUP   M=ExtCtrls ACBP=A9
 0002:00000990 00000046 C=DATA     S=.data    G=DGROUP   M=Buttons  ACBP=A9
 0002:000009D8 00000008 C=DATA     S=.data    G=DGROUP   M=IniFiles ACBP=A9
 0002:000009E0 00000008 C=DATA     S=.data    G=DGROUP   M=Registry ACBP=A9
 0002:000009E8 00000008 C=DATA     S=.data    G=DGROUP   M=Mapi     ACBP=A9
 0002:000009F0 00000018 C=DATA     S=.data    G=DGROUP   M=ComCtrls ACBP=A9
 0002:00000A08 00000068 C=DATA     S=.data    G=DGROUP   M=Themes   ACBP=A9
 0002:00000A70 00000100 C=DATA     S=.data    G=DGROUP   M=StdCtrls ACBP=A9
 0002:00000B70 0000013C C=DATA     S=.data    G=DGROUP   M=Controls ACBP=A9
 0002:00000CAC 00000020 C=DATA     S=.data    G=DGROUP   M=ImgList  ACBP=A9
 0002:00000CCC 000000EC C=DATA     S=.data    G=DGROUP   M=Menus    ACBP=A9
 0002:00000DB8 0000011C C=DATA     S=.data    G=DGROUP   M=Forms    ACBP=A9
 0002:00000ED4 00000040 C=DATA     S=.data    G=DGROUP   M=Base64   ACBP=A9
 0002:00000F14 00000028 C=DATA     S=.data    G=DGROUP   M=Sha1     ACBP=A9
 0002:00000F3C 000008C4 C=DATA     S=.data    G=DGROUP   M=Mars     ACBP=A9
 0002:00001800 00001068 C=DATA     S=.data    G=DGROUP   M=DES      ACBP=A9
 0002:00002868 000010A8 C=DATA     S=.data    G=DGROUP   M=Cast256  ACBP=A9
 0002:00003910 00000412 C=DATA     S=.data    G=DGROUP   M=Crc      ACBP=A9
 0002:00003D24 0000003E C=DATA     S=.data    G=DGROUP   M=EncryptUnit ACBP=A9
 0002:00003D64 00000230 C=DATA     S=.data    G=DGROUP   M=RzBorder ACBP=A9
 0002:00003F94 0000015C C=DATA     S=.data    G=DGROUP   M=RzCmboBx ACBP=A9
 0002:000040F0 0000002C C=DATA     S=.data    G=DGROUP   M=RzButton ACBP=A9
 0002:0000411C 000000B0 C=DATA     S=.data    G=DGROUP   M=HUtil32  ACBP=A9
 0002:000041CC 00000100 C=DATA     S=.data    G=DGROUP   M=MiTeC_Native ACBP=A9
 0002:000042CC 000000F0 C=DATA     S=.data    G=DGROUP   M=MSI_CPU  ACBP=A9
 0002:000043BC 00000010 C=DATA     S=.data    G=DGROUP   M=MiTeC_StrUtils ACBP=A9
 0002:000043CC 00000598 C=DATA     S=.data    G=DGROUP   M=MSI_SMBIOS ACBP=A9
 0002:00004964 00000098 C=DATA     S=.data    G=DGROUP   M=MSI_Devices ACBP=A9
 0002:000049FC 00000050 C=DATA     S=.data    G=DGROUP   M=MD5EncodeStr ACBP=A9
 0002:00004A4C 00000018 C=DATA     S=.data    G=DGROUP   M=Main     ACBP=A9
 0002:00005000 00000660 C=BSS      S=.bss     G=DGROUP   M=System   ACBP=A9
 0002:00005660 00000010 C=BSS      S=.bss     G=DGROUP   M=SysInit  ACBP=A9
 0002:00005670 00000004 C=BSS      S=.bss     G=DGROUP   M=Types    ACBP=A9
 0002:00005674 00000004 C=BSS      S=.bss     G=DGROUP   M=Windows  ACBP=A9
 0002:00005678 00000004 C=BSS      S=.bss     G=DGROUP   M=Messages ACBP=A9
 0002:0000567C 00000004 C=BSS      S=.bss     G=DGROUP   M=SysConst ACBP=A9
 0002:00005680 00000120 C=BSS      S=.bss     G=DGROUP   M=SysUtils ACBP=A9
 0002:000057A0 0000005C C=BSS      S=.bss     G=DGROUP   M=VarUtils ACBP=A9
 0002:000057FC 00000040 C=BSS      S=.bss     G=DGROUP   M=Variants ACBP=A9
 0002:0000583C 00000004 C=BSS      S=.bss     G=DGROUP   M=RTLConsts ACBP=A9
 0002:00005840 00000004 C=BSS      S=.bss     G=DGROUP   M=TypInfo  ACBP=A9
 0002:00005844 00000004 C=BSS      S=.bss     G=DGROUP   M=ActiveX  ACBP=A9
 0002:00005848 00000040 C=BSS      S=.bss     G=DGROUP   M=Classes  ACBP=A9
 0002:00005888 00000004 C=BSS      S=.bss     G=DGROUP   M=Consts   ACBP=A9
 0002:0000588C 00000060 C=BSS      S=.bss     G=DGROUP   M=Graphics ACBP=A9
 0002:000058EC 00000004 C=BSS      S=.bss     G=DGROUP   M=Math     ACBP=A9
 0002:000058F0 00000004 C=BSS      S=.bss     G=DGROUP   M=Contnrs  ACBP=A9
 0002:000058F4 00000004 C=BSS      S=.bss     G=DGROUP   M=CommCtrl ACBP=A9
 0002:000058F8 00000031 C=BSS      S=.bss     G=DGROUP   M=MultiMon ACBP=A9
 0002:0000592C 00000004 C=BSS      S=.bss     G=DGROUP   M=Imm      ACBP=A9
 0002:00005930 00000008 C=BSS      S=.bss     G=DGROUP   M=HelpIntfs ACBP=A9
 0002:00005938 00000004 C=BSS      S=.bss     G=DGROUP   M=WinSpool ACBP=A9
 0002:0000593C 00000004 C=BSS      S=.bss     G=DGROUP   M=Printers ACBP=A9
 0002:00005940 00000034 C=BSS      S=.bss     G=DGROUP   M=FlatSB   ACBP=A9
 0002:00005974 00000004 C=BSS      S=.bss     G=DGROUP   M=SyncObjs ACBP=A9
 0002:00005978 000000CC C=BSS      S=.bss     G=DGROUP   M=UxTheme  ACBP=A9
 0002:00005A44 00000004 C=BSS      S=.bss     G=DGROUP   M=RichEdit ACBP=A9
 0002:00005A48 00000004 C=BSS      S=.bss     G=DGROUP   M=ToolWin  ACBP=A9
 0002:00005A4C 00000004 C=BSS      S=.bss     G=DGROUP   M=ShellAPI ACBP=A9
 0002:00005A50 00000004 C=BSS      S=.bss     G=DGROUP   M=RegStr   ACBP=A9
 0002:00005A54 00000004 C=BSS      S=.bss     G=DGROUP   M=WinInet  ACBP=A9
 0002:00005A58 00000004 C=BSS      S=.bss     G=DGROUP   M=UrlMon   ACBP=A9
 0002:00005A5C 00000004 C=BSS      S=.bss     G=DGROUP   M=ShlObj   ACBP=A9
 0002:00005A60 00000004 C=BSS      S=.bss     G=DGROUP   M=CommDlg  ACBP=A9
 0002:00005A64 00000004 C=BSS      S=.bss     G=DGROUP   M=Dlgs     ACBP=A9
 0002:00005A68 0000000C C=BSS      S=.bss     G=DGROUP   M=Dialogs  ACBP=A9
 0002:00005A74 00000004 C=BSS      S=.bss     G=DGROUP   M=ExtCtrls ACBP=A9
 0002:00005A78 00000004 C=BSS      S=.bss     G=DGROUP   M=ComStrs  ACBP=A9
 0002:00005A7C 0000000C C=BSS      S=.bss     G=DGROUP   M=Clipbrd  ACBP=A9
 0002:00005A88 00000004 C=BSS      S=.bss     G=DGROUP   M=StrUtils ACBP=A9
 0002:00005A8C 00000030 C=BSS      S=.bss     G=DGROUP   M=Buttons  ACBP=A9
 0002:00005ABC 00000004 C=BSS      S=.bss     G=DGROUP   M=ExtDlgs  ACBP=A9
 0002:00005AC0 00000004 C=BSS      S=.bss     G=DGROUP   M=IniFiles ACBP=A9
 0002:00005AC4 00000004 C=BSS      S=.bss     G=DGROUP   M=Registry ACBP=A9
 0002:00005AC8 00000004 C=BSS      S=.bss     G=DGROUP   M=Mapi     ACBP=A9
 0002:00005ACC 00000009 C=BSS      S=.bss     G=DGROUP   M=ExtActns ACBP=A9
 0002:00005AD8 00000004 C=BSS      S=.bss     G=DGROUP   M=ListActns ACBP=A9
 0002:00005ADC 00000010 C=BSS      S=.bss     G=DGROUP   M=ComCtrls ACBP=A9
 0002:00005AEC 00000008 C=BSS      S=.bss     G=DGROUP   M=Themes   ACBP=A9
 0002:00005AF4 00000004 C=BSS      S=.bss     G=DGROUP   M=StdCtrls ACBP=A9
 0002:00005AF8 00000004 C=BSS      S=.bss     G=DGROUP   M=StdActns ACBP=A9
 0002:00005AFC 00000014 C=BSS      S=.bss     G=DGROUP   M=WinHelpViewer ACBP=A9
 0002:00005B10 00000080 C=BSS      S=.bss     G=DGROUP   M=Controls ACBP=A9
 0002:00005B90 00000004 C=BSS      S=.bss     G=DGROUP   M=ActnList ACBP=A9
 0002:00005B94 0000000C C=BSS      S=.bss     G=DGROUP   M=ImgList  ACBP=A9
 0002:00005BA0 00000010 C=BSS      S=.bss     G=DGROUP   M=Menus    ACBP=A9
 0002:00005BB0 00000020 C=BSS      S=.bss     G=DGROUP   M=Forms    ACBP=A9
 0002:00005BD0 00000004 C=BSS      S=.bss     G=DGROUP   M=MaskUtils ACBP=A9
 0002:00005BD4 00000004 C=BSS      S=.bss     G=DGROUP   M=Mask     ACBP=A9
 0002:00005BD8 00000004 C=BSS      S=.bss     G=DGROUP   M=Spin     ACBP=A9
 0002:00005BDC 00000004 C=BSS      S=.bss     G=DGROUP   M=WinSock  ACBP=A9
 0002:00005BE0 00000004 C=BSS      S=.bss     G=DGROUP   M=JSocket  ACBP=A9
 0002:00005BE4 00000004 C=BSS      S=.bss     G=DGROUP   M=Grobal2  ACBP=A9
 0002:00005BE8 00000004 C=BSS      S=.bss     G=DGROUP   M=DCPconst ACBP=A9
 0002:00005BEC 00000004 C=BSS      S=.bss     G=DGROUP   M=Base64   ACBP=A9
 0002:00005BF0 00000004 C=BSS      S=.bss     G=DGROUP   M=Sha1     ACBP=A9
 0002:00005BF4 00000004 C=BSS      S=.bss     G=DGROUP   M=DCPcrypt ACBP=A9
 0002:00005BF8 00000004 C=BSS      S=.bss     G=DGROUP   M=Mars     ACBP=A9
 0002:00005BFC 00000004 C=BSS      S=.bss     G=DGROUP   M=DES      ACBP=A9
 0002:00005C00 00000004 C=BSS      S=.bss     G=DGROUP   M=Cast256  ACBP=A9
 0002:00005C04 00000004 C=BSS      S=.bss     G=DGROUP   M=Crc      ACBP=A9
 0002:00005C08 00000014 C=BSS      S=.bss     G=DGROUP   M=EncryptUnit ACBP=A9
 0002:00005C1C 00000010 C=BSS      S=.bss     G=DGROUP   M=Common   ACBP=A9
 0002:00005C2C 00000004 C=BSS      S=.bss     G=DGROUP   M=RzGrafx  ACBP=A9
 0002:00005C30 00000008 C=BSS      S=.bss     G=DGROUP   M=RzCommon ACBP=A9
 0002:00005C38 00000004 C=BSS      S=.bss     G=DGROUP   M=DateUtils ACBP=A9
 0002:00005C3C 00000004 C=BSS      S=.bss     G=DGROUP   M=RzBorder ACBP=A9
 0002:00005C40 00000004 C=BSS      S=.bss     G=DGROUP   M=RzCommonCursors ACBP=A9
 0002:00005C44 00000004 C=BSS      S=.bss     G=DGROUP   M=RzSpnEdt ACBP=A9
 0002:00005C48 00000004 C=BSS      S=.bss     G=DGROUP   M=RzCommonBitmaps ACBP=A9
 0002:00005C4C 00000004 C=BSS      S=.bss     G=DGROUP   M=RzLabel  ACBP=A9
 0002:00005C50 00000004 C=BSS      S=.bss     G=DGROUP   M=RzIntLst ACBP=A9
 0002:00005C54 00000004 C=BSS      S=.bss     G=DGROUP   M=RzRadChk ACBP=A9
 0002:00005C58 00000004 C=BSS      S=.bss     G=DGROUP   M=RzRadGrp ACBP=A9
 0002:00005C5C 00000004 C=BSS      S=.bss     G=DGROUP   M=RzCmboBx ACBP=A9
 0002:00005C60 00000004 C=BSS      S=.bss     G=DGROUP   M=RzLstBox ACBP=A9
 0002:00005C64 00000004 C=BSS      S=.bss     G=DGROUP   M=RzChkLst ACBP=A9
 0002:00005C68 00000004 C=BSS      S=.bss     G=DGROUP   M=RzToolbarForm ACBP=A9
 0002:00005C6C 00000030 C=BSS      S=.bss     G=DGROUP   M=RzButton ACBP=A9
 0002:00005C9C 00000004 C=BSS      S=.bss     G=DGROUP   M=RzPanel  ACBP=A9
 0002:00005CA0 00000004 C=BSS      S=.bss     G=DGROUP   M=RzPopups ACBP=A9
 0002:00005CA4 00000004 C=BSS      S=.bss     G=DGROUP   M=RzEdit   ACBP=A9
 0002:00005CA8 00000028 C=BSS      S=.bss     G=DGROUP   M=RzBtnEdt ACBP=A9
 0002:00005CD0 00000004 C=BSS      S=.bss     G=DGROUP   M=HUtil32  ACBP=A9
 0002:00005CD4 00000004 C=BSS      S=.bss     G=DGROUP   M=MiTeC_Native ACBP=A9
 0002:00005CD8 000000A8 C=BSS      S=.bss     G=DGROUP   M=MiTeC_Routines ACBP=A9
 0002:00005D80 00000004 C=BSS      S=.bss     G=DGROUP   M=MSI_Common ACBP=A9
 0002:00005D84 00000008 C=BSS      S=.bss     G=DGROUP   M=MSI_CPU  ACBP=A9
 0002:00005D8C 00000004 C=BSS      S=.bss     G=DGROUP   M=MiTeC_WinIOCTL ACBP=A9
 0002:00005D90 00000004 C=BSS      S=.bss     G=DGROUP   M=MiTeC_StrUtils ACBP=A9
 0002:00005D94 00000004 C=BSS      S=.bss     G=DGROUP   M=MSI_Storage ACBP=A9
 0002:00005D98 00000004 C=BSS      S=.bss     G=DGROUP   M=MSI_DMA  ACBP=A9
 0002:00005D9C 00000004 C=BSS      S=.bss     G=DGROUP   M=MSI_SMBIOS ACBP=A9
 0002:00005DA0 00000004 C=BSS      S=.bss     G=DGROUP   M=MiTeC_NTDDK ACBP=A9
 0002:00005DA4 00000004 C=BSS      S=.bss     G=DGROUP   M=MSI_Devices ACBP=A9
 0002:00005DA8 00000004 C=BSS      S=.bss     G=DGROUP   M=MiTeC_Datetime ACBP=A9
 0002:00005DAC 00000004 C=BSS      S=.bss     G=DGROUP   M=MSI_Machine ACBP=A9
 0002:00005DB0 00000004 C=BSS      S=.bss     G=DGROUP   M=MD5EncodeStr ACBP=A9
 0002:00005DB4 00000010 C=BSS      S=.bss     G=DGROUP   M=Main     ACBP=A9


  Address         Publics by Name

 0002:00005C34       .01
 0002:00005A58       .1
 0002:00005BDC       .1
 0002:00005960       .1
 0002:0000583C       .1
 0002:00005A50       .1
 0002:0000592C       .1
 0002:00005888       .1
 0002:00005A4C       .1
 0002:00005BE8       .1
 0002:00005918       .1
 0002:00005A34       .1
 0002:0000567C       .1
 0002:00005678       .1
 0002:00005A64       .1
 0002:00005C04       .1
 0002:00005C08       .1
 0002:00005A54       .1
 0002:00005A88       .1
 0002:00005C28       .1
 0002:00005C2C       .1
 0002:00005D8C       .1
 0002:00005C38       .1
 0002:00005DA8       .1
 0002:00005C40       .1
 0002:00005A60       .1
 0002:00005B04       .1
 0002:00005DB0       .1
 0002:00005C48       .1
 0002:00005BEC       .1
 0002:00005A5C       .1
 0002:00005670       .1
 0002:00005D5C       .1
 0002:00005AC8       .1
 0002:00005A78       .1
 0002:00005A44       .1
 0002:000058F4       .1
 0002:00005668       .1
 0002:00005CA4       .11
 0002:00005A68       .11
 0002:00005C60       .11
 0002:00005A74       .12
 0002:00005890       .12
 0002:00005BF0       .2
 0002:00005A80       .2
 0002:00005BD0       .2
 0002:00005DA0       .2
 0002:00005BF8       .2
 0002:00005AEC       .2
 0002:00005D80       .2
 0002:00005D98       .2
 0002:00005C00       .2
 0002:00005DA4       .2
 0002:00005C68       .2
 0002:00005930       .2
 0002:00005DBC       .2
 0002:00005C64       .2
 0002:00005D94       .2
 0002:000058EC       .2
 0002:000058F0       .21
 0002:00005DAC       .3
 0002:00005938       .3
 0002:00005B94       .3
 0002:00005D90       .3
 0002:00005674       .3
 0002:00005C4C       .3
 0002:00005C50       .3
 0002:00005844       .3
 0002:0000593C       .3
 0002:00005BE4       .3
 0002:00005ABC       .3
 0002:00005C9C       .31
 0002:00005C6C       .31
 0002:00005D9C       .33
 0002:00005790       .35
 0002:00005ADC       .36
 0002:00005CD4       .4
 0002:00005A48       .4
 0002:00005BFC       .4
 0002:00005CA8       .4
 0002:00005A8C       .4
 0002:00005CD0       .4
 0002:00005BB8       .41
 0002:00005BE0       .41
 0002:00005AF4       .42
 0002:00005854       .45
 0002:00005BD4       .5
 0002:00005BD8       .5
 0002:00005C44       .5
 0002:000055B8       .5
 0002:00005C3C       .5
 0002:00005AC4       .5
 0002:000057F8       .5
 0002:00005C58       .5
 0002:00005C5C       .51
 0002:00005840       .6
 0002:00005974       .6
 0002:00005C54       .6
 0002:00005D88       .7
 0002:00005BF4       .7
 0002:00005B18       .72
 0002:00005ACC       .72
 0002:00005AF8       .73
 0002:00005CA0       .8
 0002:00005B90       .8
 0002:00005AD8       .8
 0002:00005AC0       .8
 0002:0000581C       .81
 0002:00005BA8       .9
 0001:00001EDC       @AbstractError
 0001:00002A5C       @AfterConstruction
 0001:000028A0       @AsClass
 0001:00002044       @AStrCmp
 0001:00002A6C       @BeforeDestruction
 0001:00002620       @BoundErr
 0001:000028EC       @CallDynaInst
 0001:00002A04       @ClassCreate
 0001:00002A54       @ClassDestroy
 0001:00001F4C       @Close
 0001:00001BF4       @Copy
 0001:00004140       @CopyArray
 0001:00004024       @CopyRecord
 0001:00004258       @DispCallByIDError
 0001:0000E5BC       @DispInvokeError
 0001:00004248       @Dispose
 0001:00002EE8       @DoneExcept
 0001:00004748       @DynArrayAsg
 0001:0000470C       @DynArrayClear
 0001:0000452C       @DynArrayHigh
 0001:00004524       @DynArrayLength
 0001:00004700       @DynArraySetLength
 0001:00002FD0       @ExceptionHandler
 0001:000020B4       @FillChar
 0001:00004000       @Finalize
 0001:00003F14       @FinalizeArray
 0001:00003EC8       @FinalizeRecord
 0001:00002614       @FpuInit
 0001:00002550       @FpuMaskInit
 0001:00001A68       @FreeMem
 0001:00001A38       @GetMem
 0001:00005590       @GetTls
 0001:00003440       @Halt
 0001:00003360       @Halt0
 0001:00002B80       @HandleAnyException
 0001:00002E34       @HandleFinally
 0001:00002CAC       @HandleOnException
 0001:000055DC       @InitExe
 0001:00003EBC       @Initialize
 0001:00003E28       @InitializeArray
 0001:00003DF8       @InitializeRecord
 0001:00003224       @InitImports
 0001:000031FC       @InitResStringImports
 0001:000031D8       @InitResStrings
 0001:00004ED4       @IntfAddRef
 0001:00004EA4       @IntfCast
 0001:00004E60       @IntfClear
 0001:00004E78       @IntfCopy
 0001:0000287C       @IsClass
 0001:00002520       @isNECWindows
 0001:00003908       @LStrAddRef
 0001:0000347C       @LStrArrayClr
 0001:000034AC       @LStrAsg
 0001:00003720       @LStrCat
 0001:00003764       @LStrCat3
 0001:000037D8       @LStrCatN
 0001:00003458       @LStrClr
 0001:00003864       @LStrCmp
 0001:00003978       @LStrCopy
 0001:000039B8       @LStrDelete
 0001:000036C8       @LStrFromArray
 0001:00003640       @LStrFromChar
 0001:00003650       @LStrFromPChar
 0001:00003548       @LStrFromPCharLen
 0001:00003680       @LStrFromPWChar
 0001:000035B4       @LStrFromPWCharLen
 0001:000036BC       @LStrFromString
 0001:000036E0       @LStrFromWStr
 0001:00003A00       @LStrInsert
 0001:000034F0       @LStrLAsg
 0001:00003718       @LStrLen
 0001:00003A5C       @LStrPos
 0001:00003AA4       @LStrSetLength
 0001:00003918       @LStrToPChar
 0001:000036F4       @LStrToString
 0001:00004234       @New
 0001:0000351C       @NewAnsiString
 0001:00003B10       @NewWideString
 0001:00002234       @Pow10
 0001:00001FC0       @PStrCmp
 0001:00001FA4       @PStrNCpy
 0001:00002E94       @RaiseAgain
 0001:00002E6C       @RaiseExcept
 0001:000020D4       @RandInt
 0001:00001A88       @ReallocMem
 0001:00001EAC       @ROUND
 0001:0000344C       @RunError
 0001:000021F4       @SetElem
 0001:00002218       @SetEq
 0001:00003198       @StartExe
 0001:0000029C       @strlen
 0001:00001EB8       @TRUNC
 0001:00002F18       @TryFinallyExit
 0001:00003970       @UniqueStringA
 0001:00004300       @ValInt64
 0001:000020F0       @ValLong
 0001:0000FCB4       @VarAddRef
 0001:0000E8A8       @VarClear
 0001:0000E8BC       @VarClr
 0001:00003EFC       @VarClr
 0001:0000400C       @VarCopy
 0001:0000EBE4       @VarCopy
 0001:0000FBEC       @VarFromBool
 0001:0000FC3C       @VarFromCurr
 0001:0000FB84       @VarFromInt
 0001:0000FBC0       @VarFromInt64
 0001:0000FC50       @VarFromLStr
 0001:0000FC14       @VarFromReal
 0001:0000FC28       @VarFromTDateTime
 0001:0000FC7C       @VarFromWStr
 0001:0000E610       @VarNull
 0001:0000EF10       @VarToLStr
 0001:0000F630       @VarToWStr
 0001:00003B50       @WStrArrayClr
 0001:00003B74       @WStrAsg
 0001:00003B38       @WStrClr
 0001:00003CE0       @WStrCmp
 0001:00003D64       @WStrCopy
 0001:00003CB4       @WStrFromLStr
 0001:00003C48       @WStrFromPChar
 0001:00003B98       @WStrFromPCharLen
 0001:00003C78       @WStrFromPWChar
 0001:00003C24       @WStrFromPWCharLen
 0001:00003CD4       @WStrLen
 0001:00003DB0       @WStrSetLength
 0001:00003CC4       @WStrToPWChar
 0001:000021D0       @_CLenToPasStr
 0001:000021C4       @_CToPasStr
 0001:00001BC4       @_IOTest
 0001:00004284       @_lldiv
 0001:00004260       @_llmul
 0001:00039328       AbsMin
 0001:0000B56C       AbstractErrorHandler
 0002:00005028       AbstractErrorProc
 0002:00000144       AccessMode
 0001:00001B24       AcquireExceptionObject
 0001:00013248       ActivateClassGroup
 0001:00005C3C       ActivateKeyboardLayout
 0002:00005B4C       ActiveDrag
 0001:00010EBC       ActiveX
 0001:0004862C       ActnList
 0001:0000040C       AddBlockAfter
 0002:000003B8       AddDataModule
 0001:000073B0       AddExitProc
 0001:000163E4       AddFinished
 0001:0004BE28       AddIn
 0001:00004CB8       AddModuleUnloadProc
 0001:00004CC8       AddModuleUnloadProc
 0001:0001641C       AddNotFinished
 0001:00016E40       AddSubComponentsToLoaded
 0001:0001E1E4       AdjustColor
 0001:0000767C       AdjustLineBreaks
 0001:00052ED4       Adjustment
 0001:00005C44       AdjustWindowRectEx
 0002:00000A78       Alignments
 0002:00000B60       Alignments
 0002:00000D90       Alignments
 0002:00000B50       Alignments
 0002:00000AB8       Alignments
 0002:00000DA0       Alignments
 0001:0003E994       AlignWork
 0001:00059E18       AlignWork
 0001:0001A5C8       AllocateHWnd
 0001:00007354       AllocMem
 0002:000055B0       AllocMemCount
 0002:000055B4       AllocMemSize
 0001:00021CA4       AllocPatternBitmap
 0001:00005538       AllocTlsBuffer
 0002:00000B7C       AnchorAlign
 0002:00000B70       AnimateWindowProc
 0002:00000C78       AnimationStyle
 0001:00007584       AnsiCompareStr
 0001:000075BC       AnsiCompareText
 0001:00007E40       AnsiLastChar
 0001:00005C4C       AnsiLower
 0001:0000BE84       AnsiPos
 0001:000506B0       AnsiSameCaption
 0001:000075F4       AnsiSameText
 0001:0000760C       AnsiStrLIComp
 0001:0000BEC0       AnsiStrPos
 0001:0000BF80       AnsiStrRScan
 0001:0000BFC8       AnsiStrScan
 0001:000052D4       AnsiToUtf8
 0001:00007550       AnsiUpperCase
 0001:00009424       AppendChars
 0001:000097F0       AppendFormat
 0001:00009488       AppendNumber
 0001:00009468       AppendString
 0002:00005BB0       Application
 0002:000003C8       ApplicationHandleException
 0002:000003D0       ApplicationShowException
 0002:00000ECC       AppVisible
 0001:0000B550       AssertErrorHandler
 0002:00005020       AssertErrorProc
 0001:00010948       AssignLongStr
 0001:00010CEC       AssignVariant
 0002:00005608       avail
 0002:00000ED4       B64
 0002:00003D24       B64
 0001:00007F70       BackfillGetDiskFreeSpaceEx
 0001:0003BEBC       BackgroundClipped
 0001:0000D5B0       BackupVarBoolFromStr
 0001:0000D710       BackupVarBStrFromBool
 0001:0000D630       BackupVarBStrFromCy
 0001:0000D6A0       BackupVarBStrFromDate
 0001:0000D544       BackupVarCyFromStr
 0001:0000D4D8       BackupVarDateFromStr
 0001:0000D394       BackupVarI4FromStr
 0001:0000D340       BackupVariantChangeTypeEx
 0001:0000D400       BackupVarR4FromStr
 0001:0000D46C       BackupVarR8FromStr
 0001:0005EF18       Base64
 0001:0005ED64       Base64Decode
 0001:0005EE9C       Base64DecodeStr
 0001:0005EB88       Base64Encode
 0001:0005ED1C       Base64EncodeStr
 0001:00005C54       BeginDeferWindowPos
 0001:000135A0       BeginGlobalLoading
 0001:00005C5C       BeginPaint
 0001:0001E1F0       BetterSize
 0001:0004CCBC       BiDiDraw
 0001:000191D4       BinToHex
 0001:00005A7C       BitBlt
 0002:000040F0       BitBtnCaptions
 0002:00000990       BitBtnCaptions
 0002:00005A90       BitBtnGlyphs
 0002:00005C70       BitBtnGlyphs
 0002:00000754       BitmapCanvasList
 0002:000058A8       BitmapImageLock
 0001:0000D37C       BiUnimplemented
 0002:00000470       BlockCode
 0002:000055E0       blockDescBlockList
 0002:000055E4       blockDescFreeList
 0002:000043C4       BooleanCz
 0002:000043BC       BooleanEn
 0002:000003AC       BooleanIdents
 0002:00000328       BooleanToStringRule
 0001:00007C60       BoolToStr
 0001:0000EC98       BoolToWStrViaOS
 0002:00000A70       BorderStyles
 0001:0000567C       Bounds
 0001:00012560       Bounds
 0002:00000D38       Breaks
 0002:000058E0       BrushManager
 0002:00005CAC       BtnEdtGlyphs
 0001:000662AC       BufferCRC
 0001:0004F490       BuildImage
 0002:000007EC       ButtonCaptions
 0002:000009C0       ButtonCount
 0002:000007C0       ButtonNames
 0001:000290E4       Buttons
 0002:00000DB4       Buttons
 0002:00000B48       ButtonStyles
 0001:0001D9BC       BytesPerScanline
 0001:0001DD20       ByteSwapColors
 0001:0000BC28       ByteToCharIndex
 0001:0000BC00       ByteToCharLen
 0001:0000BBC4       ByteType
 0001:0000BB4C       ByteTypeTest
 0002:000048D8       CacheAssociativities
 0002:00005B98       CachedComCtrlVer
 0002:000048C4       CacheTypes
 0001:0001A504       CalcJmpOffset
 0001:00046698       CalcSplitterPos
 0001:00005C64       CallNextHookEx
 0001:0000C7D4       CallTerminateProcs
 0001:00005C6C       CallWindowProc
 0001:0003A360       CancelDrag
 0002:00005B60       CanvasList
 0002:000058E4       CanvasList
 0002:000007AC       Captions
 0002:00000C34       CaptureControl
 0001:000660F0       Cast256
 0002:00000CD8       cBooleanToItemAutoFlag
 0002:00005A7E       CF_COMPONENT
 0002:00005A7C       CF_PICTURE
 0002:00005814       ChangeAnyProc
 0001:0003888C       ChangeBiDiModeAlignment
 0001:00071784       ChangeByteOrder
 0002:00000A98       CharCases
 0002:00000AFC       CharCases
 0001:00003578       CharFromWChar
 0001:0000BE0C       CharLength
 0001:0000021C       CharNext
 0001:00005C74       CharNext
 0001:0001C24C       CharsetToIdent
 0001:0000BD14       CharToByteIndex
 0001:0000BD78       CharToByteLen
 0001:00005C7C       CharToOemA
 0001:00005C84       CharUpperBuff
 0002:0000451C       ChassisTypes
 0001:0001E7AC       CheckBool
 0001:00002AFC       CheckJmp
 0001:00005C8C       CheckMenuItem
 0002:00000D28       Checks
 0001:00016E7C       CheckSubComponents
 0001:000192DC       CheckSynchronize
 0001:00052908       CheckTaskWindow
 0001:0003A014       CheckUndock
 0001:0000BA40       CheckWin32Version
 0001:00069E30       CheckXMLValue
 0002:0000032C       CInvalidCustomVariantType
 0002:000017D0       Cipher1
 0002:000017E0       Cipher2
 0002:000017F0       Cipher3
 0002:00002860       CipherText
 0002:00000CDC       cItemAutoFlagToBoolean
 0002:00000CD4       cItemAutoFlagToMenu
 0002:000041D0       cKWaitReason
 0001:0001A754       Classes
 0002:00005CE4       ClassKey
 0001:0001300C       ClassNotFound
 0002:00005810       ClearAnyProc
 0001:0001BACC       ClearColor
 0001:0000FFF0       ClearVariantTypeList
 0001:00005C94       ClientToScreen
 0001:00043C3C       ClientToWindow
 0002:0000074C       ClipboardFormats
 0001:0002690C       Clipbrd
 0001:000057CC       CloseHandle
 0002:0000597C       CloseThemeData
 0002:0000503C       CmdLine
 0002:00005038       CmdShow
 0002:00000CD0       cMenuAutoFlagToItem
 0001:0000D388       CmpUnimplemented
 0002:0000411C       ColorNames
 0002:000004CC       Colors
 0002:00003D64       ColorSwatches
 0001:0001C044       ColorToIdent
 0002:00000818       ColorToPretyName
 0001:0001C034       ColorToRGB
 0002:00000AE8       ComboBoxStyles
 0002:00005AE8       ComCtlVersion
 0001:0002AE04       ComCtrls
 0002:00005BAC       CommandPool
 0001:000222A0       CommCtrl
 0001:00024B2C       CommDlg
 0001:0000078C       Commit
 0002:00005624       committedRoot
 0001:000668FC       Common
 0001:0004B40C       CompareFront
 0001:000074B8       CompareMem
 0001:0006198C       CompareMemory
 0001:00007488       CompareStr
 0001:000057D4       CompareString
 0001:000074D8       CompareText
 0001:00007B88       CompareWith
 0001:00016F5C       ComponentCreated
 0001:000268C8       ComStrs
 0002:00005C20       ConfigOptionSize
 0002:000046E0       ConnectorTypes
 0001:0001AA88       Consts
 0001:000221A4       Contnrs
 0002:00005B1E       ControlAtom
 0002:00005B24       ControlAtomString
 0001:000576BC       ControlHasHelp
 0001:00047334       Controls
 0002:000003EC       Convert
 0002:000003FC       Convert
 0001:0000AF9C       ConvertAddr
 0001:0000957C       ConvertEraString
 0001:00007318       ConvertError
 0001:00007330       ConvertErrorFmt
 0001:000096E8       ConvertYearString
 0001:00004534       CopyArray
 0001:0001F284       CopyBitmap
 0001:0001F94C       CopyBitmapAsMask
 0001:00028EE4       CopyImage
 0001:00006164       CopyMemory
 0001:0001F8E8       CopyPalette
 0002:00000A0C       Copyright
 0001:0004E53C       CopyToBest
 0001:0000BC84       CountChars
 0002:000058C0       CounterLock
 0002:000042DC       CPUID_CACHETLB
 0002:000042D8       CPUID_CPUFEATURESET
 0002:000042E8       CPUID_CPUMARKETNAME1
 0002:000042EC       CPUID_CPUMARKETNAME2
 0002:000042F0       CPUID_CPUMARKETNAME3
 0002:000042D4       CPUID_CPUSIGNATURE
 0002:000042E4       CPUID_CPUSIGNATUREEX
 0002:00005D84       CPUID_Level
 0002:000042F4       CPUID_LEVEL1CACHETLB
 0002:000042F8       CPUID_LEVEL2CACHETLB
 0002:000042CC       CPUID_MAXLEVEL
 0002:000042E0       CPUID_MAXLEVELEX
 0002:000042D0       CPUID_VENDORSIGNATURE
 0002:0000434C       CPUTypes
 0002:0000435C       CPUVendorIDs
 0002:00004324       CPUVendors
 0002:000042FC       CPUVendorsEx
 0002:00000330       CRangeToType
 0001:000662A4       Crc
 0001:0006614C       Crc32
 0002:00003914       crc_table
 0001:0000B494       CreateAssertException
 0001:0000B61C       CreateAVObject
 0001:00005A84       CreateBitmap
 0001:00005A8C       CreateBrushIndirect
 0001:00005A94       CreateCompatibleBitmap
 0001:00005A9C       CreateCompatibleDC
 0001:00016FDC       CreateComponent
 0001:00005AAC       CreateDIBitmap
 0001:00005AA4       CreateDIBSection
 0001:000057DC       CreateEvent
 0001:000057E4       CreateFile
 0001:00005AB4       CreateFontIndirect
 0001:00005ABC       CreateHalftonePalette
 0001:00005C9C       CreateIcon
 0001:0000B3C0       CreateInOutError
 0001:00005CA4       CreateMenu
 0001:00005AC4       CreatePalette
 0001:00005ACC       CreatePenIndirect
 0001:00005CAC       CreatePopupMenu
 0001:00005AD4       CreateSolidBrush
 0001:0001DD78       CreateSystemPalette
 0001:000057EC       CreateThread
 0001:00006260       CreateWindow
 0001:00006208       CreateWindowEx
 0002:00000B74       CreationControl
 0002:000007A4       CreationControl
 0002:00000398       CRelationshipToBoolean
 0002:00000314       CResult
 0002:00005CD8       CSD
 0002:0000013C       cSimpleBoolStrs
 0002:00004260       cSystemHandleType
 0002:00000344       CText
 0002:00004240       cThreadState
 0002:00000B40       Ctl3DStyles
 0002:00000C70       Ctl3DStyles
 0002:0000561C       curAlloc
 0002:00005688       CurrencyDecimals
 0002:00005684       CurrencyFormat
 0002:00005680       CurrencyString
 0002:00005C30       CurrentXPColorScheme
 0001:00009410       CurrentYear
 0001:00008E74       CurrToStr
 0001:0000EC28       CurrToWStrViaOS
 0002:00000E50       CursorMap
 0002:00000B84       Cursors
 0001:00038BAC       CursorToIdent
 0002:00000E40       cUseAlpha
 0002:00000E48       cUseColorKey
 0002:00003F9C       CustomColorItem
 0001:00007888       CvtInt
 0001:000078F4       CvtInt64
 0002:0000017C       CWNear
 0002:0000486C       DataBusTypes
 0001:0002A2E0       DataTypeToRegData
 0001:00009394       Date
 0002:00005689       DateSeparator
 0001:0000A054       DateTimeToStr
 0001:00009FC8       DateTimeToString
 0001:00008F70       DateTimeToTimeStamp
 0001:0000A024       DateToStr
 0001:0000EC60       DateToWStrViaOS
 0001:00066BA0       DateUtils
 0001:0000936C       DayOfWeek
 0002:00000178       DCon10
 0001:0005EB80       DCPconst
 0001:00061A3C       DCPcrypt
 0002:00005C14       DCP_3Des
 0002:00005C18       DCP_Cast256
 0002:00005C10       DCP_Des
 0002:00005C0C       DCP_Mars
 0002:000004C8       DDBsOnly
 0001:0001A67C       DeallocateHWnd
 0002:0000002C       DebugHook
 0002:00005687       DecimalSeparator
 0001:00076EF8       Decode
 0001:0000934C       DecodeDate
 0001:000091FC       DecodeDateFully
 0001:00009064       DecodeTime
 0001:0000084C       Decommit
 0001:00000F78       DecommitFree
 0002:000055F8       decommittedRoot
 0001:00066648       DecryptBuffer
 0001:0006673C       DecryptBuffer_3Des
 0001:000662DC       DecryptString
 0001:000666D4       DecryptString_Mars
 0001:0005AA54       Default
 0001:0005533C       Default
 0002:00000024       Default8087CW
 0002:00003F94       DefaultColorItem
 0002:00000B78       DefaultDockTreeClass
 0002:000055BC       DefaultUserCodePage
 0002:0000071C       DefBrushData
 0001:00005CCC       DeferWindowPos
 0002:0000049C       DefFontData
 0001:00005CB4       DefFrameProc
 0002:00000208       DefLongDayNames
 0002:000001BC       DefLongMonthNames
 0001:00005CBC       DefMDIChildProc
 0002:000006FC       DefPenData
 0002:000001EC       DefShortDayNames
 0002:0000018C       DefShortMonthNames
 0001:00005CC4       DefWindowProc
 0001:000047A0       DelayLoadResourceModule
 0001:00000468       DeleteBlock
 0001:00000378       DeleteCriticalSection
 0001:000057F4       DeleteCriticalSection
 0001:00005ADC       DeleteDC
 0001:00000D60       DeleteFree
 0001:00005CD4       DeleteMenu
 0001:00005AE4       DeleteObject
 0001:00033DEC       DeleteSelectedText
 0001:000650D8       DES
 0001:0001EE40       DeselectBitmap
 0001:00005CDC       DestroyCursor
 0001:00005CE4       DestroyIcon
 0001:00029014       DestroyLocals
 0001:00005CEC       DestroyMenu
 0001:00005CF4       DestroyWindow
 0002:00001810       des_skb
 0002:00002010       des_sptrans
 0002:00004964       DeviceClass
 0001:000057FC       DeviceIoControl
 0001:00035FD0       DialogEnumerationTester
 0001:0002519C       Dialogs
 0002:00000758       DIBPalSizes
 0002:00000090       dig
 0002:00004A3C       Digits
 0001:00052744       DisableTaskWindows
 0001:00005CFC       DispatchMessage
 0001:0005899C       DispatchShortCut
 0002:00005000       DispCallByIDProc
 0001:000072FC       DivMod
 0001:00024B64       Dlgs
 0001:00059CCC       DoAlign
 0001:0003E824       DoAlign
 0001:0004291C       DoCalcConstraints
 0002:00005B54       DockSiteList
 0001:0004F15C       DoClick
 0001:0003FF68       DoControlMsg
 0001:000526F4       DoDisableWindow
 0001:00039940       DoDragOver
 0001:00007374       DoExitProc
 0001:0004496C       DoFindControlZone
 0001:00052848       DoFindWindow
 0001:00044EF8       DoFindZone
 0001:000449F0       DoForEach
 0001:000462FC       DoGetNextLimit
 0001:000526BC       DoneApplication
 0001:0004705C       DoneControls
 0001:0000B950       DoneExceptions
 0001:00056D18       DoNestedActivation
 0001:0001929C       DoneThreadSynchronization
 0001:0005BD88       DoOnHelp
 0001:0003E3E4       DoPosition
 0001:00059B1C       DoPosition
 0001:00045924       DoPrune
 0001:00045DFC       DoSaveZone
 0001:00046000       DoSetNewBounds
 0002:000003B4       DotSep
 0002:000009C4       DownStyles
 0001:000143EC       DoWrite
 0001:00049A6C       DoWrite
 0001:0001EA04       DoWrite
 0001:0003F550       DoWriteDesignSize
 0001:0003CFBC       DoWriteIsControl
 0002:00005B38       DragCapture
 0002:00005B2C       DragControl
 0001:0003A088       DragDone
 0001:000398F0       DragFindTarget
 0001:000398C4       DragFindWindow
 0002:00005B50       DragImageList
 0001:00039CE0       DragInit
 0001:00039E50       DragInitControl
 0002:00005B34       DragInternalObject
 0001:0003980C       DragMessage
 0002:00005B30       DragObject
 0002:00005B5C       DragSave
 0002:00005B44       DragSaveCursor
 0002:00005B3C       DragStartPos
 0002:00005B48       DragThreshold
 0001:00039A10       DragTo
 0001:0005AA90       DrawAppIcon
 0001:00045490       DrawCloseButton
 0001:00005D04       DrawEdge
 0001:00005D0C       DrawFocusRect
 0001:00005D14       DrawFrameControl
 0001:000454E8       DrawGrabberLine
 0001:00005D1C       DrawIcon
 0001:00005D24       DrawIconEx
 0002:00000CAC       DrawingStyles
 0001:00005D2C       DrawMenuBar
 0001:000504CC       DrawMenuItem
 0001:00005D34       DrawText
 0002:00005980       DrawThemeBackground
 0002:000059A4       DrawThemeEdge
 0002:000059A8       DrawThemeIcon
 0002:00005A2C       DrawThemeParentBackground
 0002:00005984       DrawThemeText
 0001:0001D83C       DupBits
 0002:00003910       DynamicMakeCRCTableFlage
 0001:0000454C       DynArrayClear
 0001:00004554       DynArraySetLength
 0002:00000D98       EdgeStyle
 0002:00000C60       EdgeStyles
 0002:00000B30       EdgeStyles
 0001:0000B394       EHeapException.FreeInstance
 0002:00000AB4       Empty
 0002:000057FC       EmptyParam
 0002:000000C0       EmptyStr
 0002:000000C4       EmptyWideStr
 0001:00005D3C       EnableMenuItem
 0002:00000D30       Enables
 0001:00005D44       EnableScrollBar
 0001:000527F8       EnableTaskWindows
 0002:00005A14       EnableThemeDialogTexture
 0002:00005A30       EnableTheming
 0001:00005D4C       EnableWindow
 0001:00076EA0       Encode
 0001:000091CC       EncodeDate
 0001:00009024       EncodeTime
 0001:000665D4       EncryptBuffer
 0001:00066700       EncryptBuffer_3Des
 0001:00066434       EncryptString
 0001:000666A8       EncryptString_Mars
 0001:000667D0       EncryptUnit
 0001:00005D54       EndDeferWindowPos
 0001:00013628       EndGlobalLoading
 0001:00005D5C       EndPaint
 0001:00005804       EnterCriticalSection
 0001:00000368       EnterCriticalSection
 0001:0000580C       EnumCalendarInfoA
 0002:00005914       EnumDisplayMonitors
 0001:0000AC10       EnumEraNames
 0001:0000AC4C       EnumEraYearOffsets
 0001:00055900       EnumMonitorsProc
 0001:00005D64       EnumThreadWindows
 0001:0001678C       EnumValue
 0001:00005D6C       EnumWindows
 0001:00005D74       EqualRect
 0002:00005750       EraNames
 0001:0000A2CC       EraToYear
 0002:0000576C       EraYearOffsets
 0002:00000068       errCaption
 0001:0004B15C       Error
 0001:00015F70       Error
 0001:00012BB0       Error
 0001:00001BB8       Error
 0002:00000004       ErrorAddr
 0001:00001B6C       ErrorAt
 0001:0000B440       ErrorHandler
 0002:00000224       ErrorMap
 0002:00005008       ErrorProc
 0002:000053E4       ErrOutput
 0001:00001AF8       ExceptAddr
 0002:0000500C       ExceptClsProc
 0001:0000B8BC       ExceptHandler
 0001:0000B208       Exception.Create
 0001:0000B244       Exception.CreateFmt
 0001:0000B2C4       Exception.CreateRes
 0001:0000B300       Exception.CreateResFmt
 0002:0000501C       ExceptionClass
 0001:0000AFA8       ExceptionErrorMessage
 0002:0000025C       ExceptMap
 0001:00001AD8       ExceptObject
 0002:00005010       ExceptObjProc
 0002:00005004       ExceptProc
 0001:00005AEC       ExcludeClipRect
 0001:0006D130       ExecuteAMDCache
 0001:0006D0BC       ExecuteCPUID
 0001:0006D1A0       ExecuteCyrixCache
 0001:0006D0D4       ExecuteIntelCache
 0002:00005D14       EXEVersionInfo
 0002:00000000       ExitCode
 0001:000032A4       ExitDll
 0002:00005044       ExitProc
 0001:00000224       ExitProcess
 0002:00005024       ExitProcessProc
 0002:00000138       ExitProcList
 0001:00005814       ExpandEnvironmentStrings
 0001:00007F34       ExpandFileName
 0001:0002AC4C       ExtActns
 0001:00026868       ExtCtrls
 0001:0002913C       ExtDlgs
 0001:00007EFC       ExtractFileName
 0001:00007EC8       ExtractFilePath
 0001:00005AF4       ExtTextOut
 0001:00076D84       F
 0001:0006517C       F1
 0001:000651C4       F2
 0001:0006520C       F3
 0002:0000578C       FalseBoolStrs
 0002:00005A84       FClipboard
 0002:0000016C       FCon1E18
 0001:00076DD0       FF
 0001:00007DC8       FileAge
 0001:00007DC0       FileClose
 0001:00007D28       FileCreate
 0001:00007D04       FileCreate
 0001:00007E30       FileExists
 0002:00000750       FileFormats
 0002:0000000C       FileMode
 0001:00007CAC       FileOpen
 0001:00007D30       FileRead
 0002:000003E0       FilerSignature
 0001:00007D88       FileSeek
 0001:0000581C       FileTimeToDosDateTime
 0001:00005824       FileTimeToLocalFileTime
 0001:00007D5C       FileWrite
 0001:00000E98       FillAfterGap
 0001:00000E38       FillBeforeGap
 0001:00000F38       FillerSizeAfterGap
 0001:00000EC0       FillerSizeBeforeGap
 0001:00005D7C       FillRect
 0002:000009CC       FillStyles
 0001:00022270       Finalization
 0001:0005CD9C       Finalization
 0001:0005CE3C       Finalization
 0001:0005CE74       Finalization
 0001:0005EA70       Finalization
 0001:0005EAA8       Finalization
 0001:0005EAE0       Finalization
 0001:0005EB18       Finalization
 0001:0005EB50       Finalization
 0001:000229F0       Finalization
 0001:0000D120       Finalization
 0001:0005EEE8       Finalization
 0001:000603FC       Finalization
 0001:00061A0C       Finalization
 0001:000507AC       Finalization
 0001:00022A30       Finalization
 0001:00063EE4       Finalization
 0001:000650A8       Finalization
 0001:00006728       Finalization
 0001:000063E8       Finalization
 0001:000063B0       Finalization
 0001:000660C0       Finalization
 0001:0000DADC       Finalization
 0001:00066274       Finalization
 0001:00066778       Finalization
 0001:000668C0       Finalization
 0001:00066934       Finalization
 0001:00066B20       Finalization
 0001:00066B70       Finalization
 0001:00066DF8       Finalization
 0001:00067088       Finalization
 0001:000670C0       Finalization
 0001:000670F8       Finalization
 0001:00067130       Finalization
 0001:00067168       Finalization
 0001:000671A0       Finalization
 0001:000671D8       Finalization
 0001:00022174       Finalization
 0001:00021EBC       Finalization
 0001:00021CDC       Finalization
 0001:00023A18       Finalization
 0001:0004A1BC       Finalization
 0001:000485FC       Finalization
 0001:000472CC       Finalization
 0001:0001043C       Finalization
 0001:00010660       Finalization
 0001:00067550       Finalization
 0001:000675DC       Finalization
 0001:00067614       Finalization
 0001:0006764C       Finalization
 0001:000676F4       Finalization
 0001:00067768       Finalization
 0001:000677A0       Finalization
 0001:000677D8       Finalization
 0001:00023A60       Finalization
 0001:00010E28       Finalization
 0001:00010E8C       Finalization
 0001:0006782C       Finalization
 0001:00067C84       Finalization
 0001:00023A98       Finalization
 0001:00068298       Finalization
 0001:00036248       Finalization
 0001:000355C4       Finalization
 0001:00005698       Finalization
 0001:00005620       Finalization
 0001:0003545C       Finalization
 0001:000693F8       Finalization
 0001:0006A0BC       Finalization
 0001:000053F0       Finalization
 0001:0002B9E8       Finalization
 0001:0002AD8C       Finalization
 0001:0002AC54       Finalization
 0001:0002ABFC       Finalization
 0001:0002ABA4       Finalization
 0001:0002AB40       Finalization
 0001:0002A11C       Finalization
 0001:0002910C       Finalization
 0001:00071698       Finalization
 0001:000290AC       Finalization
 0001:000269A0       Finalization
 0001:000268D0       Finalization
 0001:00072F70       Finalization
 0001:00072FD8       Finalization
 0001:000746CC       Finalization
 0001:00074704       Finalization
 0001:00076234       Finalization
 0001:00026898       Finalization
 0001:00026820       Finalization
 0001:00076440       Finalization
 0001:00025140       Finalization
 0001:0007670C       Finalization
 0001:0007675C       Finalization
 0001:00024B34       Finalization
 0001:00076D4C       Finalization
 0001:00024AFC       Finalization
 0001:00024AC4       Finalization
 0001:00024A74       Finalization
 0001:00024A3C       Finalization
 0001:00024A04       Finalization
 0001:0001AA58       Finalization
 0001:000249CC       Finalization
 0001:00024994       Finalization
 0001:0002495C       Finalization
 0001:000248EC       Finalization
 0001:00077940       Finalization
 0001:00023DBC       Finalization
 0001:0001A6A4       Finalization
 0001:0007BB94       Finalization
 0001:0007BBE4       Finalization
 0001:00023F68       Finalization
 0001:00004544       FinalizeArray
 0001:000030B8       FinalizeUnits
 0001:0004EF1C       Find
 0001:00004830       FindBS
 0001:000130CC       FindClass
 0001:00004798       FindClassHInstance
 0001:0000582C       FindClose
 0001:00000234       FindClose
 0001:00000DF4       FindCommitted
 0001:0003898C       FindControl
 0001:00045124       FindControlAtPos
 0001:0001034C       FindCustomVariantType
 0001:00010294       FindCustomVariantType
 0001:0003A3AC       FindDragTarget
 0001:0001718C       FindExistingComponent
 0001:00005834       FindFirstFile
 0001:0000023C       FindFirstFile
 0001:000134B8       FindGlobalComponent
 0001:00052954       FindGlobalComponent
 0002:00005860       FindGlobalComponentProcs
 0001:00004770       FindHInstance
 0001:00013360       FindIdentToInt
 0002:00005A70       FindMsg
 0001:0001631C       FindNestedComponent
 0001:0004B124       FindPopupControl
 0001:0000D7A4       FindProc
 0001:0000583C       FindResource
 0001:000047E8       FindResourceHInstance
 0001:0005C5CC       FindScanline
 0001:000528AC       FindTopMostWindow
 0001:00018070       FindUniqueName
 0001:0003A378       FindVCLWindow
 0001:00005D84       FindWindow
 0001:00036028       FindWinHelp
 0001:0001F238       FixupBitFields
 0002:00000DA8       Flags
 0002:0000579C       FLanguages
 0001:00023DEC       FlatSB
 0002:00005940       FlatSB_EnableScrollBar
 0002:0000594C       FlatSB_GetScrollInfo
 0002:00005950       FlatSB_GetScrollPos
 0002:00005948       FlatSB_GetScrollRange
 0002:00005958       FlatSB_SetScrollInfo
 0002:00005954       FlatSB_SetScrollPos
 0001:00023ADC       FlatSB_SetScrollProp
 0002:0000595C       FlatSB_SetScrollRange
 0002:00005944       FlatSB_ShowScrollBar
 0001:00008B04       FloatToDecimal
 0001:00008E44       FloatToStr
 0001:00008830       FloatToText
 0001:00001F40       Flush
 0002:00000180       FMSecsPerDay
 0001:00008724       FmtStr
 0002:00000DC4       FocusCount
 0002:00000DC0       FocusMessages
 0002:0000066C       FontCharsets
 0002:000058D8       FontManager
 0001:00052928       ForegroundTask
 0001:00008710       Format
 0002:00000188       Format
 0001:00008300       FormatBuf
 0001:000082F4       FormatClearStr
 0001:00008278       FormatError
 0002:00000164       FormatErrorStrs
 0001:00005844       FormatMessage
 0001:000082D0       FormatVarToStr
 0001:0005CDF8       Forms
 0001:0000222C       FPower10
 0002:000007A0       FPrinter
 0001:00005D8C       FrameRect
 0001:0000CD00       FreeAndNil
 0001:00067684       FreeBitmaps
 0001:00067810       FreeBitmaps
 0001:00000AF4       FreeCommitted
 0001:0000112C       FreeCurAlloc
 0001:0003A46C       FreeDeviceContext
 0001:0003A528       FreeDeviceContexts
 0001:0001A470       FreeIntConstList
 0001:00000244       FreeLibrary
 0001:0000584C       FreeLibrary
 0001:0001ED94       FreeMemoryContexts
 0001:000681BC       FreeNativeAPI
 0001:000529D4       FreeObjectInstance
 0001:0001A5A4       FreeObjectInstance
 0001:0000585C       FreeResource
 0001:000006C4       FreeSpace
 0001:0000C800       FreeTerminateProcs
 0001:00023FA0       FreeThemeLibrary
 0002:00005AE4       FRichEditModule
 0002:00005DB4       frmMain
 0002:00005C31       FullColorSupported
 0001:00076D90       g
 0001:0001D82C       GDICheck
 0001:0001D784       GDIError
 0001:00061C94       gen_mask
 0001:00001EA4       Get8087CW
 0001:00005864       GetACP
 0001:00005D94       GetActiveWindow
 0001:0006FBB8       GetAMDAssociativity
 0001:0006BD94       GetAMDCPUName
 0001:0005A1A8       GetAnimation
 0001:00077F80       GetBIOS
 0001:00005AFC       GetBitmapBits
 0001:00000380       GetBlockDesc
 0001:00005B04       GetBrushOrgEx
 0001:00005D9C       GetCapture
 0001:00038CA8       GetCaptureControl
 0001:00013078       GetClass
 0001:00005DA4       GetClassInfo
 0001:00005DAC       GetClassName
 0001:00005DB4       GetClientRect
 0001:00005B0C       GetClipBox
 0001:0000031C       GetCmdShow
 0001:00048854       GetColor
 0001:0002AD2C       GetComCtlVersion
 0001:0000024C       GetCommandLine
 0001:00000908       GetCommitted
 0001:000009B0       GetCommittedAt
 0001:00005874       GetComputerName
 0001:0003FB1C       GetControlAtPos
 0001:000094D4       GetCount
 0001:0000586C       GetCPInfo
 0001:0006CF6C       GetCPUName
 0001:0006D26C       GetCPUSerialNumber
 0001:00078114       GetCPUSerialNumber
 0001:0006D48C       GetCPUSpeed_M1
 0001:0006D3EC       GetCPUSpeed_M3
 0001:00005B14       GetCurrentPositionEx
 0001:0000587C       GetCurrentProcess
 0001:00005884       GetCurrentProcessId
 0002:00005A24       GetCurrentThemeName
 0001:0000588C       GetCurrentThread
 0001:000002FC       GetCurrentThreadId
 0001:00005894       GetCurrentThreadId
 0001:0000615C       GetCurrentTime
 0001:00005DBC       GetCursor
 0001:0005C5DC       GetCursorHeightMargin
 0001:00005DC4       GetCursorPos
 0001:0006C5E0       GetCyrixCPUName
 0001:000782D0       GetDate
 0001:00009504       GetDate
 0001:0000589C       GetDateFormat
 0001:0000A1E4       GetDateOrder
 0001:00067A04       GetDayCount
 0001:00005DCC       GetDC
 0001:00005DD4       GetDCEx
 0001:00005B1C       GetDCOrgEx
 0001:000218E4       GetDefFontCharSet
 0001:00005DDC       GetDesktopWindow
 0001:00005B34       GetDeviceCaps
 0001:00071FE8       GetDeviceHandle
 0001:0001E794       GetDIB
 0001:00005B24       GetDIBColorTable
 0001:00005B2C       GetDIBits
 0001:0001E6DC       GetDIBSizes
 0001:0001D99C       GetDInColors
 0001:000058A4       GetDiskFreeSpaceA
 0002:00000134       GetDiskFreeSpaceEx
 0001:00072E28       GetDiskGeometry
 0001:00072E6C       GetDiskLayout
 0001:00078058       GetDiskSerialNumber
 0001:000463DC       GetDockAlign
 0001:00039650       GetDockSiteAtPos
 0001:0003997C       GetDropCtl
 0001:000028BC       GetDynaMethod
 0001:000106D0       GetEnumNameValue
 0001:0001071C       GetEnumValue
 0001:0000ACC4       GetEraNamesAndYearOffsets
 0001:0000A278       GetEraYearOffset
 0001:0000B604       GetExceptionClass
 0001:0000B7F0       GetExceptionObject
 0001:0006D80C       GetFDIVBugPresent
 0001:00013000       GetFieldClassTable
 0001:00068688       GetFileVerInfo
 0001:0000BA60       GetFileVersion
 0001:00005A64       GetFileVersionInfo
 0001:00005A6C       GetFileVersionInfoSize
 0001:00005DE4       GetFocus
 0001:0001C26C       GetFontData
 0001:00005DEC       GetForegroundWindow
 0001:0000C274       GetFormatSettings
 0001:000058AC       GetFullPathName
 0001:0001B7B4       GetHashCode
 0001:000576F4       GetHelpInfo
 0001:00022EB0       GetHelpSystem
 0001:00059F8C       GetHint
 0001:00059FC4       GetHintControl
 0001:0005064C       GetHotkey
 0001:00005DF4       GetIconInfo
 0001:0006C93C       GetIDTCPUName
 0001:0006AD44       GetIntelCPUName
 0001:00005E0C       GetKeyboardLayout
 0001:00005E14       GetKeyboardLayoutList
 0001:00005E1C       GetKeyboardState
 0001:00002518       GetKeyboardType
 0001:00005DFC       GetKeyNameText
 0001:00005E04       GetKeyState
 0001:00005E24       GetLastActivePopup
 0001:000446A4       GetLastChildZone
 0001:000058B4       GetLastError
 0001:0000AA88       GetLocaleChar
 0001:00000254       GetLocaleInfo
 0001:000058C4       GetLocaleInfo
 0001:0000AA3C       GetLocaleStr
 0001:000058BC       GetLocalTime
 0001:00038C10       GetLongHint
 0001:00068C24       GetMachine
 0001:00071A40       GetMediaTypeStr
 0001:00005E2C       GetMenu
 0001:0005767C       GetMenuHelpContext
 0001:00005E34       GetMenuItemCount
 0001:00005E3C       GetMenuItemID
 0001:00005E44       GetMenuItemInfo
 0001:0004D768       GetMenuSize
 0001:00005E4C       GetMenuState
 0001:00005E54       GetMenuString
 0001:000058CC       GetModuleFileName
 0001:0000025C       GetModuleFileName
 0001:00000264       GetModuleHandle
 0001:000058D4       GetModuleHandle
 0001:00005518       GetModuleHandle
 0002:00005908       GetMonitorInfo
 0002:0000590C       GetMonitorInfoA
 0002:00005910       GetMonitorInfoW
 0001:0000AAEC       GetMonthDayNames
 0001:0006CB84       GetNexGenCPUName
 0001:00005E5C       GetNextWindow
 0001:0006CF40       GetNSCCPUName
 0001:00005B3C       GetObject
 0001:000107F0       GetOrdProp
 0001:00068380       GetOS
 0001:00005B44       GetPaletteEntries
 0001:00001C98       GetParamStr
 0001:00005E64       GetParent
 0001:00052B28       GetParentForm
 0001:00071878       GetPartitionSystem
 0001:0007199C       GetPartitionType
 0001:000726F4       GetPhysicalDiskInfo
 0001:00005B4C       GetPixel
 0001:000058DC       GetPriorityClass
 0001:000058E4       GetPrivateProfileString
 0001:000058EC       GetProcAddress
 0001:0000026C       GetProcAddress
 0001:000058F4       GetProcessAffinityMask
 0001:00068E10       GetProfilePath
 0001:00005E6C       GetProp
 0001:00010780       GetPropInfo
 0001:00052FE8       GetRealScrollPosition
 0001:00048834       GetRGBColor
 0001:0006CCD4       GetRiseCPUName
 0001:00005E74       GetScrollInfo
 0001:00005E7C       GetScrollPos
 0001:00005E84       GetScrollRange
 0001:00072078       GetSCSIDeviceInfo
 0001:00072320       GetSCSIDiskInfo
 0001:000781E0       GetSerialNumber
 0001:00038BCC       GetShortHint
 0001:0006CF04       GetSiSCPUName
 0001:00072A20       GetSMARTDiskInfo
 0001:000005E8       GetSpace
 0001:0000064C       GetSpaceAt
 0001:00068D68       GetSpecialFolder
 0001:0004B1B4       GetSpecialName
 0001:00000274       GetStartupInfo
 0001:000001F4       GetStdHandle
 0001:000058FC       GetStdHandle
 0001:00005B54       GetStockObject
 0001:00005904       GetStringTypeEx
 0001:00005E8C       GetSubMenu
 0001:00005E94       GetSysColor
 0001:00005E9C       GetSysColorBrush
 0001:0000590C       GetSystemDefaultLangID
 0001:00005914       GetSystemInfo
 0001:00005EA4       GetSystemMenu
 0002:000058F8       GetSystemMetrics
 0001:00005EAC       GetSystemMetrics
 0001:00005B5C       GetSystemPaletteEntries
 0001:00005B64       GetTextExtentPoint32
 0001:00005B6C       GetTextMetrics
 0002:00005A1C       GetThemeAppProperties
 0002:00005988       GetThemeBackgroundContentRect
 0002:0000598C       GetThemeBackgroundExtent
 0002:0000599C       GetThemeBackgroundRegion
 0002:000059C0       GetThemeBool
 0002:000059B4       GetThemeColor
 0002:00005A28       GetThemeDocumentationProperty
 0002:000059C8       GetThemeEnumValue
 0002:000059E8       GetThemeFilename
 0002:000059D0       GetThemeFont
 0002:000059C4       GetThemeInt
 0002:000059DC       GetThemeIntList
 0002:000059D8       GetThemeMargins
 0002:000059B8       GetThemeMetric
 0002:00005990       GetThemePartSize
 0002:000059CC       GetThemePosition
 0002:000059E0       GetThemePropertyOrigin
 0002:000059D4       GetThemeRect
 0002:000059BC       GetThemeString
 0002:000059F4       GetThemeSysBool
 0002:000059EC       GetThemeSysColor
 0002:000059F0       GetThemeSysColorBrush
 0002:000059FC       GetThemeSysFont
 0002:00005A04       GetThemeSysInt
 0002:000059F8       GetThemeSysSize
 0002:00005A00       GetThemeSysString
 0002:00005994       GetThemeTextExtent
 0002:00005998       GetThemeTextMetrics
 0001:0000027C       GetThreadLocale
 0001:0000591C       GetThreadLocale
 0001:00005924       GetThreadPriority
 0001:00000314       GetTickCount
 0001:0000592C       GetTickCount
 0001:0000953C       GetTime
 0001:00005544       GetTlsSize
 0001:0005A76C       GetTopMostWindows
 0001:00038DB0       GetTopParent
 0001:00005EB4       GetTopWindow
 0001:0006CDCC       GetTransmetaCPUName
 0001:000106C4       GetTypeData
 0001:0006CC28       GetUMCCPUName
 0001:00068D14       GetUser
 0001:0000579C       GetUserName
 0001:00067AC8       GetValidStr3
 0001:0006D73C       GetVendor
 0001:0006D7A8       GetVendorID
 0001:00000304       GetVersion
 0001:00005934       GetVersion
 0001:0000593C       GetVersionEx
 0001:00005EBC       GetWindow
 0001:00005EC4       GetWindowDC
 0001:00005ECC       GetWindowLong
 0001:00005B74       GetWindowOrgEx
 0001:00005ED4       GetWindowPlacement
 0001:00005EDC       GetWindowRect
 0001:00005EE4       GetWindowText
 0002:00005A10       GetWindowTheme
 0001:00005EF4       GetWindowThreadProcessId
 0001:00005EEC       GetWindowThreadProcessId
 0001:0006696C       GetXPColorScheme
 0001:00076E04       gg
 0001:00005944       GlobalAddAtom
 0001:0000594C       GlobalAlloc
 0001:00006178       GlobalAllocPtr
 0001:00005954       GlobalDeleteAtom
 0001:0000595C       GlobalFindAtom
 0002:00005864       GlobalFixupList
 0001:00016464       GlobalFixupReferences
 0001:00005964       GlobalFree
 0001:000061A4       GlobalFreePtr
 0001:00005974       GlobalHandle
 0001:0000596C       GlobalLock
 0001:0000597C       GlobalMemoryStatus
 0002:00005848       GlobalNameSpace
 0001:00005984       GlobalReAlloc
 0001:00006188       GlobalReAllocPtr
 0001:0000598C       GlobalUnlock
 0002:000009BC       GlyphCache
 0001:00021DB0       Graphics
 0001:0005EB48       Grobal2
 0001:000131F4       GroupDescendentsWith
 0002:00004A60       g_MemoryStream
 0002:00004A4C       g_sMsg
 0002:00005DC0       g_StartOK
 0002:00005C1C       g_sUserQQKey
 0002:00005DB8       g_UserList
 0001:00076D9C       h
 0001:000578FC       HandleEdge
 0001:000178C8       HandleException
 0001:00030AA4       HasPopup
 0001:00033DC0       HasSelectedText
 0002:00000028       HeapAllocFlags
 0002:000055C4       heapErrorCode
 0002:000055C8       heapLock
 0001:00023A58       HelpIntfs
 0002:00005934       HelpManager
 0002:00005A6C       HelpMsg
 0002:00005B08       HelpViewer
 0002:00005B0C       HelpViewerIntf
 0002:00000130       HexDisplayPrefix
 0001:00019210       HexToBin
 0001:00060900       HexToInt
 0001:00060DC8       HexToInt
 0001:00076E38       HH
 0002:00000AA4       HideSelections
 0001:00046458       HideZone
 0002:00005664       HInstance
 0002:00005BC4       HintDoneEvent
 0001:0005A094       HintGetMsgHook
 0002:00005BC8       HintHook
 0001:0005A038       HintMouseThread
 0002:00005BCC       HintThread
 0002:00005BC0       HintThreadID
 0001:00059FE4       HintTimerProc
 0002:00000DB8       HintWindowClass
 0002:000059A0       HitTestThemeBackground
 0001:00006158       HiWord
 0001:0005A0D8       HookHintHooks
 0001:000640E8       hperm_op
 0001:00067CF4       HUtil32
 0001:000062B8       HwndMSWheel
 0001:00076DA4       I
 0002:00000D4C       IBreaks
 0002:00000D58       IChecks
 0002:00000D60       IDefaults
 0001:0001C25C       IdentToCharset
 0001:0001C054       IdentToColor
 0001:00038BBC       IdentToCursor
 0001:000133DC       IdentToInt
 0002:00000D68       IEnables
 0001:0004E50C       IfHotkeyAvailable
 0001:00076E6C       II
 0002:00005B9C       ImageListWriteExProc
 0001:000221C4       ImageList_Add
 0001:000221E4       ImageList_AddIcon
 0001:00022210       ImageList_BeginDrag
 0001:000221AC       ImageList_Create
 0001:000221B4       ImageList_Destroy
 0001:00022220       ImageList_DragEnter
 0001:00022228       ImageList_DragLeave
 0001:00022230       ImageList_DragMove
 0001:00022240       ImageList_DragShowNolock
 0001:000221F0       ImageList_Draw
 0001:00022200       ImageList_DrawEx
 0001:00022218       ImageList_EndDrag
 0001:000221DC       ImageList_GetBkColor
 0001:00022248       ImageList_GetDragImage
 0001:00022260       ImageList_GetIconSize
 0001:000221BC       ImageList_GetImageCount
 0001:00022250       ImageList_Read
 0001:00022208       ImageList_Remove
 0001:000221F8       ImageList_Replace
 0001:000221CC       ImageList_ReplaceIcon
 0001:000221D4       ImageList_SetBkColor
 0001:00022238       ImageList_SetDragCursorImage
 0001:00022268       ImageList_SetIconSize
 0001:00022258       ImageList_Write
 0002:00000CBC       Images
 0001:0004A1EC       ImgList
 0001:00022A60       Imm
 0002:00000CA0       IMM32DLL
 0001:00047048       Imm32IsIME
 0002:00000184       IMSecsPerDay
 0002:00003878       InBlock1
 0002:000038B0       InBlock2
 0002:000038F0       InBlock3
 0001:0000E624       InBounds
 0001:0000E8C4       InBounds
 0001:0000E654       Increment
 0001:0000E8F4       Increment
 0002:00002810       InData1
 0002:00002828       InData2
 0001:00005EFC       InflateRect
 0001:0002A164       IniFiles
 0001:00000B88       InitAllocator
 0001:000222A8       InitAnApi
 0002:00005920       InitApis
 0001:00013684       InitComponent
 0002:00005634       InitContext
 0001:000470E4       InitControls
 0001:00021928       InitDefFontData
 0001:0000C82C       InitDriveSpacePtr
 0001:0000B8CC       InitExceptions
 0001:00023B38       InitFlatSB
 0001:00024FEC       InitGlobals
 0001:00066824       Initialize
 0001:0001E594       InitializeBitmapInfoHeader
 0001:00000360       InitializeCriticalSection
 0001:00005994       InitializeCriticalSection
 0002:000055C0       initialized
 0001:00023B10       InitializeFlatSB
 0001:000055D0       InitializeModule
 0001:0000D7D0       InitializeVarUtils
 0001:00046CE8       InitIMM32
 0001:0001372C       InitInheritedComponent
 0001:0000C084       InitLeadBytes
 0001:00022984       InitMultiMonStubs
 0001:0000B9D0       InitPlatformId
 0002:00005040       InitProc
 0001:0005CD10       InitProcs
 0001:000218AC       InitScreenLogPixels
 0001:0000C0FC       InitSysLocale
 0001:00024160       InitThemeLibrary
 0001:00019268       InitThreadSynchronization
 0001:0000554C       InitThreadTLS
 0001:00003128       InitUnits
 0001:000388A0       InitWndProc
 0002:00000B10       InnerStyles
 0002:00000C40       InnerStyles
 0002:0000504C       Input
 0001:00059ABC       InsertBefore
 0001:0003E358       InsertBefore
 0001:00001034       InsertFree
 0001:0004E5C0       InsertHotkeyFarEastFormat
 0001:00005F04       InsertMenu
 0001:00005F0C       InsertMenuItem
 0002:00005880       InstBlockList
 0002:00005884       InstFreeList
 0002:00005858       IntConstList
 0002:00004580       InterleaveSupports
 0001:000002F4       InterlockedDecrement
 0001:0000C894       InterlockedDecrement
 0001:0000C8A0       InterlockedExchange
 0001:00005854       InterlockedExchange
 0001:0000C8A8       InterlockedExchangeAdd
 0001:000002EC       InterlockedIncrement
 0001:0000C888       InterlockedIncrement
 0001:0001B740       InternalDeletePalette
 0001:00001EF8       InternalFlush
 0001:00000E74       InternalFreeMem
 0001:0001E6E4       InternalGetDIB
 0001:0001E678       InternalGetDIBSizes
 0001:0001351C       InternalReadComponentRes
 0002:00005AF0       InternalServices
 0001:00003924       InternalUniqueString
 0001:00005B7C       IntersectClipRect
 0001:00005F14       IntersectRect
 0001:00007A10       IntToHex
 0001:000079E8       IntToHex
 0001:0001341C       IntToIdent
 0001:000078D4       IntToStr
 0001:000079C0       IntToStr
 0001:00005F1C       InvalidateRect
 0001:0001D718       InvalidBitmap
 0001:0001D700       InvalidGraphic
 0001:0001D724       InvalidIcon
 0001:0001D6E8       InvalidOperation
 0001:00012588       InvalidPoint
 0002:00005798       InvalidPointer
 0001:00002768       InvokeImplGetter
 0001:00001C38       IOResult
 0002:00000D88       IOwnerDraw
 0002:00000D70       IRadios
 0002:00000D80       IRTL
 0002:00005CED       Is2K
 0002:00005CEB       Is95
 0002:00005CEC       Is98
 0001:00052AB8       IsAccel
 0001:0004F7A0       IsAccelChar
 0002:00005A0C       IsAppThemed
 0001:00039408       IsBeforeTargetWindow
 0001:00005F24       IsChild
 0002:00005048       IsConsole
 0001:00071844       IsContainerPartition
 0001:00039864       IsDelphiHandle
 0001:00005F2C       IsDialogMessage
 0002:00000D78       ISeparators
 0001:00071854       IsFTPartition
 0001:00066AC8       IsFullColorSupported
 0001:00005F34       IsIconic
 0001:0004F7FC       IsInitialChar
 0001:000090C0       IsLeapYear
 0002:00005034       IsLibrary
 0002:00005CF0       IsME
 0002:00005049       IsMultiThread
 0002:00005CF2       IsNET
 0002:00005CE8       IsNT
 0002:00005CE9       IsNT4
 0002:00005CEA       IsNT5
 0001:00044108       IsOrientationSet
 0002:00005CEE       IsOSR2
 0001:000717B4       IsRecognizedPartition
 0001:00005F3C       IsRectEmpty
 0001:0002A2CC       IsRelative
 0002:00005CEF       IsSE
 0001:0003960C       IsSiteChildOfClient
 0002:00005A08       IsThemeActive
 0002:000059B0       IsThemeBackgroundPartiallyTransparent
 0002:00005A18       IsThemeDialogTextureEnabled
 0002:000059AC       IsThemePartDefined
 0001:000134F8       IsUniqueGlobalComponentName
 0002:0000584C       IsUniqueGlobalComponentNameProc
 0001:00007824       IsValidIdent
 0001:0000C0E4       IsWesternGroup
 0001:00005F44       IsWindow
 0001:00005F4C       IsWindowEnabled
 0001:00005F54       IsWindowVisible
 0002:00005CF1       IsXP
 0001:00005F5C       IsZoomed
 0001:0004B580       Iterate
 0001:0004B5E0       IterateMenus
 0002:00000030       JITEnable
 0001:0005EB10       JSocket
 0002:00002840       Key
 0002:00003868       Key1
 0002:00001758       Key1
 0002:00002820       Key1
 0002:00002838       Key2
 0002:00001768       Key2
 0002:00003898       Key2
 0002:000038D0       Key3
 0002:00001780       Key3
 0001:00052A6C       KeyboardStateToShiftState
 0001:00052A30       KeyDataToShiftState
 0001:000529DC       KeysToShiftState
 0001:00005F64       KillTimer
 0001:00007E78       LastDelimiter
 0001:0000C010       LCIDToCodePage
 0001:0000537C       LCIDToCodePage
 0002:00000110       LeadBytes
 0001:00000370       LeaveCriticalSection
 0001:0000599C       LeaveCriticalSection
 0002:00000038       LibModuleList
 0002:0000419C       LiMarkerNames
 0001:00005B84       LineTo
 0001:0002AC84       ListActns
 0001:0003A3F4       ListAdd
 0001:0003A41C       ListRemove
 0002:0000574E       ListSeparator
 0001:00005F6C       LoadBitmap
 0001:00005F74       LoadCursor
 0001:00005F7C       LoadIcon
 0001:00005F84       LoadKeyboardLayout
 0001:000059A4       LoadLibrary
 0001:00000284       LoadLibraryEx
 0001:000059AC       LoadResource
 0001:00004A34       LoadResourceModule
 0001:00005324       LoadResString
 0001:0000028C       LoadString
 0001:00005F8C       LoadString
 0001:00005520       LocalAlloc
 0001:00000340       LocalAlloc
 0001:00000348       LocalFree
 0001:0000AAB0       LocalGetLocaleStr
 0002:00004914       LocationTypes
 0002:00005A40       Lock
 0001:000059B4       LockResource
 0002:00005690       LongDateFormat
 0002:00005724       LongDayNames
 0002:000056D8       LongMonthNames
 0002:000056A4       LongTimeFormat
 0001:00007438       LowerCase
 0001:000619B4       LRot32
 0001:00005A5C       lstrcpy
 0001:00000294       lstrcpyn
 0002:00005820       LVarTypes
 0002:00005824       LVarTypeSync
 0002:00005CFC       MachineName
 0001:0007BBDC       Main
 0002:0000502C       MainInstance
 0002:00005030       MainThreadID
 0001:00000404       MakeEmpty
 0001:00003248       MakeErrorMessage
 0002:00000C8C       MakeLast
 0001:0000614C       MakeLong
 0001:000061F8       MakeLParam
 0001:0001A50C       MakeObjectInstance
 0001:000061B8       MakeROP4
 0001:0007BF84       MakeScriptLoader
 0001:000061F0       MakeWParam
 0001:000660F8       make_crc_table
 0001:0000B584       MapException
 0001:0002ABF4       Mapi
 0002:000009E8       MAPIDLL
 0002:000009EC       MAPIModule
 0001:00002F30       MapToRunError
 0001:00005F94       MapVirtualKey
 0001:00005F9C       MapWindowPoints
 0001:00063F14       Mars
 0001:0005CEA4       Mask
 0002:00000CC4       Mask
 0001:00005B8C       MaskBlt
 0001:0005CE6C       MaskUtils
 0001:00021EEC       Math
 0001:00021EB4       Max
 0001:00055388       MaximizedChildren
 0001:00077970       MD5EncodeStr
 0001:0007773C       MD5Final
 0001:00077688       MD5Init
 0001:00077824       MD5Print
 0001:000777B0       MD5String
 0001:000776BC       MD5Update
 0002:00005D10       Memory
 0002:00004638       MemoryDeviceTypes
 0002:00004600       MemoryFormFactors
 0002:00000040       MemoryManager
 0002:000045A8       MemorySpeeds
 0002:000046AC       MemoryTypeDetails
 0002:00004680       MemoryTypes
 0002:00000CE0       MenuKeyCaps
 0001:0005081C       Menus
 0001:0000049C       MergeBlockAfter
 0001:00001178       MergeCommit
 0001:00005FA4       MessageBeep
 0001:00005FAC       MessageBox
 0001:0000022C       MessageBox
 0001:00006418       Messages
 0001:00013D90       Min
 0001:00021EAC       Min
 0001:0003DCA0       MinVar
 0001:0007678C       MiTeC_Datetime
 0001:0006830C       MiTeC_Native
 0001:00076470       MiTeC_NTDDK
 0001:00069480       MiTeC_Routines
 0001:00073034       MiTeC_StrUtils
 0001:00072FA0       MiTeC_WinIOCTL
 0002:00005928       MMAvailable
 0002:00000CA4       ModeMap
 0001:00057088       ModifySystemMenu
 0002:000000A8       Module
 0002:00005661       ModuleIsCpp
 0002:00005660       ModuleIsLib
 0001:0001A4DC       ModuleUnload
 0002:0000003C       ModuleUnloadList
 0002:00005904       MonitorFromPoint
 0002:00005900       MonitorFromRect
 0002:000058FC       MonitorFromWindow
 0002:000000E0       MonthDays
 0002:00005B10       Mouse
 0001:00001C58       Move
 0001:00005B94       MoveToEx
 0001:0003A43C       MoveWindowOrg
 0002:00005D60       MS
 0001:0006A0EC       MSI_Common
 0001:0007171C       MSI_CPU
 0001:00076754       MSI_Devices
 0001:00074734       MSI_DMA
 0001:00076D7C       MSI_Machine
 0001:00076438       MSI_SMBIOS
 0001:000746FC       MSI_Storage
 0001:000059BC       MulDiv
 0001:000002A4       MultiByteToWideChar
 0001:0005C79C       MultiLineWidth
 0001:00022A20       MultiMon
 0001:000692B8       MultiStrFromBuf
 0002:000043AC       N1
 0002:000043B4       N2
 0002:00005685       NegCurrFormat
 0001:00001204       NewCommit
 0001:00001230       NewCommitAt
 0002:000009D4       NewState
 0002:00005B14       NewStyleControls
 0001:0000BE48       NextCharIndex
 0001:000440EC       NextVisibleZone
 0002:00004384       NF
 0002:000003E4       NilMethod
 0002:00000034       NoErrMsg
 0001:0004C394       NormalDraw
 0002:000040EC       NOSTRING
 0001:00002AE8       NotifyAnyExcept
 0001:00002ABC       NotifyExcept
 0001:00002B1C       NotifyExceptFinally
 0001:000135F8       NotifyGlobalLoading
 0001:00004D70       NotifyModuleUnload
 0001:00002A98       NotifyNonDelphiException
 0001:00002AD4       NotifyOnExcept
 0001:00002A7C       NotifyReRaise
 0001:00002B44       NotifyTerminate
 0001:00002B60       NotifyUnhandled
 0001:000093C0       Now
 0002:000041CC       NTDLLHandle
 0001:0004F14C       NthParentOf
 0001:00010434       Null
 0002:00000320       NullAsStringValue
 0002:0000031C       NullStrictConvert
 0001:00038958       ObjectFromHWnd
 0002:00000AAC       OEMConverts
 0001:00005FB4       OemToAnsi
 0001:00005FBC       OffsetRect
 0002:000048F8       OnBoardDeviceTypes
 0002:00005978       OpenThemeData
 0002:00000C84       OrientArray
 0002:00005D00       OS
 0002:00005D0C       OSBuild
 0002:00005D04       OSMajorVersion
 0002:00005D08       OSMinorVersion
 0002:00005CDC       OSVersion
 0002:00005CE0       OSVersionEx
 0002:00003888       OutBlock1
 0002:000038C0       OutBlock2
 0002:00003900       OutBlock3
 0002:00002818       OutData1
 0002:00002830       OutData2
 0002:00000B20       OuterStyles
 0002:00000C50       OuterStyles
 0002:00005794       OutOfMemory
 0001:0001D730       OutOfResources
 0002:00005218       Output
 0002:00003D14       p
 0002:00000324       PackVarCreation
 0002:000049FC       PADDING
 0002:00000760       Pal16
 0001:0001BB48       PaletteChanged
 0001:0001DF28       PaletteFromDIBColorTable
[...]
    82 0001:00073926   114 0001:0007392F   115 0001:0007393E   118 0001:00073981
   129 0001:00073E4C   132 0001:00073EAB   133 0001:00073EB9   134 0001:00073EC0
   135 0001:00073ECE   137 0001:00073ED3   138 0001:00073F0A   139 0001:00073F18
   140 0001:00073F28   141 0001:00073F43   142 0001:00073F4E   143 0001:00073F66
   144 0001:00073F96   145 0001:00073FA0   146 0001:00073FAE   147 0001:00073FBC
   148 0001:00073FCA   149 0001:00073FD6   150 0001:00073FE3   151 0001:00073FF4
   152 0001:0007401A   155 0001:00074053   157 0001:00074064   158 0001:00074067
   160 0001:00074071   161 0001:00074084   163 0001:00074089   167 0001:000740D5
   168 0001:000740E3   169 0001:000740E5   170 0001:000740F5   171 0001:00074113
   172 0001:00074121   173 0001:0007412F   174 0001:0007413D   175 0001:00074149
   176 0001:0007414D   177 0001:00074169   178 0001:00074176   180 0001:00074187
   181 0001:000741A1   182 0001:000741C7   184 0001:000741F3   168 0001:000741F4
   186 0001:0007420A   188 0001:0007421B   189 0001:0007421E   192 0001:00074228
   194 0001:0007422D   195 0001:00074264   196 0001:00074272   197 0001:00074292
   198 0001:000742A2   199 0001:000742B0   200 0001:000742BE   201 0001:000742CC
   202 0001:000742D8   203 0001:000742DC   204 0001:00074302   207 0001:0007433B
   209 0001:0007434C   210 0001:0007434F   211 0001:00074359   213 0001:0007435E
   214 0001:00074395   215 0001:000743A3   216 0001:000743C3   217 0001:000743D3
   218 0001:000743E1   219 0001:000743EF   220 0001:000743FD   221 0001:00074409
   222 0001:0007440D   223 0001:00074433   226 0001:0007446C   228 0001:0007447D
   229 0001:00074480   231 0001:0007448F   233 0001:00074494   234 0001:000744B1
   235 0001:000744B9   236 0001:000744C9   237 0001:000744D7   238 0001:000744E5
   239 0001:000744F3   240 0001:000744FF   241 0001:0007450C   242 0001:00074532
   244 0001:0007455E   245 0001:00074561   249 0001:000745C6   252 0001:0007461C
   253 0001:0007461F   254 0001:00074627   258 0001:0007462C   259 0001:00074634
   262 0001:00074638   263 0001:00074641   264 0001:0007464D   265 0001:0007465D
   266 0001:00074677   269 0001:0007467C   270 0001:00074680   271 0001:00074686
   276 0001:00074688   277 0001:0007468D   278 0001:0007469D   277 0001:000746B6
   279 0001:000746B9   280 0001:000746C6   282 0001:000746FC   282 0001:00074703

Line numbers for MSI_DMA(MSI_DMA.pas) segment .text

   302 0001:00074734   302 0001:0007473B

Line numbers for MSI_SMBIOS(MSI_SMBIOS.pas) segment .text

  1582 0001:00076438  1582 0001:0007643F

Line numbers for MiTeC_NTDDK(MiTeC_NTDDK.pas) segment .text

   582 0001:00076470   582 0001:00076477

Line numbers for MSI_Devices(MSI_Devices.pas) segment .text

   745 0001:00076754   745 0001:0007675B

Line numbers for MiTeC_Datetime(MiTeC_Datetime.pas) segment .text

   277 0001:0007678C   277 0001:00076793

Line numbers for MSI_Machine(MSI_Machine.pas) segment .text

   181 0001:000768F8   182 0001:0007690A   183 0001:0007692E   196 0001:00076938
   199 0001:00076952   200 0001:00076960   201 0001:000769A1   202 0001:000769C6
   203 0001:000769EB   205 0001:000769F5   206 0001:00076A02   207 0001:00076A0F
   208 0001:00076A1C   212 0001:00076A4B   215 0001:00076ADC   218 0001:00076B06
   219 0001:00076B13   221 0001:00076B1F   222 0001:00076B51   223 0001:00076B83
   224 0001:00076BB5   226 0001:00076BE7   227 0001:00076BF3   230 0001:00076C2A
   233 0001:00076D40   234 0001:00076D44   235 0001:00076D4A   237 0001:00076D7C
   237 0001:00076D83

Line numbers for MD5EncodeStr(MD5EncodeStr.pas) segment .text

    33 0001:00076D84    34 0001:00076D8E    38 0001:00076D90    39 0001:00076D98
    43 0001:00076D9C    44 0001:00076DA2    48 0001:00076DA4    49 0001:00076DAC
    52 0001:00076DB0    53 0001:00076DB1    54 0001:00076DCC    57 0001:00076DD0
    58 0001:00076DDC    59 0001:00076DF0    60 0001:00076DFA    61 0001:00076DFC
    64 0001:00076E04    65 0001:00076E10    66 0001:00076E24    67 0001:00076E2E
    68 0001:00076E30    71 0001:00076E38    72 0001:00076E44    73 0001:00076E58
    74 0001:00076E62    75 0001:00076E64    78 0001:00076E6C    79 0001:00076E78
    80 0001:00076E8C    81 0001:00076E96    82 0001:00076E98    89 0001:00076EA0
    90 0001:00076EAB    91 0001:00076EAD    92 0001:00076EAF    93 0001:00076EB8
    94 0001:00076EC1    95 0001:00076EC3    96 0001:00076ECF    97 0001:00076ED1
    98 0001:00076EDD    99 0001:00076EDF   100 0001:00076EEB   101 0001:00076EED
    92 0001:00076EF0   103 0001:00076EF3   110 0001:00076EF8   111 0001:00076F03
   112 0001:00076F05   113 0001:00076F07   114 0001:00076F0D   115 0001:00076F18
   116 0001:00076F1A   117 0001:00076F28   118 0001:00076F2A   119 0001:00076F38
   120 0001:00076F3A   121 0001:00076F48   122 0001:00076F4A   113 0001:00076F4D
   124 0001:00076F50   130 0001:00076F58   131 0001:00076F76   132 0001:00076F87
   133 0001:00076F8F   134 0001:00076F98   135 0001:00076FA1   136 0001:00076FAB
   137 0001:00076FC6   138 0001:00076FE0   139 0001:00076FFB   140 0001:00077016
   141 0001:00077031   142 0001:0007704B   143 0001:00077066   144 0001:00077081
   145 0001:0007709C   146 0001:000770B6   147 0001:000770D1   148 0001:000770EC
   149 0001:00077107   150 0001:00077121   151 0001:0007713C   152 0001:00077157
   153 0001:00077172   154 0001:0007718C   155 0001:000771A7   156 0001:000771C2
   157 0001:000771DD   158 0001:000771F7   159 0001:00077212   160 0001:0007722D
   161 0001:00077248   162 0001:00077262   163 0001:0007727D   164 0001:00077298
   165 0001:000772B3   166 0001:000772CD   167 0001:000772E8   168 0001:00077303
   169 0001:0007731E   170 0001:00077338   171 0001:00077353   172 0001:0007736E
   173 0001:00077389   174 0001:000773A3   175 0001:000773BE   176 0001:000773D9
   177 0001:000773F4   178 0001:0007740E   179 0001:00077429   180 0001:00077444
   181 0001:0007745F   182 0001:00077479   183 0001:00077494   184 0001:000774AF
   185 0001:000774CA   186 0001:000774E4   187 0001:000774FF   188 0001:0007751A
   189 0001:00077535   190 0001:0007754F   191 0001:0007756A   192 0001:00077585
   193 0001:000775A0   194 0001:000775BA   195 0001:000775D5   196 0001:000775F0
   197 0001:0007760B   198 0001:00077625   199 0001:00077640   200 0001:0007765B
   201 0001:00077663   202 0001:0007766C   203 0001:00077675   204 0001:0007767F
   209 0001:00077688   210 0001:0007768E   211 0001:00077695   212 0001:0007769C
   213 0001:000776A3   214 0001:000776A8   215 0001:000776AD   217 0001:000776BA
   224 0001:000776BC   226 0001:000776C6   227 0001:000776CF   228 0001:000776D7
   229 0001:000776DF   231 0001:000776E7   232 0001:000776EE   233 0001:000776F2
   234 0001:000776FF   235 0001:00077709   237 0001:0007770B   238 0001:00077716
   236 0001:00077719   240 0001:00077720   241 0001:00077724   242 0001:00077726
   243 0001:00077737   250 0001:0007773C   251 0001:00077745   252 0001:00077754
   253 0001:0007775D   254 0001:00077776   255 0001:00077783   256 0001:00077791
   257 0001:0007779F   258 0001:000777AB   263 0001:000777B0   264 0001:000777D2
   265 0001:000777DA   266 0001:000777F6   267 0001:0007781D   303 0001:00077824
   304 0001:0007784E   305 0001:00077855   306 0001:000778C6   321 0001:000778D0
   322 0001:000778F7   323 0001:00077939   329 0001:00077970   329 0001:00077977

Line numbers for Main(Main.pas) segment .text

   139 0001:00077F80   140 0001:00077F9F   141 0001:00077FAE   142 0001:00077FBC
   143 0001:00077FC4   145 0001:00078012   147 0001:0007801F   148 0001:00078044
   153 0001:00078058   154 0001:0007807B   155 0001:0007808A   156 0001:00078098
   157 0001:000780A0   158 0001:000780AC   161 0001:000780D3   163 0001:000780E0
   164 0001:0007810B   173 0001:00078114   174 0001:00078120   175 0001:00078128
   176 0001:00078136   177 0001:0007814B   179 0001:00078150   181 0001:0007815A
   182 0001:00078169   183 0001:00078177   184 0001:00078183   186 0001:000781A0
   188 0001:000781AD   192 0001:000781C2   194 0001:000781D7   195 0001:000781E0
   196 0001:0007820A   200 0001:000782C8   209 0001:000782D0   210 0001:000782ED
   211 0001:00078301   212 0001:00078326   213 0001:00078332   214 0001:00078357
   215 0001:00078363   216 0001:000783B5   221 0001:000783EC   222 0001:00078415
   223 0001:0007844D   224 0001:0007849A   225 0001:000784EA   226 0001:0007853A
   227 0001:0007858C   228 0001:000785CB   229 0001:0007861D   230 0001:00078656
   235 0001:000786FC   236 0001:00078725   237 0001:0007875D   238 0001:00078785
   239 0001:000787B0   240 0001:000787DB   241 0001:00078809   242 0001:00078837
   243 0001:00078865   244 0001:0007888E   256 0001:00078934   257 0001:00078957
   258 0001:00078960   260 0001:00078968   262 0001:00078979   263 0001:000789A3
   264 0001:000789B3   265 0001:000789C2   266 0001:000789CD   267 0001:000789E8
   268 0001:00078A01   269 0001:00078A17   270 0001:00078A3E   271 0001:00078A65
   272 0001:00078A8C   273 0001:00078AA2   274 0001:00078AB8   275 0001:00078ACA
   276 0001:00078AD7   277 0001:00078AED   278 0001:00078B03   279 0001:00078B12
   266 0001:00078B15   280 0001:00078B1C   281 0001:00078B24   282 0001:00078B35
   284 0001:00078B7E   289 0001:00078B9C   290 0001:00078B9E   291 0001:00078BA7
   292 0001:00078BBB   293 0001:00078BD2   291 0001:00078BD3   294 0001:00078BD6
   296 0001:00078BE0   305 0001:00078BE4   306 0001:00078C01   307 0001:00078C0E
   308 0001:00078C1D   309 0001:00078C31   310 0001:00078C40   311 0001:00078C73
   312 0001:00078C7E   308 0001:00078C7F   313 0001:00078C82   314 0001:00078CAC
   315 0001:00078CBA   318 0001:00078CD4   319 0001:00078CD9   321 0001:00078D10
   324 0001:00078D3C   325 0001:00078D3F   326 0001:00078D49   327 0001:00078D56
   328 0001:00078D5D   365 0001:00078D60   366 0001:00078D83   367 0001:00078D91
   368 0001:00078DAD   369 0001:00078DC9   370 0001:00078DE5   371 0001:00078E01
   373 0001:00078E1D   374 0001:00078E25   375 0001:00078E43   376 0001:00078E48
   377 0001:00078E84   374 0001:00078E85   378 0001:00078E88   380 0001:00078E9A
   381 0001:00078EA0   382 0001:00078EB8   383 0001:00078EC9   385 0001:00078ECE
   386 0001:00078ED4   387 0001:00078EEC   388 0001:00078EFD   390 0001:00078F02
   391 0001:00078F08   392 0001:00078F20   393 0001:00078F31   395 0001:00078F36
   396 0001:00078F3C   397 0001:00078F54   398 0001:00078F65   400 0001:00078F6A
   401 0001:00078F70   402 0001:00078F88   403 0001:00078F99   406 0001:00078F9E
   408 0001:00078FAE   410 0001:00078FB5   411 0001:00078FC1   414 0001:00078FCF
   415 0001:00078FDC   416 0001:00078FE9   417 0001:00078FF6   418 0001:00079003
   419 0001:00079010   420 0001:0007901F   421 0001:0007902D   422 0001:0007904A
   424 0001:00079064   425 0001:0007907A   427 0001:0007908A   428 0001:00079097
   429 0001:000790A5   430 0001:000790B7   431 0001:000790C4   433 0001:000790E7
   436 0001:000790F7   437 0001:00079104   438 0001:00079112   439 0001:0007911E
   440 0001:0007912E   442 0001:0007914D   445 0001:0007915D   446 0001:0007916D
   447 0001:0007918B   448 0001:0007919F   454 0001:00079219   456 0001:00079226
   464 0001:000792B6   472 0001:00079347   480 0001:000793DF   481 0001:00079407
   482 0001:0007940F   484 0001:0007941C   485 0001:00079429   487 0001:00079436
   488 0001:00079444   489 0001:0007944E   490 0001:0007945C   491 0001:00079468
   492 0001:00079478   494 0001:00079497   497 0001:000794A7   498 0001:000794B5
   499 0001:000794C3   500 0001:000794E6   501 0001:0007950C   502 0001:00079532
   503 0001:0007955A   504 0001:0007956F   506 0001:00079597   507 0001:000795B1
   508 0001:000795C0   510 0001:000795F8   511 0001:00079608   512 0001:00079616
   513 0001:00079626   514 0001:00079642   516 0001:0007964F   517 0001:0007965C
   519 0001:00079669   521 0001:00079676   522 0001:00079683   523 0001:00079690
   524 0001:0007969D   525 0001:000796AA   526 0001:000796B7   527 0001:000796BF
   528 0001:000796D7   529 0001:000796E7   533 0001:00079700   534 0001:00079705
   535 0001:00079712   536 0001:0007971F   537 0001:0007972C   538 0001:00079739
   539 0001:00079746   540 0001:0007974E   541 0001:000797A9   546 0001:00079878
   547 0001:00079890   548 0001:0007989A   549 0001:000798B3   550 0001:000798E2
   554 0001:000798E8   555 0001:000798ED   577 0001:000798F0   578 0001:00079913
   579 0001:00079921   580 0001:00079934   581 0001:00079945   582 0001:00079957
   583 0001:00079973   584 0001:00079996   585 0001:000799AE   586 0001:000799BF
   589 0001:000799C4   590 0001:000799DE   593 0001:000799E5   594 0001:000799FF
   595 0001:00079A17   596 0001:00079A28   599 0001:00079A2D   601 0001:00079A3D
   603 0001:00079A44   604 0001:00079A50   607 0001:00079A5E   608 0001:00079A6B
   609 0001:00079A78   610 0001:00079A85   611 0001:00079A92   612 0001:00079A9F
   613 0001:00079AAE   614 0001:00079ABC   615 0001:00079AD9   617 0001:00079AF3
   618 0001:00079B09   620 0001:00079B19   621 0001:00079B26   622 0001:00079B34
   623 0001:00079B46   624 0001:00079B53   626 0001:00079B76   629 0001:00079B86
   630 0001:00079B93   631 0001:00079BA1   632 0001:00079BAD   633 0001:00079BBD
   635 0001:00079BDC   638 0001:00079BEC   639 0001:00079BFC   640 0001:00079C1A
   641 0001:00079C2E   647 0001:00079CA8   649 0001:00079CB4   657 0001:00079D32
   665 0001:00079DB1   673 0001:00079E32   681 0001:00079EB1   682 0001:00079EB7
   683 0001:00079EC0   685 0001:00079ECE   693 0001:00079F5A   694 0001:00079F60
   695 0001:00079F82   697 0001:00079FAE   699 0001:00079FBA   700 0001:00079FC7
   701 0001:00079FD4   702 0001:00079FE1   703 0001:00079FEE   704 0001:00079FFB
   706 0001:0007A003   707 0001:0007A013   711 0001:0007A02C   712 0001:0007A031
   713 0001:0007A03E   714 0001:0007A04B   715 0001:0007A058   716 0001:0007A065
   717 0001:0007A072   718 0001:0007A07A   719 0001:0007A0D3   725 0001:0007A168
   726 0001:0007A187   727 0001:0007A195   728 0001:0007A1A3   729 0001:0007A1BC
   730 0001:0007A1C4   731 0001:0007A1E4   730 0001:0007A214   733 0001:0007A217
   734 0001:0007A224   735 0001:0007A23C   736 0001:0007A24A   739 0001:0007A24C
   740 0001:0007A252   741 0001:0007A26A   742 0001:0007A278   744 0001:0007A27A
   745 0001:0007A2C2   751 0001:0007A310   752 0001:0007A332   753 0001:0007A37D
   754 0001:0007A3C8   755 0001:0007A413   757 0001:0007A45E   758 0001:0007A465
   759 0001:0007A485   760 0001:0007A4F7   761 0001:0007A4FC   758 0001:0007A4FD
   763 0001:0007A502   764 0001:0007A50C   765 0001:0007A51E   770 0001:0007A537
   771 0001:0007A582   772 0001:0007A59C   773 0001:0007A63C   781 0001:0007A66C
   782 0001:0007A68E   783 0001:0007A69C   784 0001:0007A6BB   785 0001:0007A6C8
   786 0001:0007A6D2   787 0001:0007A6DE   788 0001:0007A6F0   790 0001:0007A72C
   791 0001:0007A73B   792 0001:0007A759   793 0001:0007A76F   794 0001:0007A785
   795 0001:0007A79C   796 0001:0007A7B4   797 0001:0007A7D6   798 0001:0007A7F8
   799 0001:0007A81A   800 0001:0007A83C   801 0001:0007A85E   803 0001:0007A87C
   805 0001:0007A8D5   807 0001:0007A919   813 0001:0007A940   814 0001:0007A972
   815 0001:0007A983   816 0001:0007A990   817 0001:0007A9A4   818 0001:0007A9C2
   819 0001:0007A9DA   821 0001:0007A9DC   816 0001:0007A9DD   822 0001:0007A9E0
   823 0001:0007A9F2   824 0001:0007A9FD   826 0001:0007AA08   827 0001:0007AA19
   829 0001:0007AA32   830 0001:0007AA3A   837 0001:0007AA7C   842 0001:0007AABC
   843 0001:0007AAE6   844 0001:0007AAF3   845 0001:0007AB10   846 0001:0007AB33
   847 0001:0007AB51   848 0001:0007AB7A   849 0001:0007AB90   851 0001:0007AB92
   846 0001:0007AB93   852 0001:0007AB96   853 0001:0007ABAE   854 0001:0007ABBB
   855 0001:0007ABC3   856 0001:0007ABDB   858 0001:0007ABDD   844 0001:0007ABE0
   860 0001:0007AC0C   863 0001:0007AC30   870 0001:0007AC50   872 0001:0007AC6F
   876 0001:0007ACDE   880 0001:0007ACF0   884 0001:0007AD8C   892 0001:0007ADE4
   893 0001:0007AE0A   894 0001:0007AE15   896 0001:0007AE28   897 0001:0007AE37
   898 0001:0007AE4B   899 0001:0007AE64   895 0001:0007AE78   901 0001:0007AEAB
   908 0001:0007AEC0   909 0001:0007AF1C   910 0001:0007AF2A   911 0001:0007AF3D
   912 0001:0007AF47   913 0001:0007AF53   914 0001:0007AF65   915 0001:0007AF90
   916 0001:0007AF9F   917 0001:0007AFBD   918 0001:0007AFD3   919 0001:0007AFE9
   920 0001:0007B000   922 0001:0007B059   924 0001:0007B067   925 0001:0007B085
   927 0001:0007B0A3   928 0001:0007B0BD   929 0001:0007B0DF   930 0001:0007B101
   931 0001:0007B123   932 0001:0007B145   933 0001:0007B167   934 0001:0007B1AA
   939 0001:0007B1D4   940 0001:0007B1DA   941 0001:0007B1DF   942 0001:0007B1E8
   943 0001:0007B1FC   944 0001:0007B20C   945 0001:0007B21B   947 0001:0007B21D
   942 0001:0007B21E   949 0001:0007B224   954 0001:0007B22C   955 0001:0007B253
   956 0001:0007B258   957 0001:0007B261   958 0001:0007B275   959 0001:0007B293
   960 0001:0007B2A2   962 0001:0007B2A4   957 0001:0007B2A5   964 0001:0007B2D0
   967 0001:0007B2D8   968 0001:0007B2DB   969 0001:0007B2EA   970 0001:0007B2F4
   971 0001:0007B2FB   989 0001:0007B300   990 0001:0007B331   991 0001:0007B33C
   992 0001:0007B349   993 0001:0007B356   994 0001:0007B363   995 0001:0007B370
   996 0001:0007B37D   997 0001:0007B38C   998 0001:0007B39A   999 0001:0007B3B7
  1001 0001:0007B3D1  1002 0001:0007B3E7  1004 0001:0007B3F7  1005 0001:0007B404
  1006 0001:0007B412  1007 0001:0007B425  1008 0001:0007B437  1009 0001:0007B444
  1011 0001:0007B467  1014 0001:0007B477  1015 0001:0007B484  1016 0001:0007B492
  1017 0001:0007B49E  1018 0001:0007B4AE  1020 0001:0007B4CD  1023 0001:0007B4DD
  1024 0001:0007B4ED  1025 0001:0007B50B  1034 0001:0007B51F  1041 0001:0007B5A7
  1042 0001:0007B5B2  1043 0001:0007B5BF  1044 0001:0007B5CC  1045 0001:0007B5D9
  1046 0001:0007B5E6  1048 0001:0007B5F3  1049 0001:0007B602  1050 0001:0007B60A
  1052 0001:0007B612  1053 0001:0007B625  1054 0001:0007B638  1055 0001:0007B64B
  1056 0001:0007B65E  1058 0001:0007B671  1059 0001:0007B685  1060 0001:0007B68F
  1059 0001:0007B6A8  1062 0001:0007B6AB  1063 0001:0007B6BC  1064 0001:0007B6DA
  1065 0001:0007B6E7  1067 0001:0007B6EE  1068 0001:0007B705  1069 0001:0007B721
  1070 0001:0007B73D  1071 0001:0007B759  1072 0001:0007B775  1073 0001:0007B791
  1074 0001:0007B7A2  1075 0001:0007B7B3  1076 0001:0007B7C3  1078 0001:0007B7D3
  1079 0001:0007B7E3  1088 0001:0007B7FC  1089 0001:0007B801  1090 0001:0007B80E
  1091 0001:0007B81B  1092 0001:0007B828  1093 0001:0007B835  1094 0001:0007B842
  1095 0001:0007B84A  1096 0001:0007B880  1101 0001:0007B94C  1102 0001:0007B951
  1103 0001:0007B969  1104 0001:0007B970  1105 0001:0007B977  1107 0001:0007B97C
  1108 0001:0007B9AE  1111 0001:0007B9B4  1112 0001:0007B9D4  1114 0001:0007B9F7
  1115 0001:0007BA64  1118 0001:0007BA76  1119 0001:0007BA86  1122 0001:0007BA95
  1123 0001:0007BB02  1126 0001:0007BB3E  1128 0001:0007BBDC  1128 0001:0007BBE3

Line numbers for MakeScriptLoader(D:\Source\GameOfMir\Plug-In\ScriptLoader\MakeScriptLoader\MakeScriptLoader.dpr) segment .text

    11 0001:0007BF84    12 0001:0007BF94    13 0001:0007BFA0    14 0001:0007BFB8
    15 0001:0007BFC4

Bound resource files

c:\program files\borland\delphi7\Lib\Buttons.res
c:\program files\borland\delphi7\Lib\ExtDlgs.res
c:\program files\borland\delphi7\Lib\Controls.res
c:\program files\borland\delphi7\Lib\SPIN.RES
C:\Program Files\Raize\RC4\Lib\Delphi7\RzCommonCursors.res
C:\Program Files\Raize\RC4\Lib\Delphi7\RzCommonBitmaps.res
C:\Program Files\Raize\RC4\Lib\Delphi7\RzCmboBx.res
C:\Program Files\Raize\RC4\Lib\Delphi7\RzToolbarForm.DFM
C:\Program Files\Raize\RC4\Lib\Delphi7\RzBtnEdt.res
Main.dfm
Res\ScriptLoader.RES
MakeScriptLoader.res
MakeScriptLoader.drf


Program entry point at 0001:0007BF84
